02-16 15:17:30.841   792   812 V WindowManager: Sent Transition (#16) createdAt=02-16 15:17:30.784 via request=TransitionRequestInfo { type = CLOSE, triggerTask = null, pipChange = null, remoteTransition = RemoteTransition { remoteTransition = android.window.IRemoteTransition$Stub$Proxy@4976012, appThread = null, debugName = TaskFragmentComponent }, displayChange = null, requestedLocation = null, userChange = null, windowingLayerChange = null, flags = 0, debugId = 16 }
02-16 15:17:30.841   792   812 V WindowManager:     startWCT=WindowContainerTransaction { changes= {} hops= [] errorCallbackToken=null taskFragmentOrganizer=null }
02-16 15:17:30.841   792   812 V WindowManager:     info={id=16 t=CLOSE f=0x0 trk=2 r=[] c=[]}
02-16 15:17:30.842  1268  1291 V WindowManagerShell: onTransitionReady(transaction=3401614099441)
02-16 15:17:30.845  1268  1319 V WindowManagerShell: onTransitionReady (#16) android.os.BinderProxy@51b3183: {id=16 t=CLOSE f=0x0 trk=2 r=[] c=[]}
02-16 15:17:30.845  1268  1319 V WindowManagerShell: No transition roots in (#16) android.os.BinderProxy@51b3183@2 so abort
02-16 15:17:30.848  1268  1319 V WindowManagerShell: Transition animation finished (aborted=true), notifying core (#16) android.os.BinderProxy@51b3183@2
02-16 15:17:30.862   792   812 V WindowManager: Finish Transition (#16): created at 02-16 15:17:30.784 collect-started=12.367ms request-sent=39.9ms started=48.191ms ready=48.155ms sent=51.879ms commit=21.86ms finished=75.204ms
02-16 15:17:30.862  1268  1319 V WindowManagerShell: Track 2 became idle
02-16 15:17:30.862  1268  1319 V WindowManagerShell: All active transition animations finished
02-16 15:17:31.120   792   792 E DeviceConfig: Parsing int failed for location_mode
02-16 15:18:02.614   792   822 D OomAdjuster: Not killing cached processes
02-16 15:18:02.857   792   792 W Looper  : Slow delivery took 28063ms main app=system_server main=true group=FOREGROUND h=android.os.Handler c=ServiceConnector@143(Intent { act=android.permission.PermissionControllerService xflg=0x4 cmp=com.google.android.permissioncontroller/com.android.permissioncontroller.permission.service.PermissionControllerServiceImpl }, user: 0)[Unbinding...] m=0
02-16 15:18:02.929   792   792 W Looper  : Drained
02-16 15:18:03.188   792   792 W Looper  : Slow delivery took 243ms main app=system_server main=true group=FOREGROUND h=com.android.server.power.Notifier$NotifierHandler c=com.android.server.power.Notifier$$ExternalSyntheticLambda2@3821955 m=0
02-16 15:18:03.650   792  1250 W Looper  : Slow dispatch took 787ms android.perm app=system_server main=false group=FOREGROUND h=android.os.Handler c=com.android.internal.infra.ServiceConnector$Impl$$ExternalSyntheticLambda0@651a337 m=0
02-16 15:18:03.652   792   899 D ActivityManager: freezing 4000 com.google.android.gms.ui
02-16 15:18:03.653   792   899 D ActivityManager: freezing 4114 com.google.android.marvin.talkback
02-16 15:18:03.678   792  1225 D BackgroundInstallControlService: Package event received: 0
02-16 15:18:03.735   792   899 D ActivityManager: freezing 4104 com.google.android.healthconnect.controller
02-16 15:18:03.834   792   813 W Looper  : Slow dispatch took 960ms android.ui app=system_server main=false group=TOP_APP h=com.android.server.am.ActivityManagerService$UiHandler c=com.android.server.am.UidObserverController$$ExternalSyntheticLambda0@c2e73ee m=0
02-16 15:18:04.001   792   899 D ActivityManager: freezing 4115 com.google.android.inputmethod.latin
02-16 15:18:04.062   792   792 W Looper  : Slow dispatch took 408ms main app=system_server main=true group=FOREGROUND h=com.android.server.alarm.AlarmManagerService$AlarmHandler c=com.android.server.alarm.AlarmManagerService$2$$ExternalSyntheticLambda0@e428e09 m=0
02-16 15:18:04.170   792   792 W Looper  : Slow dispatch took 107ms main app=system_server main=true group=FOREGROUND h=android.app.ActivityThread$H c=android.app.AlarmManager$ListenerWrapper@d93680e m=0
02-16 15:18:04.242   792   792 W Looper  : Drained
02-16 15:18:04.465   792   792 W Looper  : Slow delivery took 223ms main app=system_server main=true group=FOREGROUND h=com.android.server.power.Notifier$NotifierHandler c=com.android.server.power.Notifier$$ExternalSyntheticLambda2@ad86ae6 m=0
02-16 15:18:04.483   792   899 D ActivityManager: freezing 2150 android.process.acore
02-16 15:18:04.517   792   899 D ActivityManager: freezing 4731 com.google.android.photopicker
02-16 15:18:04.722   792   792 W Looper  : Drained
02-16 15:18:04.939   792   792 W Looper  : Slow dispatch took 217ms main app=system_server main=true group=FOREGROUND h=com.android.server.power.Notifier$NotifierHandler c=com.android.server.power.Notifier$$ExternalSyntheticLambda2@1304f72 m=0
02-16 15:18:04.941   792   792 W Looper  : Slow delivery took 211ms main app=system_server main=true group=FOREGROUND h=android.app.ActivityThread$H c=null m=131
02-16 15:18:05.008   792   792 W Looper  : Drained
02-16 15:20:44.411   792   823 D ActivityManager: sync unfroze 5268 com.android.keychain for 10
02-16 15:20:44.413   792   823 D ActivityManager: sync unfroze 3453 com.android.dynsystem:dynsystem for 10
02-16 15:20:44.419   792   823 D ActivityManager: sync unfroze 3439 com.android.dynsystem for 10
02-16 15:20:44.499   792   792 D DevicePolicyManager: updateSystemUpdateFreezePeriodsRecord
02-16 15:20:44.627   792   823 D ActivityManager: sync unfroze 3956 com.google.android.apps.messaging for 3
02-16 15:20:44.773   792   792 W Looper  : Slow dispatch took 188ms main app=system_server main=true group=FOREGROUND h=com.android.server.alarm.AlarmManagerService$AlarmHandler c=android.app.ActivityManager$2$$ExternalSyntheticLambda0@a301104 m=0
02-16 15:20:44.950   792   891 D ActivityManager: sync unfroze 2603 com.google.android.dialer for 6
02-16 15:20:44.984   792   813 W Looper  : Slow dispatch took 548ms android.ui app=system_server main=false group=TOP_APP h=com.android.server.am.ActivityManagerService$UiHandler c=null m=68
02-16 15:20:44.985   792   813 W Looper  : Slow delivery took 559ms android.ui app=system_server main=false group=TOP_APP h=com.android.server.am.ActivityManagerService$UiHandler c=null m=68
02-16 15:20:45.022   792   823 D ActivityManager: sync unfroze 3965 com.google.android.apps.safetyhub for 3
02-16 15:20:45.110   792   823 D ActivityManager: sync unfroze 1938 com.google.android.apps.wellbeing for 3
02-16 15:20:45.127   792   813 W Looper  : Drained
02-16 15:20:45.316   792   823 W ProcessStats: Tracking association SourceState{6697f5f system/1000 ImpBg #8941} whose proc state 6 is better than process ProcessState{93371f2 com.google.android.dialer/10146 pkg=com.google.android.dialer} proc state 14 (110 skipped)
02-16 15:20:45.337   792   792 W Looper  : Slow dispatch took 116ms main app=system_server main=true group=FOREGROUND h=android.app.ActivityThread$H c=android.app.LoadedApk$ServiceDispatcher$RunConnection@1660eff m=0
02-16 15:20:45.474   792  2078 D ActivityManager: sync unfroze 2843 com.google.android.gms.unstable for 6
02-16 15:20:45.490   792   890 I UsageStatsService: User[0] Time changed in by 159 seconds
02-16 15:20:45.543   792   890 I UsageStatsService: User[0] Flushing usage stats to disk
02-16 15:20:45.607   792   823 D ActivityManager: sync unfroze 4000 com.google.android.gms.ui for 10
02-16 15:20:45.615   792   823 D ActivityManager: sync unfroze 4115 com.google.android.inputmethod.latin for 3
02-16 15:20:45.630   792   890 I UsageStatsDatabase: Time changed by +2m39s356ms. files deleted: 0 files moved: 4
02-16 15:20:45.634   792   890 V Configuration: Updating configuration, locales updated from [] to [en_US]
02-16 15:20:45.638   792   890 V Configuration: Updating configuration, locales updated from [] to [en_US]
02-16 15:20:45.638   792   890 V Configuration: Updating configuration, locales updated from [] to [en_US]
02-16 15:20:45.638   792   890 V Configuration: Updating configuration, locales updated from [] to [en_US]
02-16 15:20:45.638   792   890 V Configuration: Updating configuration, locales updated from [] to [en_US]
02-16 15:20:45.638   792   890 V Configuration: Updating configuration, locales updated from [] to [en_US]
02-16 15:20:45.643   792   890 V Configuration: Updating configuration, locales updated from [] to [en_US]
02-16 15:20:45.643   792   890 V Configuration: Updating configuration, locales updated from [] to [en_US]
02-16 15:20:45.643   792   890 V Configuration: Updating configuration, locales updated from [] to [en_US]
02-16 15:20:45.643   792   890 V Configuration: Updating configuration, locales updated from [] to [en_US]
02-16 15:20:45.643   792   890 V Configuration: Updating configuration, locales updated from [] to [en_US]
02-16 15:20:45.644   792   890 V Configuration: Updating configuration, locales updated from [] to [en_US]
02-16 15:20:45.645   792   890 V Configuration: Updating configuration, locales updated from [] to [en_US]
02-16 15:20:45.645   792   890 V Configuration: Updating configuration, locales updated from [] to [en_US]
02-16 15:20:45.645   792   890 V Configuration: Updating configuration, locales updated from [] to [en_US]
02-16 15:20:45.645   792   890 V Configuration: Updating configuration, locales updated from [] to [en_US]
02-16 15:20:45.655   792   890 V Configuration: Updating configuration, locales updated from [] to [en_US]
02-16 15:20:45.655   792   890 V Configuration: Updating configuration, locales updated from [] to [en_US]
02-16 15:20:45.655   792   890 V Configuration: Updating configuration, locales updated from [] to [en_US]
02-16 15:20:45.655   792   890 V Configuration: Updating configuration, locales updated from [] to [en_US]
02-16 15:20:45.655   792   890 V Configuration: Updating configuration, locales updated from [] to [en_US]
02-16 15:20:45.683   792   890 I UsageStatsService: User[0] Rollover scheduled @ 2026-02-17 15:16:39(1771321599243)
02-16 15:20:45.731   792  1225 D BackgroundInstallControlService: Package event received: 0
02-16 15:20:45.861   792   813 W Looper  : Slow dispatch took 128ms android.ui app=system_server main=false group=TOP_APP h=com.android.server.am.ActivityManagerService$UiHandler c=null m=68
02-16 15:20:45.992   792   823 D ActivityManager: sync unfroze 3742 com.google.android.tts for 3
02-16 15:20:46.063   792   813 W Looper  : Slow dispatch took 152ms android.ui app=system_server main=false group=TOP_APP h=com.android.server.am.ActivityManagerService$UiHandler c=null m=68
02-16 15:20:46.088  3742  3742 D ActivityThread: Package [com.android.vending] reported as REPLACED, but missing application info. Assuming REMOVED.
02-16 15:20:46.091  3742  3742 D ActivityThread: Package [com.android.vending] reported as REPLACED, but missing application info. Assuming REMOVED.
02-16 15:20:46.534   792  2122 I ActivityManager: Background started FGS: Allowed [callingPackage: com.google.android.apps.wellbeing; callingUid: 10159; uidState: RCVR; uidBFSL: n/a; intent: Intent { xflg=0x4 cmp=com.google.android.apps.wellbeing/com.google.apps.tiktok.concurrent.InternalForegroundService (has extras) }; code:BACKGROUND_ACTIVITY_PERMISSION; tempAllowListReason:<a9b4040 android.intent.action.TIME_SET/u-1,reasonCode:TIME_CHANGED,duration:20000,callingUid:1000>; allowWiu:58; targetSdkVersion:36; callerTargetSdkVersion:36; startForegroundCount:0; bindFromPackage:null: isBindService:false]
02-16 15:20:46.871   792  2191 W ForegroundServiceTypeLoggerModule: Foreground service start for UID: 10159 does not have any types
02-16 15:20:46.872   792  1225 D BackgroundInstallControlService: Package event received: 0
02-16 15:20:46.990   792   823 D OomAdjuster: Not killing cached processes
02-16 15:20:48.972   792  2122 D ActivityManager: sync unfroze 2150 android.process.acore for 7
02-16 15:20:50.455   792  1765 W ForegroundServiceTypeLoggerModule: FGS stop call for: 10159 has no types!
02-16 15:20:50.458   792  1225 D BackgroundInstallControlService: Package event received: 0
02-16 15:20:50.464   792  1225 D BackgroundInstallControlService: Package event received: 0
02-16 15:20:50.473   792  1225 D BackgroundInstallControlService: Package event received: 0
02-16 15:20:52.078   792  2187 D OomAdjuster: Not killing cached processes
02-16 15:20:57.164   792   879 D OomAdjuster: Not killing cached processes
02-16 15:20:57.360   792   899 D ActivityManager: freezing 5552 com.android.vending:quick_launch
02-16 15:21:02.948   792  2122 D OomAdjuster: Not killing cached processes
02-16 15:21:07.448   792   879 E SystemServiceRegistry: Manager wrapper not available: persistent_data_block
02-16 15:21:09.185   792   850 D OomAdjuster: Not killing cached processes
02-16 15:21:09.187   792   850 D ActivityManager: sync unfroze 5552 com.android.vending:quick_launch for 10
02-16 15:21:09.189   792   850 D ActivityManager: sync unfroze 5423 com.android.vending:instant_app_installer for 10
02-16 15:21:09.201   792   890 I UsageStatsService: Time changed in by 159 seconds
02-16 15:21:09.205   792  1225 D BackgroundInstallControlService: Package event received: 0
02-16 15:21:09.343   792   850 I PackageManager: Continuing with installation of file:///data/app/vmdl495849133.tmp
02-16 15:21:09.420   792   850 V Configuration: Updating configuration, locales updated from [] to [en_US]
02-16 15:21:09.791   792   850 V Configuration: Updating configuration, locales updated from [] to [en_US]
02-16 15:21:09.792   792   850 W PackageParsing: Unknown element under <manifest>: uses-sdk at /data/app/vmdl495849133.tmp/base.apk Binary XML file line #10
02-16 15:21:09.792   792   850 W PackageParsing: Unknown element under <manifest>: module at /data/app/vmdl495849133.tmp/base.apk Binary XML file line #14
02-16 15:21:09.793   792   850 V Configuration: Updating configuration, locales updated from [] to [en_US]
02-16 15:21:09.793   792   850 W PackageParsing: Unknown element under <manifest>: uses-sdk at /data/app/vmdl495849133.tmp/base.apk Binary XML file line #10
02-16 15:21:09.793   792   850 W PackageParsing: Unknown element under <manifest>: module at /data/app/vmdl495849133.tmp/base.apk Binary XML file line #14
02-16 15:21:09.793   792   850 W PackageParsing: Unknown element under <manifest>: permission at /data/app/vmdl495849133.tmp/base.apk Binary XML file line #24
02-16 15:21:09.794   792   850 V Configuration: Updating configuration, locales updated from [] to [en_US]
02-16 15:21:09.794   792   850 W PackageParsing: Unknown element under <manifest>: uses-sdk at /data/app/vmdl495849133.tmp/base.apk Binary XML file line #10
02-16 15:21:09.794   792   850 W PackageParsing: Unknown element under <manifest>: module at /data/app/vmdl495849133.tmp/base.apk Binary XML file line #14
02-16 15:21:09.794   792   850 W PackageParsing: Unknown element under <manifest>: permission at /data/app/vmdl495849133.tmp/base.apk Binary XML file line #24
02-16 15:21:09.795   792   850 V Configuration: Updating configuration, locales updated from [] to [en_US]
02-16 15:21:09.795   792   850 W PackageParsing: Unknown element under <manifest>: uses-sdk at /data/app/vmdl495849133.tmp/base.apk Binary XML file line #10
02-16 15:21:09.795   792   850 W PackageParsing: Unknown element under <manifest>: module at /data/app/vmdl495849133.tmp/base.apk Binary XML file line #14
02-16 15:21:09.795   792   850 W PackageParsing: Unknown element under <manifest>: permission at /data/app/vmdl495849133.tmp/base.apk Binary XML file line #24
02-16 15:21:09.796   792   850 V Configuration: Updating configuration, locales updated from [] to [en_US]
02-16 15:21:09.797   792   850 W PackageParsing: Unknown element under <manifest>: uses-sdk at /data/app/vmdl495849133.tmp/base.apk Binary XML file line #10
02-16 15:21:09.797   792   850 W PackageParsing: Unknown element under <manifest>: module at /data/app/vmdl495849133.tmp/base.apk Binary XML file line #14
02-16 15:21:09.797   792   850 W PackageParsing: Unknown element under <manifest>: uses-feature at /data/app/vmdl495849133.tmp/base.apk Binary XML file line #24
02-16 15:21:09.797   792   850 W PackageParsing: Unknown element under <manifest>: queries at /data/app/vmdl495849133.tmp/base.apk Binary XML file line #28
02-16 15:21:09.797   792   850 W PackageParsing: Unknown element under <manifest>: permission at /data/app/vmdl495849133.tmp/base.apk Binary XML file line #34
02-16 15:21:09.798   792   850 V Configuration: Updating configuration, locales updated from [] to [en_US]
02-16 15:21:09.799   792   850 W PackageParsing: Unknown element under <manifest>: uses-sdk at /data/app/vmdl495849133.tmp/base.apk Binary XML file line #10
02-16 15:21:09.799   792   850 W PackageParsing: Unknown element under <manifest>: module at /data/app/vmdl495849133.tmp/base.apk Binary XML file line #14
02-16 15:21:09.799   792   850 W PackageParsing: Unknown element under <manifest>: permission at /data/app/vmdl495849133.tmp/base.apk Binary XML file line #24
02-16 15:21:09.799   792   850 V Configuration: Updating configuration, locales updated from [] to [en_US]
02-16 15:21:09.799   792   850 W PackageParsing: Unknown element under <manifest>: uses-sdk at /data/app/vmdl495849133.tmp/base.apk Binary XML file line #10
02-16 15:21:09.799   792   850 W PackageParsing: Unknown element under <manifest>: module at /data/app/vmdl495849133.tmp/base.apk Binary XML file line #14
02-16 15:21:09.800   792   850 W PackageParsing: Unknown element under <manifest>: permission at /data/app/vmdl495849133.tmp/base.apk Binary XML file line #24
02-16 15:21:09.800   792   850 V Configuration: Updating configuration, locales updated from [] to [en_US]
02-16 15:21:09.800   792   850 W PackageParsing: Unknown element under <manifest>: uses-sdk at /data/app/vmdl495849133.tmp/base.apk Binary XML file line #10
02-16 15:21:09.800   792   850 W PackageParsing: Unknown element under <manifest>: module at /data/app/vmdl495849133.tmp/base.apk Binary XML file line #14
02-16 15:21:09.800   792   850 W PackageParsing: Unknown element under <manifest>: permission at /data/app/vmdl495849133.tmp/base.apk Binary XML file line #24
02-16 15:21:09.801   792   850 V Configuration: Updating configuration, locales updated from [] to [en_US]
02-16 15:21:09.801   792   850 W PackageParsing: Unknown element under <manifest>: uses-sdk at /data/app/vmdl495849133.tmp/base.apk Binary XML file line #3
02-16 15:21:09.801   792   850 W PackageParsing: Unknown element under <manifest>: module at /data/app/vmdl495849133.tmp/base.apk Binary XML file line #6
02-16 15:21:09.801   792   850 V Configuration: Updating configuration, locales updated from [] to [en_US]
02-16 15:21:09.802   792   850 W PackageParsing: Unknown element under <manifest>: uses-sdk at /data/app/vmdl495849133.tmp/base.apk Binary XML file line #0
02-16 15:21:09.803   792   850 V Configuration: Updating configuration, locales updated from [] to [en_US]
02-16 15:21:09.804   792   850 W PackageParsing: Unknown element under <manifest>: uses-sdk at /data/app/vmdl495849133.tmp/base.apk Binary XML file line #0
02-16 15:21:09.837   792   850 I PackageManager: Update system package com.google.android.gms code path from /product/priv-app/PrebuiltGmsCore to /data/app/vmdl495849133.tmp; Retain data and using new
02-16 15:21:09.841   792   850 W PackageManager: Package com.google.android.gms declares library com.google.android.gms that already exists; skipping
02-16 15:21:09.841   792   850 W PackageManager: Package com.google.android.gms declares library com.google.android.gms that already exists; skipping
02-16 15:21:14.798   792   899 D ActivityManager: freezing 5268 com.android.keychain
02-16 15:21:14.801   792   899 D ActivityManager: freezing 3453 com.android.dynsystem:dynsystem
02-16 15:21:14.803   792   899 D ActivityManager: freezing 3439 com.android.dynsystem
02-16 15:21:14.890   792   899 D ActivityManager: freezing 3956 com.google.android.apps.messaging
02-16 15:21:15.061   792   899 D ActivityManager: freezing 3965 com.google.android.apps.safetyhub
02-16 15:21:15.062   792   899 D ActivityManager: freezing 6105 com.google.android.apps.photos
02-16 15:21:15.156   792   823 D OomAdjuster: Not killing cached processes
02-16 15:21:15.387   792   899 D ActivityManager: freezing 2603 com.google.android.dialer
02-16 15:21:15.634   792   899 D ActivityManager: freezing 2843 com.google.android.gms.unstable
02-16 15:21:15.635   792   899 D ActivityManager: freezing 4000 com.google.android.gms.ui
02-16 15:21:15.635   792   899 D ActivityManager: freezing 4115 com.google.android.inputmethod.latin
02-16 15:21:15.976   792   899 D ActivityManager: freezing 5758 com.google.android.settings.intelligence
02-16 15:21:16.116   792   899 D ActivityManager: freezing 3742 com.google.android.tts
02-16 15:21:16.119   792   899 D ActivityManager: freezing 1269 com.google.android.permissioncontroller
02-16 15:21:17.056   792   899 D ActivityManager: freezing 1938 com.google.android.apps.wellbeing
02-16 15:21:25.177   792   899 D ActivityManager: freezing 2150 android.process.acore
02-16 15:21:26.218   792   891 D OomAdjuster: Not killing cached processes
02-16 15:21:28.099   792   814 D AppOpHistoryDbHelper: getRecentlyUsedPackageNames sql: SELECT DISTINCT package_name FROM app_op_accesses WHERE access_time + (CASE WHEN access_duration = -1 THEN 0 ELSE access_duration END) >= ?  AND access_time <= ?  AND (op_flags & ? ) != 0 AND op_code IN  ( 0, 1, 25, 26, 27, 120, 136, 149, 150, 152 )
02-16 15:21:28.101   792   814 D AppOpHistoryQueryHelper: No binding for In operator
02-16 15:21:28.105   792   814 D AppOpHistoryDbHelper: Read 0 packages from app_op_history_short_interval.db
02-16 15:21:28.106   792   814 D AppOpHistoryDbHelper: getRecentlyUsedPackageNames sql: SELECT DISTINCT package_name FROM app_op_accesses WHERE access_time + (CASE WHEN access_duration = -1 THEN 0 ELSE access_duration END) >= ?  AND access_time <= ?  AND (op_flags & ? ) != 0 AND op_code IN  ( 4, 5, 6, 7, 8, 9, 11, 13, 14, 16, 18, 19, 20, 21, 23, 24, 43, 51, 52, 53, 54, 56, 57, 59, 60, 61, 62, 65, 66, 68, 69, 74, 75, 77, 79, 80, 81, 83, 85, 90, 92, 93, 95, 103, 105, 107, 110, 111, 112, 114, 116, 123, 127, 131, 133, 139, 151, 153, 163, 164 )
02-16 15:21:28.136   792   814 D AppOpHistoryQueryHelper: No binding for In operator
02-16 15:21:28.136   792   814 D AppOpHistoryDbHelper: Read 0 packages from app_op_history_long_interval.db
02-16 15:21:28.442   792   823 I ActivityManager: Force stopping com.google.android.gms appid=10155 user=-1: installPackageLI
02-16 15:21:28.447   792   850 I PackageManager: installation completed for package:com.google.android.gms. Final code path: /data/app/~~FlnAK2G3FadcMWzSf_XMbw==/com.google.android.gms-FNxK1B8RgsXnfNzzNg8oeg==
02-16 15:21:28.475   792   823 I ActivityManager: Killing 3956:com.google.android.apps.messaging/u0a154 (adj 905): stop com.google.android.gms due to installPackageLI
02-16 15:21:28.478   792  2842 I HealthFirstGrantTimeMan: State for user: 0 has not been restored and validated.
02-16 15:21:28.481   792  2842 W GrantTimeSerializer: /data/system_ce/0/healthconnect/health-permissions-first-grant-times.xml not found
02-16 15:21:28.489   792   823 I ActivityManager: Killing 1697:com.google.android.gms.persistent/u0a155 (adj 100): stop com.google.android.gms due to installPackageLI
02-16 15:21:28.521   792  2842 W HealthFirstGrantTimeMan: No recorded grant time for package:com.google.android.gms. Assigning current time as the first grant time.
02-16 15:21:28.546   792   823 I ActivityManager: Killing 2843:com.google.android.gms.unstable/u0a155 (adj 905): stop com.google.android.gms due to installPackageLI
02-16 15:21:28.552   792   823 I ActivityManager: Killing 4000:com.google.android.gms.ui/u0a155 (adj 905): stop com.google.android.gms due to installPackageLI
02-16 15:21:28.559   792   813 W ActivityManager: pid 792 system sent binder code 1 with flags 1 and got error -32
02-16 15:21:28.561   792   823 I ActivityManager: Killing 1787:com.google.android.gms/u0a155 (adj 227): stop com.google.android.gms due to installPackageLI
02-16 15:21:28.571   792   823 I ActivityManager: Killing 3742:com.google.android.tts/u0a165 (adj 905): stop com.google.android.gms due to installPackageLI
02-16 15:21:28.602   792   850 I ActivityManager: Force stopping com.google.android.gms appid=10155 user=0: pkg removed
02-16 15:21:28.640   792  2169 V ActivityManager: Got obituary of 3956:com.google.android.apps.messaging
02-16 15:21:28.640   792   792 W Looper  : Slow dispatch took 116ms main app=system_server main=true group=FOREGROUND h=android.app.ActivityThread$H c=android.app.LoadedApk$ServiceDispatcher$RunConnection@bcd5b08 m=0
02-16 15:21:28.640   792  2180 V ActivityManager: Got obituary of 1697:com.google.android.gms.persistent
02-16 15:21:28.679   792  1222 D ShortcutService: received package broadcast intent: Intent { act=android.intent.action.PACKAGE_REMOVED dat=package: flg=0x4000010 (has extras) }
02-16 15:21:28.681   792  1184 E AppOps  : attributionTag VCN not declared in manifest of android
02-16 15:21:28.695   792  1168 I CredentialManager: CredentialManagerServiceImpl constructed for: com.google.android.gms/.auth.api.credentials.credman.service.PasswordAndPasskeyService
02-16 15:21:28.695   792  1168 I CredentialManager: newServiceInfoLocked, mInfo null, com.google.android.gms/com.google.android.gms.auth.api.credentials.credman.service.PasswordAndPasskeyService
02-16 15:21:28.711   792   807 V ActivityManager: Got obituary of 2843:com.google.android.gms.unstable
02-16 15:21:28.713   792   878 V ActivityManager: Got obituary of 4000:com.google.android.gms.ui
02-16 15:21:28.716   792  1243 V ActivityManager: Got obituary of 1787:com.google.android.gms
02-16 15:21:28.716   792  2100 V ActivityManager: Got obituary of 3742:com.google.android.tts
02-16 15:21:28.753   792  2100 W AppOpService: Ignored setUidMode call for runtime permission app op: uid = 10154, code = READ_CELL_BROADCASTS, mode = allow, callingUid = 1001, oldMode = allow
02-16 15:21:28.771   792   927 W PackageConfigPersister: App-specific configuration not found for packageName: com.google.android.gms and userId: 0
02-16 15:21:28.788   792   927 W PackageConfigPersister: App-specific configuration not found for packageName: com.google.android.gms and userId: 0
02-16 15:21:28.789   792   792 D ActivityManager: sync unfroze 5268 com.android.keychain for 10
02-16 15:21:28.790   792   792 D ActivityManager: sync unfroze 3453 com.android.dynsystem:dynsystem for 10
02-16 15:21:28.791   792   878 W AppOpService: Ignored setUidMode call for runtime permission app op: uid = 1001, code = READ_SMS, mode = allow, callingUid = 1001, oldMode = allow
02-16 15:21:28.792   792   878 W AppOpService: Ignored setUidMode call for runtime permission app op: uid = 1001, code = RECEIVE_SMS, mode = allow, callingUid = 1001, oldMode = allow
02-16 15:21:28.792   792   792 D ActivityManager: sync unfroze 3439 com.android.dynsystem for 10
02-16 15:21:28.792   792  2173 W AppOpService: Ignored setUidMode call for runtime permission app op: uid = 1001, code = RECEIVE_WAP_PUSH, mode = allow, callingUid = 1001, oldMode = allow
02-16 15:21:28.794   792  2173 W AppOpService: Ignored setUidMode call for runtime permission app op: uid = 1001, code = SEND_SMS, mode = allow, callingUid = 1001, oldMode = allow
02-16 15:21:28.796   792  2173 W AppOpService: Ignored setUidMode call for runtime permission app op: uid = 1001, code = READ_CELL_BROADCASTS, mode = allow, callingUid = 1001, oldMode = allow
02-16 15:21:28.807   792   823 D ActivityManager: sync unfroze 1269 com.google.android.permissioncontroller for 3
02-16 15:21:28.823  1531  1531 D ActivityThread: Package [com.google.android.gms] reported as REPLACED, but missing application info. Assuming REMOVED.
02-16 15:21:28.824  3167  3167 D ActivityThread: Package [com.google.android.gms] reported as REPLACED, but missing application info. Assuming REMOVED.
02-16 15:21:28.824  1984  1984 D ActivityThread: Package [com.google.android.gms] reported as REPLACED, but missing application info. Assuming REMOVED.
02-16 15:21:28.825  2376  2376 D ActivityThread: Package [com.google.android.gms] reported as REPLACED, but missing application info. Assuming REMOVED.
02-16 15:21:28.825  2001  2001 D ActivityThread: Package [com.google.android.gms] reported as REPLACED, but missing application info. Assuming REMOVED.
02-16 15:21:28.827  4919  4919 D ActivityThread: Package [com.google.android.gms] reported as REPLACED, but missing application info. Assuming REMOVED.
02-16 15:21:28.828  3520  3520 D ActivityThread: Package [com.google.android.gms] reported as REPLACED, but missing application info. Assuming REMOVED.
02-16 15:21:28.828  5552  5552 D ActivityThread: Package [com.google.android.gms] reported as REPLACED, but missing application info. Assuming REMOVED.
02-16 15:21:28.832  4422  4422 D ActivityThread: Package [com.google.android.gms] reported as REPLACED, but missing application info. Assuming REMOVED.
02-16 15:21:28.833  5423  5423 D ActivityThread: Package [com.google.android.gms] reported as REPLACED, but missing application info. Assuming REMOVED.
02-16 15:21:28.833  1998  1998 D ActivityThread: Package [com.google.android.gms] reported as REPLACED, but missing application info. Assuming REMOVED.
02-16 15:21:28.836  3453  3453 D ActivityThread: Package [com.google.android.gms] reported as REPLACED, but missing application info. Assuming REMOVED.
02-16 15:21:28.837  5268  5268 D ActivityThread: Package [com.google.android.gms] reported as REPLACED, but missing application info. Assuming REMOVED.
02-16 15:21:28.839  3439  3439 D ActivityThread: Package [com.google.android.gms] reported as REPLACED, but missing application info. Assuming REMOVED.
02-16 15:21:28.839  1268  1268 D ActivityThread: Package [com.google.android.gms] reported as REPLACED, but missing application info. Assuming REMOVED.
02-16 15:21:28.840  2045  2045 D ActivityThread: Package [com.google.android.gms] reported as REPLACED, but missing application info. Assuming REMOVED.
02-16 15:21:28.840  1441  1441 D ActivityThread: Package [com.google.android.gms] reported as REPLACED, but missing application info. Assuming REMOVED.
02-16 15:21:28.844  1384  1384 D ActivityThread: Package [com.google.android.gms] reported as REPLACED, but missing application info. Assuming REMOVED.
02-16 15:21:28.848   792  1350 W AppOpService: Ignored setUidMode call for runtime permission app op: uid = 10154, code = READ_CELL_BROADCASTS, mode = allow, callingUid = 1001, oldMode = allow
02-16 15:21:28.852   792  2180 D ActivityManager: sync unfroze 1938 com.google.android.apps.wellbeing for 7
02-16 15:21:28.856   792  1350 W AppOpService: Ignored setUidMode call for runtime permission app op: uid = 1001, code = READ_SMS, mode = allow, callingUid = 1001, oldMode = allow
02-16 15:21:28.857   792  1225 D BackgroundInstallControlService: Package event received: 0
02-16 15:21:28.862   792  1350 W AppOpService: Ignored setUidMode call for runtime permission app op: uid = 1001, code = RECEIVE_SMS, mode = allow, callingUid = 1001, oldMode = allow
02-16 15:21:28.863   792  1350 W AppOpService: Ignored setUidMode call for runtime permission app op: uid = 1001, code = RECEIVE_WAP_PUSH, mode = allow, callingUid = 1001, oldMode = allow
02-16 15:21:28.865   792  2180 W AppOpService: Ignored setUidMode call for runtime permission app op: uid = 1001, code = SEND_SMS, mode = allow, callingUid = 1001, oldMode = allow
02-16 15:21:28.867   792  2180 W AppOpService: Ignored setUidMode call for runtime permission app op: uid = 1001, code = READ_CELL_BROADCASTS, mode = allow, callingUid = 1001, oldMode = allow
02-16 15:21:28.868   792  1225 D BackgroundInstallControlService: Package event received: 0
02-16 15:21:28.871  1531  1531 D ActivityThread: Package [com.google.android.gms] reported as REPLACED, but missing application info. Assuming REMOVED.
02-16 15:21:28.871   792   792 W Looper  : Slow dispatch took 127ms main app=system_server main=true group=FOREGROUND h=android.app.ActivityThread$H c=android.app.LoadedApk$ReceiverDispatcher$Args$$ExternalSyntheticLambda0@4aafaea m=0
02-16 15:21:28.872  5552  5552 D ActivityThread: Package [com.google.android.gms] reported as REPLACED, but missing application info. Assuming REMOVED.
02-16 15:21:28.872   792   792 W Looper  : Slow delivery took 213ms main app=system_server main=true group=FOREGROUND h=android.app.ActivityThread$H c=android.app.LoadedApk$ReceiverDispatcher$Args$$ExternalSyntheticLambda0@3c51db m=0
02-16 15:21:28.873  4919  4919 D ActivityThread: Package [com.google.android.gms] reported as REPLACED, but missing application info. Assuming REMOVED.
02-16 15:21:28.874  3167  3167 D ActivityThread: Package [com.google.android.gms] reported as REPLACED, but missing application info. Assuming REMOVED.
02-16 15:21:28.876  3520  3520 D ActivityThread: Package [com.google.android.gms] reported as REPLACED, but missing application info. Assuming REMOVED.
02-16 15:21:28.880  1984  1984 D ActivityThread: Package [com.google.android.gms] reported as REPLACED, but missing application info. Assuming REMOVED.
02-16 15:21:28.881  2001  2001 D ActivityThread: Package [com.google.android.gms] reported as REPLACED, but missing application info. Assuming REMOVED.
02-16 15:21:28.881  5423  5423 D ActivityThread: Package [com.google.android.gms] reported as REPLACED, but missing application info. Assuming REMOVED.
02-16 15:21:28.881  1998  1998 D ActivityThread: Package [com.google.android.gms] reported as REPLACED, but missing application info. Assuming REMOVED.
02-16 15:21:28.883  4422  4422 D ActivityThread: Package [com.google.android.gms] reported as REPLACED, but missing application info. Assuming REMOVED.
02-16 15:21:28.891  3439  3439 D ActivityThread: Package [com.google.android.gms] reported as REPLACED, but missing application info. Assuming REMOVED.
02-16 15:21:28.891  3453  3453 D ActivityThread: Package [com.google.android.gms] reported as REPLACED, but missing application info. Assuming REMOVED.
02-16 15:21:28.893  1268  1268 D ActivityThread: Package [com.google.android.gms] reported as REPLACED, but missing application info. Assuming REMOVED.
02-16 15:21:28.893  1441  1441 D ActivityThread: Package [com.google.android.gms] reported as REPLACED, but missing application info. Assuming REMOVED.
02-16 15:21:28.894  2376  2376 D ActivityThread: Package [com.google.android.gms] reported as REPLACED, but missing application info. Assuming REMOVED.
02-16 15:21:28.895  1384  1384 D ActivityThread: Package [com.google.android.gms] reported as REPLACED, but missing application info. Assuming REMOVED.
02-16 15:21:28.895   792   792 I Telecom : CarModeTracker: Package com.google.android.gms is not tracked.: SSH.oR@AW0
02-16 15:21:28.895  2045  2045 D ActivityThread: Package [com.google.android.gms] reported as REPLACED, but missing application info. Assuming REMOVED.
02-16 15:21:28.896   792   792 I Telecom : InCallController: updateCarModeForConnections: car mode apps: : SSH.oR@AW0
02-16 15:21:28.897  1938  1938 D ActivityThread: Package [com.google.android.gms] reported as REPLACED, but missing application info. Assuming REMOVED.
02-16 15:21:28.897   792   792 I Telecom : InCallController: update carmode current:UserHandle{0} parent:null: SSH.oR@AW0
02-16 15:21:28.904  1938  1938 D ActivityThread: Package [com.google.android.gms] reported as REPLACED, but missing application info. Assuming REMOVED.
02-16 15:21:28.909   792  1243 W AppOpService: Ignored setUidMode call for runtime permission app op: uid = 10154, code = READ_CELL_BROADCASTS, mode = allow, callingUid = 1001, oldMode = allow
02-16 15:21:28.914   792   812 W Looper  : Slow dispatch took 156ms android.fg app=system_server main=false group=FOREGROUND h=android.os.Handler c=com.android.server.servicewatcher.ServiceWatcherImpl$$ExternalSyntheticLambda0@705c6c1 m=0
02-16 15:21:28.918  5268  5268 D ActivityThread: Package [com.google.android.gms] reported as REPLACED, but missing application info. Assuming REMOVED.
02-16 15:21:28.932   792   850 D PackageInstallerSession: Marking session 495849133 as applied
02-16 15:21:28.935   792  1243 W AppOpService: Ignored setUidMode call for runtime permission app op: uid = 1001, code = READ_SMS, mode = allow, callingUid = 1001, oldMode = allow
02-16 15:21:28.954  1269  1269 D ActivityThread: Package [com.google.android.gms] reported as REPLACED, but missing application info. Assuming REMOVED.
02-16 15:21:28.960   792   824 W ActivityManager: Slow operation: 53ms so far, now at startProcess: returned from zygote!
02-16 15:21:28.960  1269  1269 D ActivityThread: Package [com.google.android.gms] reported as REPLACED, but missing application info. Assuming REMOVED.
02-16 15:21:28.960   792   792 D ActivityThread: Package [com.google.android.gms] reported as REPLACED, but missing application info. Assuming REMOVED.
02-16 15:21:28.964   792   792 D ActivityThread: Package [com.google.android.gms] reported as REPLACED, but missing application info. Assuming REMOVED.
02-16 15:21:28.964   792   792 D AS.AudioService: received android.intent.action.PACKAGE_ADDED replacing: true archival: false for package com.google.android.gms with uid 10155
02-16 15:21:28.970   792  1243 W AppOpService: Ignored setUidMode call for runtime permission app op: uid = 1001, code = RECEIVE_SMS, mode = allow, callingUid = 1001, oldMode = allow
02-16 15:21:28.978   792  1225 D BackgroundInstallControlService: Package event received: 0
02-16 15:21:28.978   792  1243 W AppOpService: Ignored setUidMode call for runtime permission app op: uid = 1001, code = RECEIVE_WAP_PUSH, mode = allow, callingUid = 1001, oldMode = allow
02-16 15:21:28.979   792  1243 W AppOpService: Ignored setUidMode call for runtime permission app op: uid = 1001, code = SEND_SMS, mode = allow, callingUid = 1001, oldMode = allow
02-16 15:21:28.979   792  2180 W AppOpService: Ignored setUidMode call for runtime permission app op: uid = 1001, code = READ_CELL_BROADCASTS, mode = allow, callingUid = 1001, oldMode = allow
02-16 15:21:28.988   792   824 W ActivityManager: Slow operation: 81ms so far, now at startProcess: done updating battery stats
02-16 15:21:28.988   792   824 W ActivityManager: Slow operation: 81ms so far, now at startProcess: building log message
02-16 15:21:28.988   792   824 I ActivityManager: Start proc 6378:com.google.android.gms.persistent/u0a155 for service {com.google.android.gms/com.google.android.gms.location.gnssassistance.GnssAssistanceService}
02-16 15:21:28.988   792   824 W ActivityManager: Slow operation: 81ms so far, now at startProcess: starting to update pids map
02-16 15:21:28.988   792   824 W ActivityManager: Slow operation: 81ms so far, now at startProcess: done updating pids map
02-16 15:21:28.991   792  1225 D BackgroundInstallControlService: Package event received: 0
02-16 15:21:28.992   792  1225 D BackgroundInstallControlService: Package event received: 0
02-16 15:21:28.992   792  1225 D BackgroundInstallControlService: Package event received: 0
02-16 15:21:29.002   792   812 W Looper  : Slow delivery took 241ms android.fg app=system_server main=false group=FOREGROUND h=android.os.Handler c=com.android.server.am.SameProcessApplicationThread$$ExternalSyntheticLambda1@b4c5fa m=0
02-16 15:21:29.003   792  1222 D ShortcutService: received package broadcast intent: Intent { act=android.intent.action.PACKAGE_ADDED dat=package: flg=0x4000010 (has extras) }
02-16 15:21:29.006   792  1222 D ShortcutService: replacing package: com.google.android.gms userId=0
02-16 15:21:29.035  5322  5322 D ActivityThread: Package [com.google.android.gms] reported as REPLACED, but missing application info. Assuming REMOVED.
02-16 15:21:29.035   792  1225 D BackgroundInstallControlService: Package event received: 0
02-16 15:21:29.035   792  1225 D BackgroundInstallControlService: Package event received: 0
02-16 15:21:29.035   792  1225 D BackgroundInstallControlService: Package event received: 0
02-16 15:21:29.038  5322  5322 D ActivityThread: Package [com.google.android.gms] reported as REPLACED, but missing application info. Assuming REMOVED.
02-16 15:21:29.055   792  1225 D BackgroundInstallControlService: Package event received: 0
02-16 15:21:29.055   792  1225 D BackgroundInstallControlService: Package event received: 0
02-16 15:21:29.063   792  1225 D BackgroundInstallControlService: Package event received: 0
02-16 15:21:29.073   792  1225 D BackgroundInstallControlService: Package event received: 0
02-16 15:21:29.098   792  1225 D BackgroundInstallControlService: Package event received: 0
02-16 15:21:29.107   792   792 W Looper  : Slow dispatch took 141ms main app=system_server main=true group=FOREGROUND h=android.app.ActivityThread$H c=android.app.LoadedApk$ReceiverDispatcher$Args$$ExternalSyntheticLambda0@c643a1f m=0
02-16 15:21:29.136  1455  1455 D ActivityThread: Package [com.google.android.gms] reported as REPLACED, but missing application info. Assuming REMOVED.
02-16 15:21:29.142   792  1225 D BackgroundInstallControlService: Package event received: 0
02-16 15:21:29.143   792  1225 D BackgroundInstallControlService: Package event received: 0
02-16 15:21:29.144  1455  1455 D ActivityThread: Package [com.google.android.gms] reported as REPLACED, but missing application info. Assuming REMOVED.
02-16 15:21:29.168   792  1225 D BackgroundInstallControlService: Package event received: 0
02-16 15:21:29.186   792   792 I Telecom : PhoneAccountRegistrar: getSimCallManager: SimCallManager for subId 1 queried, returning: null: TSI.gSCMFU(a)@AXE
02-16 15:21:29.199   792  1225 D BackgroundInstallControlService: Package event received: 0
02-16 15:21:29.209   792  1225 D BackgroundInstallControlService: Package event received: 0
02-16 15:21:29.215   792  1225 D BackgroundInstallControlService: Package event received: 0
02-16 15:21:29.225   792  1225 D BackgroundInstallControlService: Package event received: 0
02-16 15:21:29.226   792  1225 D BackgroundInstallControlService: Package event received: 0
02-16 15:21:29.226   792  1225 D BackgroundInstallControlService: Package event received: 0
02-16 15:21:29.226   792  1225 D BackgroundInstallControlService: Package event received: 0
02-16 15:21:29.460   792  2180 W PackageManager: Cannot suspend package "com.android.dynsystem": has OP_SYSTEM_EXEMPT_FROM_SUSPENSION set
02-16 15:21:29.482  5276  5276 D ActivityThread: Package [com.google.android.gms] reported as REPLACED, but missing application info. Assuming REMOVED.
02-16 15:21:29.484  5276  5276 D ActivityThread: Package [com.google.android.gms] reported as REPLACED, but missing application info. Assuming REMOVED.
02-16 15:21:29.499   792   792 W Looper  : Slow dispatch took 298ms main app=system_server main=true group=FOREGROUND h=android.app.ActivityThread$H c=android.app.LoadedApk$ReceiverDispatcher$Args$$ExternalSyntheticLambda0@c1143f9 m=0
02-16 15:21:29.500   792   923 V AccessibilityUserState: updateShortcutTargets: type:accessibility_shortcut_target_service, current:{}, new:{}
02-16 15:21:29.502   792   923 V AccessibilityUserState: updateShortcutTargets: type:accessibility_qs_targets, current:{}, new:{}
02-16 15:21:29.508   792   923 V AccessibilityUserState: updateShortcutTargets: type:accessibility_button_targets, current:{}, new:{}
02-16 15:21:29.508   792   923 V AccessibilityUserState: updateShortcutTargets: type:accessibility_gesture_targets, current:{}, new:{}
02-16 15:21:29.508   792   923 V AccessibilityUserState: updateShortcutTargets: type:accessibility_key_gesture_targets, current:{}, new:{}
02-16 15:21:29.518   792  1225 D BackgroundInstallControlService: Package event received: 0
02-16 15:21:29.525   792   923 V AccessibilityManagerService: onUserStateChangedLocked for userId: 0, forceUpdate: false
02-16 15:21:29.528   792   824 I ActivityManager: Start proc 6400:com.google.android.gms/u0a155 for service {com.google.android.gms/com.google.android.gms.backup.component.D2dTransportService}
02-16 15:21:29.539   792   923 V AccessibilityUserState: updateShortcutTargets: type:accessibility_shortcut_target_service, current:{}, new:{}
02-16 15:21:29.539   792   923 V AccessibilityUserState: updateShortcutTargets: type:accessibility_button_targets, current:{}, new:{}
02-16 15:21:29.539   792   923 V AccessibilityUserState: updateShortcutTargets: type:accessibility_gesture_targets, current:{}, new:{}
02-16 15:21:29.539   792   923 V AccessibilityUserState: updateShortcutTargets: type:accessibility_qs_targets, current:{}, new:{}
02-16 15:21:29.539   792   923 V AccessibilityUserState: updateShortcutTargets: type:accessibility_key_gesture_targets, current:{}, new:{}
02-16 15:21:29.539   792   923 W MagnificationConnectionManager: requestConnection duplicated request: connect=false, mConnectionState=DISCONNECTED
02-16 15:21:29.540   792   923 V AccessibilityUserState: updateShortcutTargets: type:accessibility_button_targets, current:{}, new:{}
02-16 15:21:29.540   792   923 V AccessibilityUserState: updateShortcutTargets: type:accessibility_qs_targets, current:{}, new:{}
02-16 15:21:29.543   792   792 D AS.AudioService: received android.intent.action.PACKAGE_REPLACED replacing: true archival: false for package com.google.android.gms with uid 10155
02-16 15:21:29.567   792  2180 W PackageManager: Cannot suspend package "com.android.vending": required for package verification
02-16 15:21:29.599   792   923 V AccessibilityUserState: updateShortcutTargets: type:accessibility_shortcut_target_service, current:{}, new:{}
02-16 15:21:29.599   792   923 V AccessibilityUserState: updateShortcutTargets: type:accessibility_qs_targets, current:{}, new:{}
02-16 15:21:29.600   792   923 V AccessibilityUserState: updateShortcutTargets: type:accessibility_button_targets, current:{}, new:{}
02-16 15:21:29.600   792   923 V AccessibilityUserState: updateShortcutTargets: type:accessibility_gesture_targets, current:{}, new:{}
02-16 15:21:29.600   792  2180 W PackageManager: Cannot suspend package "android": has OP_SYSTEM_EXEMPT_FROM_SUSPENSION set
02-16 15:21:29.600   792   923 V AccessibilityUserState: updateShortcutTargets: type:accessibility_key_gesture_targets, current:{}, new:{}
02-16 15:21:29.601   792   923 V AccessibilityManagerService: onUserStateChangedLocked for userId: 0, forceUpdate: false
02-16 15:21:29.606   792   923 V AccessibilityUserState: updateShortcutTargets: type:accessibility_shortcut_target_service, current:{}, new:{}
02-16 15:21:29.615   792   923 V AccessibilityUserState: updateShortcutTargets: type:accessibility_button_targets, current:{}, new:{}
02-16 15:21:29.615   792   923 V AccessibilityUserState: updateShortcutTargets: type:accessibility_gesture_targets, current:{}, new:{}
02-16 15:21:29.615   792   923 V AccessibilityUserState: updateShortcutTargets: type:accessibility_qs_targets, current:{}, new:{}
02-16 15:21:29.615   792   923 V AccessibilityUserState: updateShortcutTargets: type:accessibility_key_gesture_targets, current:{}, new:{}
02-16 15:21:29.616   792   923 W MagnificationConnectionManager: requestConnection duplicated request: connect=false, mConnectionState=DISCONNECTED
02-16 15:21:29.616   792   792 W Looper  : Drained
02-16 15:21:29.642   792  2180 W PackageManager: Cannot suspend package "com.google.android.permissioncontroller": required for permissions management
02-16 15:21:29.648  6378  6378 V Configuration: Updating configuration, locales updated from [] to [en_US]
02-16 15:21:29.656   792  2180 W PackageManager: Cannot suspend package "com.android.providers.settings": has OP_SYSTEM_EXEMPT_FROM_SUSPENSION set
02-16 15:21:29.684   792  2169 E AppOps  : attributionTag VCN not declared in manifest of android
02-16 15:21:29.685   792  2180 W PackageManager: Cannot suspend package "com.android.inputdevices": has OP_SYSTEM_EXEMPT_FROM_SUSPENSION set
02-16 15:21:29.700   792  2180 W PackageManager: Cannot suspend package "com.google.android.dialer": is the default dialer
02-16 15:21:29.747   792  2180 W PackageManager: Cannot suspend package "com.android.server.telecom": has OP_SYSTEM_EXEMPT_FROM_SUSPENSION set
02-16 15:21:29.747   792  2180 W PackageManager: Cannot suspend package "com.android.keychain": has OP_SYSTEM_EXEMPT_FROM_SUSPENSION set
02-16 15:21:29.760   792  2180 W PackageManager: Cannot suspend package "com.google.android.packageinstaller": required for package installation
02-16 15:21:29.784   792  2180 W PackageManager: Cannot suspend package "com.android.localtransport": has OP_SYSTEM_EXEMPT_FROM_SUSPENSION set
02-16 15:21:29.784   792  2180 W PackageManager: Cannot suspend package "com.google.android.apps.nexuslauncher": contains the active launcher
02-16 15:21:29.788   792  2180 W PackageManager: Cannot suspend package "com.android.DeviceAsWebcam": has OP_SYSTEM_EXEMPT_FROM_SUSPENSION set
02-16 15:21:29.827   792  1225 D BackgroundInstallControlService: Package event received: 0
02-16 15:21:29.851   792  2180 W PackageManager: Cannot suspend package "com.android.emulator.multidisplay": has OP_SYSTEM_EXEMPT_FROM_SUSPENSION set
02-16 15:21:29.906   792  2180 W PackageManager: Cannot suspend package "com.android.settings": has OP_SYSTEM_EXEMPT_FROM_SUSPENSION set
02-16 15:21:29.948   792  2180 W PackageManager: Cannot suspend package "com.android.location.fused": has OP_SYSTEM_EXEMPT_FROM_SUSPENSION set
02-16 15:21:30.193   792  1225 D BackgroundInstallControlService: Package event received: 0
02-16 15:21:30.195   792   812 W Looper  : Drained
02-16 15:21:30.219   792  1225 D BackgroundInstallControlService: Package event received: 0
02-16 15:21:30.299   792   792 I TransportConnection: D2dTransportService#3: Notifying [TransportManager.registerTransport()] transport = BackupTransportClient
02-16 15:21:30.314   792  2022 D BackupTransportManager: [UserID:0] Transport com.google.android.gms/.backup.component.D2dTransportService registered
