02-16 15:15:12.432  1787  3031 W FileUtils: 	at com.google.android.gms.checkin.CheckinIntentOperation.onHandleIntent(:com.google.android.gms@253434038@25.34.34 (260800-800653487):30)
02-16 15:15:12.432  1787  3031 W FileUtils: 	at com.google.android.chimera.IntentOperation.onHandleIntent(:com.google.android.gms@253434038@25.34.34 (260800-800653487):2)
02-16 15:15:12.432  1787  3031 W FileUtils: 	at awci.onHandleIntent(:com.google.android.gms@253434038@25.34.34 (260800-800653487):8)
02-16 15:15:12.432  1787  3031 W FileUtils: 	at wzv.run(:com.google.android.gms@253434038@25.34.34 (260800-800653487):64)
02-16 15:15:12.432  1787  3031 W FileUtils: 	at wzu.run(:com.google.android.gms@253434038@25.34.34 (260800-800653487):132)
02-16 15:15:12.432  1787  3031 W FileUtils: 	at gdme.run(:com.google.android.gms@253434038@25.34.34 (260800-800653487):21)
02-16 15:15:12.432  1787  3031 W FileUtils: 	at java.util.concurrent.ThreadPoolExecutor.runWorker(ThreadPoolExecutor.java:1154)
02-16 15:15:12.432  1787  3031 W FileUtils: 	at java.util.concurrent.ThreadPoolExecutor$Worker.run(ThreadPoolExecutor.java:652)
02-16 15:15:12.432  1787  3031 W FileUtils: 	at java.lang.Thread.run(Thread.java:1563)
02-16 15:15:12.443   792   923 V AccessibilityUserState: updateShortcutTargets: type:accessibility_qs_targets, current:{}, new:{}
02-16 15:15:12.443   792   923 V AccessibilityUserState: updateShortcutTargets: type:accessibility_button_targets, current:{}, new:{}
02-16 15:15:12.443   792   923 V AccessibilityUserState: updateShortcutTargets: type:accessibility_gesture_targets, current:{}, new:{}
02-16 15:15:12.446   792   923 V AccessibilityUserState: updateShortcutTargets: type:accessibility_key_gesture_targets, current:{}, new:{}
02-16 15:15:12.447   792   923 V AccessibilityManagerService: onUserStateChangedLocked for userId: 0, forceUpdate: false
02-16 15:15:12.479   792   923 V AccessibilityUserState: updateShortcutTargets: type:accessibility_shortcut_target_service, current:{}, new:{}
02-16 15:15:12.479   792   923 V AccessibilityUserState: updateShortcutTargets: type:accessibility_button_targets, current:{}, new:{}
02-16 15:15:12.479   792   923 V AccessibilityUserState: updateShortcutTargets: type:accessibility_gesture_targets, current:{}, new:{}
02-16 15:15:12.484   792   923 V AccessibilityUserState: updateShortcutTargets: type:accessibility_qs_targets, current:{}, new:{}
02-16 15:15:12.487   792   923 V AccessibilityUserState: updateShortcutTargets: type:accessibility_key_gesture_targets, current:{}, new:{}
02-16 15:15:12.489   792   923 W MagnificationConnectionManager: requestConnection duplicated request: connect=false, mConnectionState=DISCONNECTED
02-16 15:15:12.582   792   923 V AccessibilityUserState: updateShortcutTargets: type:accessibility_shortcut_target_service, current:{}, new:{}
02-16 15:15:12.583   792   923 V AccessibilityUserState: updateShortcutTargets: type:accessibility_qs_targets, current:{}, new:{}
02-16 15:15:12.583   792   923 V AccessibilityUserState: updateShortcutTargets: type:accessibility_button_targets, current:{}, new:{}
02-16 15:15:12.583   792   923 V AccessibilityUserState: updateShortcutTargets: type:accessibility_gesture_targets, current:{}, new:{}
02-16 15:15:12.583   792   923 V AccessibilityUserState: updateShortcutTargets: type:accessibility_key_gesture_targets, current:{}, new:{}
02-16 15:15:12.584   792   923 V AccessibilityManagerService: onUserStateChangedLocked for userId: 0, forceUpdate: false
02-16 15:15:12.587   792   923 V AccessibilityUserState: updateShortcutTargets: type:accessibility_shortcut_target_service, current:{}, new:{}
02-16 15:15:12.587   792   923 V AccessibilityUserState: updateShortcutTargets: type:accessibility_button_targets, current:{}, new:{}
02-16 15:15:12.587   792   923 V AccessibilityUserState: updateShortcutTargets: type:accessibility_gesture_targets, current:{}, new:{}
02-16 15:15:12.587   792   923 V AccessibilityUserState: updateShortcutTargets: type:accessibility_qs_targets, current:{}, new:{}
02-16 15:15:12.587   792   923 V AccessibilityUserState: updateShortcutTargets: type:accessibility_key_gesture_targets, current:{}, new:{}
02-16 15:15:12.587   792   923 W MagnificationConnectionManager: requestConnection duplicated request: connect=false, mConnectionState=DISCONNECTED
02-16 15:15:12.615   792   899 D ActivityManager: freezing 3808 com.android.chrome
02-16 15:15:12.685   792  1525 I DeviceLockControllerConnectorImpl: Unbinding DeviceLockControllerService
02-16 15:15:12.723   792  1225 D BackgroundInstallControlService: Package event received: 0
02-16 15:15:12.735   792  1225 D BackgroundInstallControlService: Package event received: 0
02-16 15:15:12.735   792  1225 D BackgroundInstallControlService: Package event received: 0
02-16 15:15:12.735   792  1225 D BackgroundInstallControlService: Package event received: 0
02-16 15:15:12.758   792  1222 D ShortcutService: received package broadcast intent: Intent { act=android.intent.action.PACKAGE_CHANGED dat=package: flg=0x45000010 (has extras) }
02-16 15:15:12.759   792  1222 D ShortcutService: changing package: com.google.android.gms userId=0
02-16 15:15:12.774   792  1206 D AppWidgetServiceImpl: Trying to notify widget providers changed
02-16 15:15:12.843   792  1222 D ShortcutService: received package broadcast intent: Intent { act=android.intent.action.PACKAGE_CHANGED dat=package: flg=0x45000010 (has extras) }
02-16 15:15:12.843   792  1222 D ShortcutService: changing package: com.google.android.googlequicksearchbox userId=0
02-16 15:15:12.848   792  1487 W AppOpService: Ignored setUidMode call for runtime permission app op: uid = 10154, code = READ_CELL_BROADCASTS, mode = allow, callingUid = 1001, oldMode = allow
02-16 15:15:12.883   792  1222 D ShortcutService: received package broadcast intent: Intent { act=android.intent.action.PACKAGE_CHANGED dat=package: flg=0x45000010 (has extras) }
02-16 15:15:12.883   792  1222 D ShortcutService: changing package: com.google.android.gms userId=0
02-16 15:15:12.888   792  1222 D ShortcutService: received package broadcast intent: Intent { act=android.intent.action.PACKAGE_CHANGED dat=package: flg=0x45000010 (has extras) }
02-16 15:15:12.888   792  1222 D ShortcutService: changing package: com.google.android.gms userId=0
02-16 15:15:12.927   792  2175 W AppOpService: Ignored setUidMode call for runtime permission app op: uid = 1001, code = READ_SMS, mode = allow, callingUid = 1001, oldMode = allow
02-16 15:15:12.938   792  2175 W AppOpService: Ignored setUidMode call for runtime permission app op: uid = 1001, code = RECEIVE_SMS, mode = allow, callingUid = 1001, oldMode = allow
02-16 15:15:12.952   792  2078 W AppOpService: Ignored setUidMode call for runtime permission app op: uid = 1001, code = RECEIVE_WAP_PUSH, mode = allow, callingUid = 1001, oldMode = allow
02-16 15:15:12.958   792  2100 W AppOpService: Ignored setUidMode call for runtime permission app op: uid = 1001, code = SEND_SMS, mode = allow, callingUid = 1001, oldMode = allow
02-16 15:15:12.963   792  2100 W AppOpService: Ignored setUidMode call for runtime permission app op: uid = 1001, code = READ_CELL_BROADCASTS, mode = allow, callingUid = 1001, oldMode = allow
02-16 15:15:13.006   792   824 W ActivityManager: Slow operation: 203ms so far, now at startProcess: done updating battery stats
02-16 15:15:13.010   792   824 W ActivityManager: Slow operation: 207ms so far, now at startProcess: building log message
02-16 15:15:13.010   792   824 I ActivityManager: Start proc 4731:com.google.android.photopicker/u0a215 for broadcast {com.google.android.photopicker/com.android.photopicker.PhotopickerDeviceConfigReceiver}
02-16 15:15:13.010   792   824 W ActivityManager: Slow operation: 207ms so far, now at startProcess: starting to update pids map
02-16 15:15:13.011   792   824 W ActivityManager: Slow operation: 208ms so far, now at startProcess: done updating pids map
02-16 15:15:13.012   792   899 D ActivityManager: freezing 3837 com.google.android.partnersetup
02-16 15:15:13.124   792   792 W Looper  : Slow dispatch took 191ms main app=system_server main=true group=FOREGROUND h=android.app.ActivityThread$H c=android.app.LoadedApk$ReceiverDispatcher$Args$$ExternalSyntheticLambda0@e608fe7 m=0
02-16 15:15:13.127   792   792 W Looper  : Slow delivery took 338ms main app=system_server main=true group=FOREGROUND h=android.app.ActivityThread$H c=android.app.LoadedApk$ReceiverDispatcher$Args$$ExternalSyntheticLambda0@e9fd794 m=0
02-16 15:15:13.203   792  2187 W AppOpService: Ignored setUidMode call for runtime permission app op: uid = 10154, code = READ_CELL_BROADCASTS, mode = allow, callingUid = 1001, oldMode = allow
02-16 15:15:13.240   792  1486 W AppOpService: Ignored setUidMode call for runtime permission app op: uid = 1001, code = READ_SMS, mode = allow, callingUid = 1001, oldMode = allow
02-16 15:15:13.245   792  1486 W AppOpService: Ignored setUidMode call for runtime permission app op: uid = 1001, code = RECEIVE_SMS, mode = allow, callingUid = 1001, oldMode = allow
02-16 15:15:13.246   792   808 W AppOpService: Ignored setUidMode call for runtime permission app op: uid = 1001, code = RECEIVE_WAP_PUSH, mode = allow, callingUid = 1001, oldMode = allow
02-16 15:15:13.246   792  1674 W AppOpService: Ignored setUidMode call for runtime permission app op: uid = 10154, code = READ_CELL_BROADCASTS, mode = allow, callingUid = 1001, oldMode = allow
02-16 15:15:13.248   792   808 W AppOpService: Ignored setUidMode call for runtime permission app op: uid = 1001, code = SEND_SMS, mode = allow, callingUid = 1001, oldMode = allow
02-16 15:15:13.252   792   808 W AppOpService: Ignored setUidMode call for runtime permission app op: uid = 1001, code = READ_CELL_BROADCASTS, mode = allow, callingUid = 1001, oldMode = allow
02-16 15:15:13.280   792  1486 W AppOpService: Ignored setUidMode call for runtime permission app op: uid = 1001, code = READ_SMS, mode = allow, callingUid = 1001, oldMode = allow
02-16 15:15:13.284   792  1486 W AppOpService: Ignored setUidMode call for runtime permission app op: uid = 1001, code = RECEIVE_SMS, mode = allow, callingUid = 1001, oldMode = allow
02-16 15:15:13.298   792  1486 W AppOpService: Ignored setUidMode call for runtime permission app op: uid = 1001, code = RECEIVE_WAP_PUSH, mode = allow, callingUid = 1001, oldMode = allow
02-16 15:15:13.304   792  1486 W AppOpService: Ignored setUidMode call for runtime permission app op: uid = 1001, code = SEND_SMS, mode = allow, callingUid = 1001, oldMode = allow
02-16 15:15:13.305   792  1486 W AppOpService: Ignored setUidMode call for runtime permission app op: uid = 1001, code = READ_CELL_BROADCASTS, mode = allow, callingUid = 1001, oldMode = allow
02-16 15:15:13.379   792   879 W AppOpService: Ignored setUidMode call for runtime permission app op: uid = 10154, code = READ_CELL_BROADCASTS, mode = allow, callingUid = 1001, oldMode = allow
02-16 15:15:13.411   792   879 W AppOpService: Ignored setUidMode call for runtime permission app op: uid = 1001, code = READ_SMS, mode = allow, callingUid = 1001, oldMode = allow
02-16 15:15:13.416   792   879 W AppOpService: Ignored setUidMode call for runtime permission app op: uid = 1001, code = RECEIVE_SMS, mode = allow, callingUid = 1001, oldMode = allow
02-16 15:15:13.419   792  2175 W AppOpService: Ignored setUidMode call for runtime permission app op: uid = 1001, code = RECEIVE_WAP_PUSH, mode = allow, callingUid = 1001, oldMode = allow
02-16 15:15:13.419   792  1674 W AppOpService: Ignored setUidMode call for runtime permission app op: uid = 10154, code = READ_CELL_BROADCASTS, mode = allow, callingUid = 1001, oldMode = allow
02-16 15:15:13.420   792   879 W AppOpService: Ignored setUidMode call for runtime permission app op: uid = 1001, code = SEND_SMS, mode = allow, callingUid = 1001, oldMode = allow
02-16 15:15:13.421   792   879 W AppOpService: Ignored setUidMode call for runtime permission app op: uid = 1001, code = READ_CELL_BROADCASTS, mode = allow, callingUid = 1001, oldMode = allow
02-16 15:15:13.425   792  2078 W AppOpService: Ignored setUidMode call for runtime permission app op: uid = 1001, code = READ_SMS, mode = allow, callingUid = 1001, oldMode = allow
02-16 15:15:13.429   792  2078 W AppOpService: Ignored setUidMode call for runtime permission app op: uid = 1001, code = RECEIVE_SMS, mode = allow, callingUid = 1001, oldMode = allow
02-16 15:15:13.431   792  2078 W AppOpService: Ignored setUidMode call for runtime permission app op: uid = 1001, code = RECEIVE_WAP_PUSH, mode = allow, callingUid = 1001, oldMode = allow
02-16 15:15:13.433   792  2078 W AppOpService: Ignored setUidMode call for runtime permission app op: uid = 1001, code = SEND_SMS, mode = allow, callingUid = 1001, oldMode = allow
02-16 15:15:13.434   792  2078 W AppOpService: Ignored setUidMode call for runtime permission app op: uid = 1001, code = READ_CELL_BROADCASTS, mode = allow, callingUid = 1001, oldMode = allow
02-16 15:15:13.458   792   792 W Looper  : Slow dispatch took 229ms main app=system_server main=true group=FOREGROUND h=android.app.ActivityThread$H c=android.app.LoadedApk$ReceiverDispatcher$Args$$ExternalSyntheticLambda0@7ae3278 m=0
02-16 15:15:13.548   792  2175 W AppOpService: Ignored setUidMode call for runtime permission app op: uid = 10154, code = READ_CELL_BROADCASTS, mode = allow, callingUid = 1001, oldMode = allow
02-16 15:15:13.574   792   792 W Looper  : Drained
02-16 15:15:13.597   792  1225 D BackgroundInstallControlService: Package event received: 0
02-16 15:15:13.601   792  1225 D BackgroundInstallControlService: Package event received: 0
02-16 15:15:13.602   792  1225 D BackgroundInstallControlService: Package event received: 0
02-16 15:15:13.602   792  1225 D BackgroundInstallControlService: Package event received: 0
02-16 15:15:13.617   792  1222 D ShortcutService: received package broadcast intent: Intent { act=android.intent.action.PACKAGE_CHANGED dat=package: flg=0x45000010 (has extras) }
02-16 15:15:13.617   792  1222 D ShortcutService: changing package: com.android.vending userId=0
02-16 15:15:13.623   792  2167 W AppOpService: Ignored setUidMode call for runtime permission app op: uid = 1001, code = READ_SMS, mode = allow, callingUid = 1001, oldMode = allow
02-16 15:15:13.626   792  1765 W AppOpService: Ignored setUidMode call for runtime permission app op: uid = 1001, code = RECEIVE_SMS, mode = allow, callingUid = 1001, oldMode = allow
02-16 15:15:13.628   792  2100 W AppOpService: Ignored setUidMode call for runtime permission app op: uid = 1001, code = RECEIVE_WAP_PUSH, mode = allow, callingUid = 1001, oldMode = allow
02-16 15:15:13.630   792  2100 W AppOpService: Ignored setUidMode call for runtime permission app op: uid = 1001, code = SEND_SMS, mode = allow, callingUid = 1001, oldMode = allow
02-16 15:15:13.633   792  2100 W AppOpService: Ignored setUidMode call for runtime permission app op: uid = 1001, code = READ_CELL_BROADCASTS, mode = allow, callingUid = 1001, oldMode = allow
02-16 15:15:13.660   792   923 V AccessibilityUserState: updateShortcutTargets: type:accessibility_shortcut_target_service, current:{}, new:{}
02-16 15:15:13.660   792   923 V AccessibilityUserState: updateShortcutTargets: type:accessibility_qs_targets, current:{}, new:{}
02-16 15:15:13.660   792   923 V AccessibilityUserState: updateShortcutTargets: type:accessibility_button_targets, current:{}, new:{}
02-16 15:15:13.660   792   923 V AccessibilityUserState: updateShortcutTargets: type:accessibility_gesture_targets, current:{}, new:{}
02-16 15:15:13.660   792   923 V AccessibilityUserState: updateShortcutTargets: type:accessibility_key_gesture_targets, current:{}, new:{}
02-16 15:15:13.693   792   923 V AccessibilityManagerService: onUserStateChangedLocked for userId: 0, forceUpdate: false
02-16 15:15:13.693   792   923 V AccessibilityUserState: updateShortcutTargets: type:accessibility_shortcut_target_service, current:{}, new:{}
02-16 15:15:13.707   792   923 V AccessibilityUserState: updateShortcutTargets: type:accessibility_button_targets, current:{}, new:{}
02-16 15:15:13.707   792   923 V AccessibilityUserState: updateShortcutTargets: type:accessibility_gesture_targets, current:{}, new:{}
02-16 15:15:13.707   792   923 V AccessibilityUserState: updateShortcutTargets: type:accessibility_qs_targets, current:{}, new:{}
02-16 15:15:13.707   792   923 V AccessibilityUserState: updateShortcutTargets: type:accessibility_key_gesture_targets, current:{}, new:{}
02-16 15:15:13.707   792   923 W MagnificationConnectionManager: requestConnection duplicated request: connect=false, mConnectionState=DISCONNECTED
02-16 15:15:13.716   792   923 V AccessibilityUserState: updateShortcutTargets: type:accessibility_shortcut_target_service, current:{}, new:{}
02-16 15:15:13.717   792   923 V AccessibilityUserState: updateShortcutTargets: type:accessibility_qs_targets, current:{}, new:{}
02-16 15:15:13.717   792   923 V AccessibilityUserState: updateShortcutTargets: type:accessibility_button_targets, current:{}, new:{}
02-16 15:15:13.718   792   923 V AccessibilityUserState: updateShortcutTargets: type:accessibility_gesture_targets, current:{}, new:{}
02-16 15:15:13.719   792   923 V AccessibilityUserState: updateShortcutTargets: type:accessibility_key_gesture_targets, current:{}, new:{}
02-16 15:15:13.719   792   923 V AccessibilityManagerService: onUserStateChangedLocked for userId: 0, forceUpdate: false
02-16 15:15:13.720   792   923 V AccessibilityUserState: updateShortcutTargets: type:accessibility_shortcut_target_service, current:{}, new:{}
02-16 15:15:13.720   792   923 V AccessibilityUserState: updateShortcutTargets: type:accessibility_button_targets, current:{}, new:{}
02-16 15:15:13.720   792   923 V AccessibilityUserState: updateShortcutTargets: type:accessibility_gesture_targets, current:{}, new:{}
02-16 15:15:13.720   792   923 V AccessibilityUserState: updateShortcutTargets: type:accessibility_qs_targets, current:{}, new:{}
02-16 15:15:13.720   792   923 V AccessibilityUserState: updateShortcutTargets: type:accessibility_key_gesture_targets, current:{}, new:{}
02-16 15:15:13.721   792   923 W MagnificationConnectionManager: requestConnection duplicated request: connect=false, mConnectionState=DISCONNECTED
02-16 15:15:13.886   792  2175 W AppOpService: Ignored setUidMode call for runtime permission app op: uid = 10154, code = READ_CELL_BROADCASTS, mode = allow, callingUid = 1001, oldMode = allow
02-16 15:15:13.928   792   792 W Looper  : Slow dispatch took 153ms main app=system_server main=true group=FOREGROUND h=android.app.ActivityThread$H c=android.app.LoadedApk$ReceiverDispatcher$Args$$ExternalSyntheticLambda0@843ac2b m=0
02-16 15:15:13.943   792  1690 W AppOpService: Ignored setUidMode call for runtime permission app op: uid = 1001, code = READ_SMS, mode = allow, callingUid = 1001, oldMode = allow
02-16 15:15:13.948   792  2100 W AppOpService: Ignored setUidMode call for runtime permission app op: uid = 1001, code = RECEIVE_SMS, mode = allow, callingUid = 1001, oldMode = allow
02-16 15:15:13.955   792  1690 W AppOpService: Ignored setUidMode call for runtime permission app op: uid = 1001, code = RECEIVE_WAP_PUSH, mode = allow, callingUid = 1001, oldMode = allow
02-16 15:15:13.956   792  1690 W AppOpService: Ignored setUidMode call for runtime permission app op: uid = 1001, code = SEND_SMS, mode = allow, callingUid = 1001, oldMode = allow
02-16 15:15:13.956   792  1487 W AppOpService: Ignored setUidMode call for runtime permission app op: uid = 1001, code = READ_CELL_BROADCASTS, mode = allow, callingUid = 1001, oldMode = allow
02-16 15:15:13.997   792  1222 D ShortcutService: received package broadcast intent: Intent { act=android.intent.action.PACKAGE_CHANGED dat=package: flg=0x45000010 (has extras) }
02-16 15:15:13.997   792  1222 D ShortcutService: changing package: com.google.android.gms userId=0
02-16 15:15:14.026   792  1222 D ShortcutService: received package broadcast intent: Intent { act=android.intent.action.PACKAGE_CHANGED dat=package: flg=0x45000010 (has extras) }
02-16 15:15:14.027   792  1222 D ShortcutService: changing package: com.google.android.gms userId=0
02-16 15:15:14.087   792   808 W AppOpService: Ignored setUidMode call for runtime permission app op: uid = 10154, code = READ_CELL_BROADCASTS, mode = allow, callingUid = 1001, oldMode = allow
02-16 15:15:14.087   792   792 W Looper  : Slow delivery took 286ms main app=system_server main=true group=FOREGROUND h=android.app.ActivityThread$H c=android.app.LoadedApk$ReceiverDispatcher$Args$$ExternalSyntheticLambda0@c790d93 m=0
02-16 15:15:14.108   792  1487 W AppOpService: Ignored setUidMode call for runtime permission app op: uid = 10154, code = READ_CELL_BROADCASTS, mode = allow, callingUid = 1001, oldMode = allow
02-16 15:15:14.110   792   792 W Looper  : Drained
02-16 15:15:14.115  1787  4544 V Configuration: Updating configuration, locales updated from [] to [en_US]
02-16 15:15:14.120  1787  4544 V Configuration: Updating configuration, locales updated from [] to [en_US]
02-16 15:15:14.123   792  1486 W AppOpService: Ignored setUidMode call for runtime permission app op: uid = 1001, code = READ_SMS, mode = allow, callingUid = 1001, oldMode = allow
02-16 15:15:14.123  1787  4544 V Configuration: Updating configuration, locales updated from [] to [en_US]
02-16 15:15:14.124  1787  4544 V Configuration: Updating configuration, locales updated from [] to [en_US]
02-16 15:15:14.129   792  2078 W AppOpService: Ignored setUidMode call for runtime permission app op: uid = 1001, code = RECEIVE_SMS, mode = allow, callingUid = 1001, oldMode = allow
02-16 15:15:14.130   792  1674 W AppOpService: Ignored setUidMode call for runtime permission app op: uid = 1001, code = READ_SMS, mode = allow, callingUid = 1001, oldMode = allow
02-16 15:15:14.131   792  2078 W AppOpService: Ignored setUidMode call for runtime permission app op: uid = 1001, code = RECEIVE_WAP_PUSH, mode = allow, callingUid = 1001, oldMode = allow
02-16 15:15:14.131  1787  4544 V Configuration: Updating configuration, locales updated from [] to [en_US]
02-16 15:15:14.132   792   879 W AppOpService: Ignored setUidMode call for runtime permission app op: uid = 1001, code = RECEIVE_SMS, mode = allow, callingUid = 1001, oldMode = allow
02-16 15:15:14.133   792   879 W AppOpService: Ignored setUidMode call for runtime permission app op: uid = 1001, code = RECEIVE_WAP_PUSH, mode = allow, callingUid = 1001, oldMode = allow
02-16 15:15:14.133   792  2078 W AppOpService: Ignored setUidMode call for runtime permission app op: uid = 1001, code = SEND_SMS, mode = allow, callingUid = 1001, oldMode = allow
02-16 15:15:14.134   792  1486 W AppOpService: Ignored setUidMode call for runtime permission app op: uid = 1001, code = READ_CELL_BROADCASTS, mode = allow, callingUid = 1001, oldMode = allow
02-16 15:15:14.134   792  2180 W AppOpService: Ignored setUidMode call for runtime permission app op: uid = 1001, code = SEND_SMS, mode = allow, callingUid = 1001, oldMode = allow
02-16 15:15:14.139   792   879 W AppOpService: Ignored setUidMode call for runtime permission app op: uid = 1001, code = READ_CELL_BROADCASTS, mode = allow, callingUid = 1001, oldMode = allow
02-16 15:15:14.145  1787  4544 V Configuration: Updating configuration, locales updated from [] to [en_US]
02-16 15:15:14.163  1787  4544 V Configuration: Updating configuration, locales updated from [] to [en_US]
02-16 15:15:14.177  1787  4544 V Configuration: Updating configuration, locales updated from [] to [en_US]
02-16 15:15:14.242   792  2175 W AppOpService: Ignored setUidMode call for runtime permission app op: uid = 10154, code = READ_CELL_BROADCASTS, mode = allow, callingUid = 1001, oldMode = allow
02-16 15:15:14.266   792  2078 W AppOpService: Ignored setUidMode call for runtime permission app op: uid = 1001, code = READ_SMS, mode = allow, callingUid = 1001, oldMode = allow
02-16 15:15:14.279   792  2078 W AppOpService: Ignored setUidMode call for runtime permission app op: uid = 1001, code = RECEIVE_SMS, mode = allow, callingUid = 1001, oldMode = allow
02-16 15:15:14.280   792  2078 W AppOpService: Ignored setUidMode call for runtime permission app op: uid = 1001, code = RECEIVE_WAP_PUSH, mode = allow, callingUid = 1001, oldMode = allow
02-16 15:15:14.285   792  1690 W AppOpService: Ignored setUidMode call for runtime permission app op: uid = 1001, code = SEND_SMS, mode = allow, callingUid = 1001, oldMode = allow
02-16 15:15:14.295   792  1487 W AppOpService: Ignored setUidMode call for runtime permission app op: uid = 1001, code = READ_CELL_BROADCASTS, mode = allow, callingUid = 1001, oldMode = allow
02-16 15:15:14.357   792  1225 D BackgroundInstallControlService: Package event received: 0
02-16 15:15:14.485   792  1765 D OomAdjuster: Not killing cached processes
02-16 15:15:14.565  1787  4544 V Configuration: Updating configuration, locales updated from [] to [en_US]
02-16 15:15:14.568  1787  4544 V Configuration: Updating configuration, locales updated from [] to [en_US]
02-16 15:15:14.575  1787  4544 V Configuration: Updating configuration, locales updated from [] to [en_US]
02-16 15:15:14.581  1787  4544 V Configuration: Updating configuration, locales updated from [] to [en_US]
02-16 15:15:14.589  1787  4544 V Configuration: Updating configuration, locales updated from [] to [en_US]
02-16 15:15:14.599  1787  4544 V Configuration: Updating configuration, locales updated from [] to [en_US]
02-16 15:15:14.602  1787  4544 V Configuration: Updating configuration, locales updated from [] to [en_US]
02-16 15:15:14.606  1787  4544 V Configuration: Updating configuration, locales updated from [] to [en_US]
02-16 15:15:14.657   792   923 V AccessibilityUserState: updateShortcutTargets: type:accessibility_shortcut_target_service, current:{}, new:{}
02-16 15:15:14.657   792   923 V AccessibilityUserState: updateShortcutTargets: type:accessibility_qs_targets, current:{}, new:{}
02-16 15:15:14.657   792   923 V AccessibilityUserState: updateShortcutTargets: type:accessibility_button_targets, current:{}, new:{}
02-16 15:15:14.657   792   923 V AccessibilityUserState: updateShortcutTargets: type:accessibility_gesture_targets, current:{}, new:{}
02-16 15:15:14.657   792   923 V AccessibilityUserState: updateShortcutTargets: type:accessibility_key_gesture_targets, current:{}, new:{}
02-16 15:15:14.668   792   923 V AccessibilityManagerService: onUserStateChangedLocked for userId: 0, forceUpdate: false
02-16 15:15:14.669   792   923 V AccessibilityUserState: updateShortcutTargets: type:accessibility_shortcut_target_service, current:{}, new:{}
02-16 15:15:14.673   792   923 V AccessibilityUserState: updateShortcutTargets: type:accessibility_button_targets, current:{}, new:{}
02-16 15:15:14.673   792   923 V AccessibilityUserState: updateShortcutTargets: type:accessibility_gesture_targets, current:{}, new:{}
02-16 15:15:14.673   792   923 V AccessibilityUserState: updateShortcutTargets: type:accessibility_qs_targets, current:{}, new:{}
02-16 15:15:14.673   792   923 V AccessibilityUserState: updateShortcutTargets: type:accessibility_key_gesture_targets, current:{}, new:{}
02-16 15:15:14.674   792   923 W MagnificationConnectionManager: requestConnection duplicated request: connect=false, mConnectionState=DISCONNECTED
02-16 15:15:14.815   792  1222 D ShortcutService: received package broadcast intent: Intent { act=android.intent.action.PACKAGE_CHANGED dat=package: flg=0x45000010 (has extras) }
02-16 15:15:14.816   792  1222 D ShortcutService: changing package: com.google.android.gms userId=0
02-16 15:15:14.824   792  1222 D ShortcutService: received package broadcast intent: Intent { act=android.intent.action.PACKAGE_CHANGED dat=package: flg=0x45000010 (has extras) }
02-16 15:15:14.824   792  1222 D ShortcutService: changing package: com.google.android.gms userId=0
02-16 15:15:14.942   792   878 W AppOpService: Ignored setUidMode call for runtime permission app op: uid = 10154, code = READ_CELL_BROADCASTS, mode = allow, callingUid = 1001, oldMode = allow
02-16 15:15:15.051   792  2078 W AppOpService: Ignored setUidMode call for runtime permission app op: uid = 1001, code = READ_SMS, mode = allow, callingUid = 1001, oldMode = allow
02-16 15:15:15.088   792  2078 W AppOpService: Ignored setUidMode call for runtime permission app op: uid = 1001, code = RECEIVE_SMS, mode = allow, callingUid = 1001, oldMode = allow
02-16 15:15:15.088   792  2167 W AppOpService: Ignored setUidMode call for runtime permission app op: uid = 1001, code = RECEIVE_WAP_PUSH, mode = allow, callingUid = 1001, oldMode = allow
02-16 15:15:15.100   792  2167 W AppOpService: Ignored setUidMode call for runtime permission app op: uid = 1001, code = SEND_SMS, mode = allow, callingUid = 1001, oldMode = allow
02-16 15:15:15.109   792  2173 W AppOpService: Ignored setUidMode call for runtime permission app op: uid = 1001, code = READ_CELL_BROADCASTS, mode = allow, callingUid = 1001, oldMode = allow
02-16 15:15:15.143  1787  4544 V Configuration: Updating configuration, locales updated from [] to [en_US]
02-16 15:15:15.180  1787  4544 V Configuration: Updating configuration, locales updated from [] to [en_US]
02-16 15:15:15.232  1787  4544 V Configuration: Updating configuration, locales updated from [] to [en_US]
02-16 15:15:15.264  1787  4544 V Configuration: Updating configuration, locales updated from [] to [en_US]
02-16 15:15:15.277   792  1486 W AppOpService: Ignored setUidMode call for runtime permission app op: uid = 10154, code = READ_CELL_BROADCASTS, mode = allow, callingUid = 1001, oldMode = allow
02-16 15:15:15.280  1787  4544 V Configuration: Updating configuration, locales updated from [] to [en_US]
02-16 15:15:15.282   792  2078 W AppOpService: Ignored setUidMode call for runtime permission app op: uid = 1001, code = READ_SMS, mode = allow, callingUid = 1001, oldMode = allow
02-16 15:15:15.287   792  2167 W AppOpService: Ignored setUidMode call for runtime permission app op: uid = 1001, code = RECEIVE_SMS, mode = allow, callingUid = 1001, oldMode = allow
02-16 15:15:15.291   792   879 W AppOpService: Ignored setUidMode call for runtime permission app op: uid = 1001, code = RECEIVE_WAP_PUSH, mode = allow, callingUid = 1001, oldMode = allow
02-16 15:15:15.296   792   879 W AppOpService: Ignored setUidMode call for runtime permission app op: uid = 1001, code = SEND_SMS, mode = allow, callingUid = 1001, oldMode = allow
02-16 15:15:15.297  1787  4544 V Configuration: Updating configuration, locales updated from [] to [en_US]
02-16 15:15:15.297   792   879 W AppOpService: Ignored setUidMode call for runtime permission app op: uid = 1001, code = READ_CELL_BROADCASTS, mode = allow, callingUid = 1001, oldMode = allow
02-16 15:15:15.311  1787  4544 V Configuration: Updating configuration, locales updated from [] to [en_US]
02-16 15:15:15.321  1787  4544 V Configuration: Updating configuration, locales updated from [] to [en_US]
02-16 15:15:15.656   792  1225 D BackgroundInstallControlService: Package event received: 0
02-16 15:15:15.707   792  1222 D ShortcutService: received package broadcast intent: Intent { act=android.intent.action.PACKAGE_CHANGED dat=package: flg=0x45000010 (has extras) }
02-16 15:15:15.709   792  1222 D ShortcutService: changing package: com.google.android.gms userId=0
02-16 15:15:15.716   792   923 V AccessibilityUserState: updateShortcutTargets: type:accessibility_shortcut_target_service, current:{}, new:{}
02-16 15:15:15.716   792   923 V AccessibilityUserState: updateShortcutTargets: type:accessibility_qs_targets, current:{}, new:{}
02-16 15:15:15.716   792   923 V AccessibilityUserState: updateShortcutTargets: type:accessibility_button_targets, current:{}, new:{}
02-16 15:15:15.717   792   923 V AccessibilityUserState: updateShortcutTargets: type:accessibility_gesture_targets, current:{}, new:{}
02-16 15:15:15.717   792   923 V AccessibilityUserState: updateShortcutTargets: type:accessibility_key_gesture_targets, current:{}, new:{}
02-16 15:15:15.738   792   923 V AccessibilityManagerService: onUserStateChangedLocked for userId: 0, forceUpdate: false
02-16 15:15:15.747   792   923 V AccessibilityUserState: updateShortcutTargets: type:accessibility_shortcut_target_service, current:{}, new:{}
02-16 15:15:15.747   792   923 V AccessibilityUserState: updateShortcutTargets: type:accessibility_button_targets, current:{}, new:{}
02-16 15:15:15.747   792   923 V AccessibilityUserState: updateShortcutTargets: type:accessibility_gesture_targets, current:{}, new:{}
02-16 15:15:15.748   792   923 V AccessibilityUserState: updateShortcutTargets: type:accessibility_qs_targets, current:{}, new:{}
02-16 15:15:15.748   792   923 V AccessibilityUserState: updateShortcutTargets: type:accessibility_key_gesture_targets, current:{}, new:{}
02-16 15:15:15.748   792   923 W MagnificationConnectionManager: requestConnection duplicated request: connect=false, mConnectionState=DISCONNECTED
02-16 15:15:15.784   792  1225 D BackgroundInstallControlService: Package event received: 0
02-16 15:15:15.808   792  1225 D BackgroundInstallControlService: Package event received: 0
02-16 15:15:15.916   792  1225 D BackgroundInstallControlService: Package event received: 0
02-16 15:15:16.091   792  1225 D BackgroundInstallControlService: Package event received: 0
02-16 15:15:16.280   792  1225 D BackgroundInstallControlService: Package event received: 0
02-16 15:15:16.291   792  1225 D BackgroundInstallControlService: Package event received: 0
02-16 15:15:16.299   792  1225 D BackgroundInstallControlService: Package event received: 0
02-16 15:15:16.616   792  1225 D BackgroundInstallControlService: Package event received: 0
02-16 15:15:16.702   792  1225 D BackgroundInstallControlService: Package event received: 0
02-16 15:15:16.707   792  1225 D BackgroundInstallControlService: Package event received: 0
02-16 15:15:16.800   792  1225 D BackgroundInstallControlService: Package event received: 0
02-16 15:15:16.807   792  1225 D BackgroundInstallControlService: Package event received: 0
02-16 15:15:16.922   792   923 V AccessibilityUserState: updateShortcutTargets: type:accessibility_shortcut_target_service, current:{}, new:{}
02-16 15:15:16.923   792   923 V AccessibilityUserState: updateShortcutTargets: type:accessibility_qs_targets, current:{}, new:{}
02-16 15:15:16.923   792   923 V AccessibilityUserState: updateShortcutTargets: type:accessibility_button_targets, current:{}, new:{}
02-16 15:15:16.923   792   923 V AccessibilityUserState: updateShortcutTargets: type:accessibility_gesture_targets, current:{}, new:{}
02-16 15:15:16.923   792   923 V AccessibilityUserState: updateShortcutTargets: type:accessibility_key_gesture_targets, current:{}, new:{}
02-16 15:15:16.923   792   923 V AccessibilityManagerService: onUserStateChangedLocked for userId: 0, forceUpdate: false
02-16 15:15:16.930   792   923 V AccessibilityUserState: updateShortcutTargets: type:accessibility_shortcut_target_service, current:{}, new:{}
02-16 15:15:16.930   792   923 V AccessibilityUserState: updateShortcutTargets: type:accessibility_button_targets, current:{}, new:{}
02-16 15:15:16.930   792   923 V AccessibilityUserState: updateShortcutTargets: type:accessibility_gesture_targets, current:{}, new:{}
02-16 15:15:16.930   792   923 V AccessibilityUserState: updateShortcutTargets: type:accessibility_qs_targets, current:{}, new:{}
02-16 15:15:16.930   792   923 V AccessibilityUserState: updateShortcutTargets: type:accessibility_key_gesture_targets, current:{}, new:{}
02-16 15:15:16.931   792   923 W MagnificationConnectionManager: requestConnection duplicated request: connect=false, mConnectionState=DISCONNECTED
02-16 15:15:17.056   792  1222 D ShortcutService: received package broadcast intent: Intent { act=android.intent.action.PACKAGE_CHANGED dat=package: flg=0x45000010 (has extras) }
02-16 15:15:17.056   792  1222 D ShortcutService: changing package: com.google.android.gms userId=0
02-16 15:15:17.131   792  2078 W AppOpService: Ignored setUidMode call for runtime permission app op: uid = 10154, code = READ_CELL_BROADCASTS, mode = allow, callingUid = 1001, oldMode = allow
02-16 15:15:17.132   792  1222 D ShortcutService: received package broadcast intent: Intent { act=android.intent.action.PACKAGE_CHANGED dat=package: flg=0x45000010 (has extras) }
02-16 15:15:17.132   792  1222 D ShortcutService: changing package: com.google.android.gms userId=0
02-16 15:15:17.208   792  1765 W AppOpService: Ignored setUidMode call for runtime permission app op: uid = 1001, code = READ_SMS, mode = allow, callingUid = 1001, oldMode = allow
02-16 15:15:17.216   792  2173 W AppOpService: Ignored setUidMode call for runtime permission app op: uid = 1001, code = RECEIVE_SMS, mode = allow, callingUid = 1001, oldMode = allow
02-16 15:15:17.228   792  2169 W AppOpService: Ignored setUidMode call for runtime permission app op: uid = 1001, code = RECEIVE_WAP_PUSH, mode = allow, callingUid = 1001, oldMode = allow
02-16 15:15:17.239   792  2173 W AppOpService: Ignored setUidMode call for runtime permission app op: uid = 1001, code = SEND_SMS, mode = allow, callingUid = 1001, oldMode = allow
02-16 15:15:17.244   792  2173 W AppOpService: Ignored setUidMode call for runtime permission app op: uid = 1001, code = READ_CELL_BROADCASTS, mode = allow, callingUid = 1001, oldMode = allow
02-16 15:15:17.410   792  1765 W AppOpService: Ignored setUidMode call for runtime permission app op: uid = 10154, code = READ_CELL_BROADCASTS, mode = allow, callingUid = 1001, oldMode = allow
02-16 15:15:17.542   792  1225 D BackgroundInstallControlService: Package event received: 0
02-16 15:15:17.544   792  1243 W AppOpService: Ignored setUidMode call for runtime permission app op: uid = 1001, code = READ_SMS, mode = allow, callingUid = 1001, oldMode = allow
02-16 15:15:17.547   792  1225 D BackgroundInstallControlService: Package event received: 0
02-16 15:15:17.554   792   899 D ActivityManager: freezing 2603 com.google.android.dialer
02-16 15:15:17.595   792  2175 W AppOpService: Ignored setUidMode call for runtime permission app op: uid = 1001, code = RECEIVE_SMS, mode = allow, callingUid = 1001, oldMode = allow
02-16 15:15:17.616   792  1674 W AppOpService: Ignored setUidMode call for runtime permission app op: uid = 1001, code = RECEIVE_WAP_PUSH, mode = allow, callingUid = 1001, oldMode = allow
02-16 15:15:17.635   792  1243 W AppOpService: Ignored setUidMode call for runtime permission app op: uid = 1001, code = SEND_SMS, mode = allow, callingUid = 1001, oldMode = allow
02-16 15:15:17.646   792   808 W AppOpService: Ignored setUidMode call for runtime permission app op: uid = 1001, code = READ_CELL_BROADCASTS, mode = allow, callingUid = 1001, oldMode = allow
02-16 15:15:17.712   792   899 D ActivityManager: freezing 1938 com.google.android.apps.wellbeing
02-16 15:15:17.721   792   899 D ActivityManager: freezing 3952 com.google.android.accessibility.switchaccess
02-16 15:15:17.723   792   899 D ActivityManager: freezing 1649 com.google.android.cellbroadcastreceiver
02-16 15:15:18.039   792   923 V AccessibilityUserState: updateShortcutTargets: type:accessibility_shortcut_target_service, current:{}, new:{}
02-16 15:15:18.040   792   923 V AccessibilityUserState: updateShortcutTargets: type:accessibility_qs_targets, current:{}, new:{}
02-16 15:15:18.040   792   923 V AccessibilityUserState: updateShortcutTargets: type:accessibility_button_targets, current:{}, new:{}
02-16 15:15:18.040   792   923 V AccessibilityUserState: updateShortcutTargets: type:accessibility_gesture_targets, current:{}, new:{}
02-16 15:15:18.040   792   923 V AccessibilityUserState: updateShortcutTargets: type:accessibility_key_gesture_targets, current:{}, new:{}
02-16 15:15:18.040   792   923 V AccessibilityManagerService: onUserStateChangedLocked for userId: 0, forceUpdate: false
02-16 15:15:18.042   792   923 V AccessibilityUserState: updateShortcutTargets: type:accessibility_shortcut_target_service, current:{}, new:{}
02-16 15:15:18.043   792   923 V AccessibilityUserState: updateShortcutTargets: type:accessibility_button_targets, current:{}, new:{}
02-16 15:15:18.043   792   923 V AccessibilityUserState: updateShortcutTargets: type:accessibility_gesture_targets, current:{}, new:{}
02-16 15:15:18.043   792   923 V AccessibilityUserState: updateShortcutTargets: type:accessibility_qs_targets, current:{}, new:{}
02-16 15:15:18.052   792   923 V AccessibilityUserState: updateShortcutTargets: type:accessibility_key_gesture_targets, current:{}, new:{}
02-16 15:15:18.053   792   923 W MagnificationConnectionManager: requestConnection duplicated request: connect=false, mConnectionState=DISCONNECTED
02-16 15:15:18.104   792  1222 D ShortcutService: received package broadcast intent: Intent { act=android.intent.action.PACKAGE_CHANGED dat=package: flg=0x45000010 (has extras) }
02-16 15:15:18.104   792  1222 D ShortcutService: changing package: com.google.android.gms userId=0
02-16 15:15:18.113   792  1222 D ShortcutService: received package broadcast intent: Intent { act=android.intent.action.PACKAGE_CHANGED dat=package: flg=0x45000010 (has extras) }
02-16 15:15:18.113   792  1222 D ShortcutService: changing package: com.google.android.gms userId=0
02-16 15:15:18.204   792  2175 W AppOpService: Ignored setUidMode call for runtime permission app op: uid = 10154, code = READ_CELL_BROADCASTS, mode = allow, callingUid = 1001, oldMode = allow
02-16 15:15:18.213   792   792 W Looper  : Slow dispatch took 108ms main app=system_server main=true group=FOREGROUND h=android.app.ActivityThread$H c=android.app.LoadedApk$ReceiverDispatcher$Args$$ExternalSyntheticLambda0@e2a7638 m=0
02-16 15:15:18.281   792  2078 W AppOpService: Ignored setUidMode call for runtime permission app op: uid = 1001, code = READ_SMS, mode = allow, callingUid = 1001, oldMode = allow
02-16 15:15:18.317   792   792 W Looper  : Slow delivery took 208ms main app=system_server main=true group=FOREGROUND h=android.app.ActivityThread$H c=android.app.LoadedApk$ReceiverDispatcher$Args$$ExternalSyntheticLambda0@743dd68 m=0
02-16 15:15:18.320   792   792 V ConditionProviders: enabling condition provider for 0: ComponentInfo{com.google.android.gms/com.google.android.location.settings.DrivingConditionProvider}
02-16 15:15:18.330   792   792 V ConditionProviders: binding: Intent { act=android.service.notification.ConditionProviderService cmp=com.google.android.gms/com.google.android.location.settings.DrivingConditionProvider (has extras) }
02-16 15:15:18.359   792  1225 D BackgroundInstallControlService: Package event received: 0
02-16 15:15:18.366   792  2078 W AppOpService: Ignored setUidMode call for runtime permission app op: uid = 1001, code = RECEIVE_SMS, mode = allow, callingUid = 1001, oldMode = allow
02-16 15:15:18.404   792   808 W AppOpService: Ignored setUidMode call for runtime permission app op: uid = 1001, code = RECEIVE_WAP_PUSH, mode = allow, callingUid = 1001, oldMode = allow
02-16 15:15:18.413   792   808 W AppOpService: Ignored setUidMode call for runtime permission app op: uid = 1001, code = SEND_SMS, mode = allow, callingUid = 1001, oldMode = allow
02-16 15:15:18.452   792   808 W AppOpService: Ignored setUidMode call for runtime permission app op: uid = 1001, code = READ_CELL_BROADCASTS, mode = allow, callingUid = 1001, oldMode = allow
02-16 15:15:18.489   792   792 W Looper  : Drained
02-16 15:15:18.575   792   792 V ConditionProviders: 0 condition provider service connected: ComponentInfo{com.google.android.gms/com.google.android.location.settings.DrivingConditionProvider}
02-16 15:15:18.593   792   899 D ActivityManager: freezing 3965 com.google.android.apps.safetyhub
02-16 15:15:18.639   792  1243 W AppOpService: Ignored setUidMode call for runtime permission app op: uid = 10154, code = READ_CELL_BROADCASTS, mode = allow, callingUid = 1001, oldMode = allow
02-16 15:15:18.671   792  2100 W AppOpService: Ignored setUidMode call for runtime permission app op: uid = 1001, code = READ_SMS, mode = allow, callingUid = 1001, oldMode = allow
02-16 15:15:18.680   792  2175 W AppOpService: Ignored setUidMode call for runtime permission app op: uid = 1001, code = RECEIVE_SMS, mode = allow, callingUid = 1001, oldMode = allow
02-16 15:15:18.682   792  2175 W AppOpService: Ignored setUidMode call for runtime permission app op: uid = 1001, code = RECEIVE_WAP_PUSH, mode = allow, callingUid = 1001, oldMode = allow
02-16 15:15:18.694   792  2169 W AppOpService: Ignored setUidMode call for runtime permission app op: uid = 1001, code = SEND_SMS, mode = allow, callingUid = 1001, oldMode = allow
02-16 15:15:18.731   792  2169 W AppOpService: Ignored setUidMode call for runtime permission app op: uid = 1001, code = READ_CELL_BROADCASTS, mode = allow, callingUid = 1001, oldMode = allow
02-16 15:15:18.794   792  1243 D ConditionProviders: Disabling component com.google.android.gms/com.google.android.location.settings.DrivingConditionProvider
02-16 15:15:18.830   792   899 D ActivityManager: freezing 3742 com.google.android.tts
02-16 15:15:19.244   792  1690 D CompatChangeReporter: Compat change id reported: 319212206; UID 10153; state: ENABLED
02-16 15:15:19.314   792  1222 D ShortcutService: received package broadcast intent: Intent { act=android.intent.action.PACKAGE_CHANGED dat=package: flg=0x45000010 (has extras) }
02-16 15:15:19.315   792  1222 D ShortcutService: changing package: com.google.android.gms userId=0
02-16 15:15:19.354   792   923 V AccessibilityUserState: updateShortcutTargets: type:accessibility_shortcut_target_service, current:{}, new:{}
02-16 15:15:19.356   792   923 V AccessibilityUserState: updateShortcutTargets: type:accessibility_qs_targets, current:{}, new:{}
02-16 15:15:19.356   792   923 V AccessibilityUserState: updateShortcutTargets: type:accessibility_button_targets, current:{}, new:{}
02-16 15:15:19.356   792   923 V AccessibilityUserState: updateShortcutTargets: type:accessibility_gesture_targets, current:{}, new:{}
02-16 15:15:19.356   792   923 V AccessibilityUserState: updateShortcutTargets: type:accessibility_key_gesture_targets, current:{}, new:{}
02-16 15:15:19.357   792   923 V AccessibilityManagerService: onUserStateChangedLocked for userId: 0, forceUpdate: false
02-16 15:15:19.357   792   923 V AccessibilityUserState: updateShortcutTargets: type:accessibility_shortcut_target_service, current:{}, new:{}
02-16 15:15:19.357   792   923 V AccessibilityUserState: updateShortcutTargets: type:accessibility_button_targets, current:{}, new:{}
02-16 15:15:19.357   792   923 V AccessibilityUserState: updateShortcutTargets: type:accessibility_gesture_targets, current:{}, new:{}
02-16 15:15:19.357   792   923 V AccessibilityUserState: updateShortcutTargets: type:accessibility_qs_targets, current:{}, new:{}
02-16 15:15:19.357   792   923 V AccessibilityUserState: updateShortcutTargets: type:accessibility_key_gesture_targets, current:{}, new:{}
02-16 15:15:19.358   792   923 W MagnificationConnectionManager: requestConnection duplicated request: connect=false, mConnectionState=DISCONNECTED
02-16 15:15:19.420   792  1222 D ShortcutService: received package broadcast intent: Intent { act=android.intent.action.PACKAGE_CHANGED dat=package: flg=0x45000010 (has extras) }
02-16 15:15:19.420   792  1222 D ShortcutService: changing package: com.google.android.gms userId=0
02-16 15:15:19.516   792   823 D OomAdjuster: Not killing cached processes
02-16 15:15:19.520   792  2100 W AppOpService: Ignored setUidMode call for runtime permission app op: uid = 10154, code = READ_CELL_BROADCASTS, mode = allow, callingUid = 1001, oldMode = allow
02-16 15:15:19.557   792  2175 W AppOpService: Ignored setUidMode call for runtime permission app op: uid = 1001, code = READ_SMS, mode = allow, callingUid = 1001, oldMode = allow
02-16 15:15:19.575   792  1487 W AppOpService: Ignored setUidMode call for runtime permission app op: uid = 1001, code = RECEIVE_SMS, mode = allow, callingUid = 1001, oldMode = allow
02-16 15:15:19.578   792  1690 W AppOpService: Ignored setUidMode call for runtime permission app op: uid = 1001, code = RECEIVE_WAP_PUSH, mode = allow, callingUid = 1001, oldMode = allow
02-16 15:15:19.582   792  1690 W AppOpService: Ignored setUidMode call for runtime permission app op: uid = 1001, code = SEND_SMS, mode = allow, callingUid = 1001, oldMode = allow
02-16 15:15:19.584   792  1674 W AppOpService: Ignored setUidMode call for runtime permission app op: uid = 1001, code = READ_CELL_BROADCASTS, mode = allow, callingUid = 1001, oldMode = allow
02-16 15:15:19.710   792  2167 W AppOpService: Ignored setUidMode call for runtime permission app op: uid = 10154, code = READ_CELL_BROADCASTS, mode = allow, callingUid = 1001, oldMode = allow
02-16 15:15:19.720   792   879 W AppOpService: Ignored setUidMode call for runtime permission app op: uid = 1001, code = READ_SMS, mode = allow, callingUid = 1001, oldMode = allow
02-16 15:15:19.723   792   879 W AppOpService: Ignored setUidMode call for runtime permission app op: uid = 1001, code = RECEIVE_SMS, mode = allow, callingUid = 1001, oldMode = allow
02-16 15:15:19.729   792  2187 W AppOpService: Ignored setUidMode call for runtime permission app op: uid = 1001, code = RECEIVE_WAP_PUSH, mode = allow, callingUid = 1001, oldMode = allow
02-16 15:15:19.734   792  2187 W AppOpService: Ignored setUidMode call for runtime permission app op: uid = 1001, code = SEND_SMS, mode = allow, callingUid = 1001, oldMode = allow
02-16 15:15:19.741   792   879 W AppOpService: Ignored setUidMode call for runtime permission app op: uid = 1001, code = READ_CELL_BROADCASTS, mode = allow, callingUid = 1001, oldMode = allow
02-16 15:15:20.315   792   899 D ActivityManager: freezing 3092 com.android.vending:instant_app_installer
02-16 15:15:20.775   792   823 D ActivityManager: sync unfroze 3837 com.google.android.partnersetup for 3
02-16 15:15:21.045   792  1225 D BackgroundInstallControlService: Package event received: 0
