02-16 15:15:05.259   792   923 W MagnificationConnectionManager: requestConnection duplicated request: connect=false, mConnectionState=DISCONNECTED
02-16 15:15:05.361   792  2175 W ActivityManager: Unable to start service Intent { act=grpc.io.action.BIND xflg=0x4 cmp=com.google.android.apps.stargate/.endpointservice.GrpcEndpointService } U=0: not found
02-16 15:15:05.369   792  2186 W ForegroundServiceTypeLoggerModule: FGS stop call for: 10154 has no types!
02-16 15:15:05.429   792  2100 I RecoverySnapshotStorage: Snapshot for uid 10155 not found
02-16 15:15:05.452   792  1225 D BackgroundInstallControlService: Package event received: 0
02-16 15:15:05.452   792  1225 D BackgroundInstallControlService: Package event received: 0
02-16 15:15:05.452   792  1225 D BackgroundInstallControlService: Package event received: 0
02-16 15:15:05.452   792  1225 D BackgroundInstallControlService: Package event received: 0
02-16 15:15:05.555   305   318 W keystore2: system/security/keystore2/watchdog/src/lib.rs:142 - ### Keystore Watchdog report - BEGIN ###
02-16 15:15:05.556   305   318 W keystore2: system/security/keystore2/watchdog/src/lib.rs:151 - When extracting from a bug report, please include this header
02-16 15:15:05.556   305   318 W keystore2: system/security/keystore2/watchdog/src/lib.rs:152 - and all 1 records below.
02-16 15:15:05.556   305   318 W keystore2: system/security/keystore2/watchdog/src/lib.rs:193 - ThreadId(12) Calling get_rkpd_attestation_key() Started: 02-16 09:45:04.152 UTC Pending: 1.4037548s Overdue 403.7806ms
02-16 15:15:05.556   792  2175 W ActivityManager: Unbind failed: could not find connection for android.os.BinderProxy@b3363be
02-16 15:15:05.556   305   318 W keystore2: system/security/keystore2/watchdog/src/lib.rs:205 - ### Keystore Watchdog report - END ###
02-16 15:15:05.559   305   318 W keystore2: system/security/keystore2/watchdog/src/lib.rs:142 - ### Keystore Watchdog report - BEGIN ###
02-16 15:15:05.559   305   318 W keystore2: system/security/keystore2/watchdog/src/lib.rs:151 - When extracting from a bug report, please include this header
02-16 15:15:05.559   305   318 W keystore2: system/security/keystore2/watchdog/src/lib.rs:152 - and all 1 records below.
02-16 15:15:05.559   305   318 W keystore2: system/security/keystore2/watchdog/src/lib.rs:193 - ThreadId(12) Calling get_rkpd_attestation_key() Started: 02-16 09:45:04.152 UTC Pending: 1.4072932s Overdue 407.3314ms
02-16 15:15:05.559   305   318 W keystore2: system/security/keystore2/watchdog/src/lib.rs:205 - ### Keystore Watchdog report - END ###
02-16 15:15:05.573   305   318 W keystore2: system/security/keystore2/watchdog/src/lib.rs:142 - ### Keystore Watchdog report - BEGIN ###
02-16 15:15:05.574   305   318 W keystore2: system/security/keystore2/watchdog/src/lib.rs:151 - When extracting from a bug report, please include this header
02-16 15:15:05.574   305   318 W keystore2: system/security/keystore2/watchdog/src/lib.rs:152 - and all 1 records below.
02-16 15:15:05.574   305   318 W keystore2: system/security/keystore2/watchdog/src/lib.rs:193 - ThreadId(12) Calling get_rkpd_attestation_key() Started: 02-16 09:45:04.152 UTC Pending: 1.4218186s Overdue 421.8568ms
02-16 15:15:05.574   305   318 W keystore2: system/security/keystore2/watchdog/src/lib.rs:205 - ### Keystore Watchdog report - END ###
02-16 15:15:05.597   305   318 W keystore2: system/security/keystore2/watchdog/src/lib.rs:142 - ### Keystore Watchdog report - BEGIN ###
02-16 15:15:05.598   305   318 W keystore2: system/security/keystore2/watchdog/src/lib.rs:151 - When extracting from a bug report, please include this header
02-16 15:15:05.598   305   318 W keystore2: system/security/keystore2/watchdog/src/lib.rs:152 - and all 1 records below.
02-16 15:15:05.598   305   318 W keystore2: system/security/keystore2/watchdog/src/lib.rs:193 - ThreadId(12) Calling get_rkpd_attestation_key() Started: 02-16 09:45:04.152 UTC Pending: 1.4459911s Overdue 446.0799ms
02-16 15:15:05.598   305   318 W keystore2: system/security/keystore2/watchdog/src/lib.rs:205 - ### Keystore Watchdog report - END ###
02-16 15:15:05.599   305   318 W keystore2: system/security/keystore2/watchdog/src/lib.rs:142 - ### Keystore Watchdog report - BEGIN ###
02-16 15:15:05.600   305   318 W keystore2: system/security/keystore2/watchdog/src/lib.rs:151 - When extracting from a bug report, please include this header
02-16 15:15:05.600   305   318 W keystore2: system/security/keystore2/watchdog/src/lib.rs:152 - and all 1 records below.
02-16 15:15:05.600   305   318 W keystore2: system/security/keystore2/watchdog/src/lib.rs:193 - ThreadId(12) Calling get_rkpd_attestation_key() Started: 02-16 09:45:04.152 UTC Pending: 1.4479372s Overdue 448.0091ms
02-16 15:15:05.600   305   318 W keystore2: system/security/keystore2/watchdog/src/lib.rs:205 - ### Keystore Watchdog report - END ###
02-16 15:15:05.755   792   792 I NotificationService: Cannot find enqueued record for key: 0|com.google.android.apps.messaging|174344743|null|10154
02-16 15:15:05.924   305   318 W keystore2: system/security/keystore2/watchdog/src/lib.rs:142 - ### Keystore Watchdog report - BEGIN ###
02-16 15:15:05.924   305   318 W keystore2: system/security/keystore2/watchdog/src/lib.rs:151 - When extracting from a bug report, please include this header
02-16 15:15:05.924   305   318 W keystore2: system/security/keystore2/watchdog/src/lib.rs:152 - and all 1 records below.
02-16 15:15:05.924   305   318 W keystore2: system/security/keystore2/watchdog/src/lib.rs:193 - ThreadId(12) Calling get_rkpd_attestation_key() Started: 02-16 09:45:04.152 UTC Pending: 1.772362s Overdue 772.4075ms
02-16 15:15:05.924   305   318 W keystore2: system/security/keystore2/watchdog/src/lib.rs:205 - ### Keystore Watchdog report - END ###
02-16 15:15:05.985   305   318 W keystore2: system/security/keystore2/watchdog/src/lib.rs:142 - ### Keystore Watchdog report - BEGIN ###
02-16 15:15:05.985   305   318 W keystore2: system/security/keystore2/watchdog/src/lib.rs:151 - When extracting from a bug report, please include this header
02-16 15:15:05.985   305   318 W keystore2: system/security/keystore2/watchdog/src/lib.rs:152 - and all 1 records below.
02-16 15:15:05.986   305   318 W keystore2: system/security/keystore2/watchdog/src/lib.rs:193 - ThreadId(12) Calling get_rkpd_attestation_key() Started: 02-16 09:45:04.152 UTC Pending: 1.8340725s Overdue 834.1789ms
02-16 15:15:05.986   305   318 W keystore2: system/security/keystore2/watchdog/src/lib.rs:205 - ### Keystore Watchdog report - END ###
02-16 15:15:06.024   305   318 W keystore2: system/security/keystore2/watchdog/src/lib.rs:142 - ### Keystore Watchdog report - BEGIN ###
02-16 15:15:06.024   305   318 W keystore2: system/security/keystore2/watchdog/src/lib.rs:151 - When extracting from a bug report, please include this header
02-16 15:15:06.024   305   318 W keystore2: system/security/keystore2/watchdog/src/lib.rs:152 - and all 1 records below.
02-16 15:15:06.024   305   318 W keystore2: system/security/keystore2/watchdog/src/lib.rs:193 - ThreadId(12) Calling get_rkpd_attestation_key() Started: 02-16 09:45:04.152 UTC Pending: 1.8723966s Overdue 872.4912ms
02-16 15:15:06.024   305   318 W keystore2: system/security/keystore2/watchdog/src/lib.rs:205 - ### Keystore Watchdog report - END ###
02-16 15:15:06.058   305   318 W keystore2: system/security/keystore2/watchdog/src/lib.rs:142 - ### Keystore Watchdog report - BEGIN ###
02-16 15:15:06.058   305   318 W keystore2: system/security/keystore2/watchdog/src/lib.rs:151 - When extracting from a bug report, please include this header
02-16 15:15:06.058   305   318 W keystore2: system/security/keystore2/watchdog/src/lib.rs:152 - and all 1 records below.
02-16 15:15:06.058   305   318 W keystore2: system/security/keystore2/watchdog/src/lib.rs:193 - ThreadId(12) Calling get_rkpd_attestation_key() Started: 02-16 09:45:04.152 UTC Pending: 1.9060767s Overdue 906.11ms
02-16 15:15:06.058   305   318 W keystore2: system/security/keystore2/watchdog/src/lib.rs:205 - ### Keystore Watchdog report - END ###
02-16 15:15:06.068   305   318 W keystore2: system/security/keystore2/watchdog/src/lib.rs:142 - ### Keystore Watchdog report - BEGIN ###
02-16 15:15:06.068   305   318 W keystore2: system/security/keystore2/watchdog/src/lib.rs:151 - When extracting from a bug report, please include this header
02-16 15:15:06.068   305   318 W keystore2: system/security/keystore2/watchdog/src/lib.rs:152 - and all 1 records below.
02-16 15:15:06.069   305   318 W keystore2: system/security/keystore2/watchdog/src/lib.rs:193 - ThreadId(12) Calling get_rkpd_attestation_key() Started: 02-16 09:45:04.152 UTC Pending: 1.9166539s Overdue 916.7942ms
02-16 15:15:06.069   305   318 W keystore2: system/security/keystore2/watchdog/src/lib.rs:205 - ### Keystore Watchdog report - END ###
02-16 15:15:06.143   792  2104 W AppOpService: Ignored setUidMode call for runtime permission app op: uid = 10154, code = READ_CELL_BROADCASTS, mode = allow, callingUid = 1001, oldMode = allow
02-16 15:15:06.150   305   318 W keystore2: system/security/keystore2/watchdog/src/lib.rs:142 - ### Keystore Watchdog report - BEGIN ###
02-16 15:15:06.150   305   318 W keystore2: system/security/keystore2/watchdog/src/lib.rs:151 - When extracting from a bug report, please include this header
02-16 15:15:06.150   305   318 W keystore2: system/security/keystore2/watchdog/src/lib.rs:152 - and all 1 records below.
02-16 15:15:06.150   305   318 W keystore2: system/security/keystore2/watchdog/src/lib.rs:193 - ThreadId(12) Calling get_rkpd_attestation_key() Started: 02-16 09:45:04.152 UTC Pending: 1.9985299s Overdue 998.563ms
02-16 15:15:06.150   305   318 W keystore2: system/security/keystore2/watchdog/src/lib.rs:205 - ### Keystore Watchdog report - END ###
02-16 15:15:06.156   305   318 W keystore2: system/security/keystore2/watchdog/src/lib.rs:142 - ### Keystore Watchdog report - BEGIN ###
02-16 15:15:06.156   305   318 W keystore2: system/security/keystore2/watchdog/src/lib.rs:151 - When extracting from a bug report, please include this header
02-16 15:15:06.156   305   318 W keystore2: system/security/keystore2/watchdog/src/lib.rs:152 - and all 1 records below.
02-16 15:15:06.157   305   318 W keystore2: system/security/keystore2/watchdog/src/lib.rs:193 - ThreadId(12) Calling get_rkpd_attestation_key() Started: 02-16 09:45:04.152 UTC Pending: 2.0047335s Overdue 1.004772s
02-16 15:15:06.157   305   318 W keystore2: system/security/keystore2/watchdog/src/lib.rs:205 - ### Keystore Watchdog report - END ###
02-16 15:15:06.241   792  1222 D ShortcutService: received package broadcast intent: Intent { act=android.intent.action.PACKAGE_CHANGED dat=package: flg=0x45000010 (has extras) }
02-16 15:15:06.241   792  1222 D ShortcutService: changing package: com.google.android.apps.messaging userId=0
02-16 15:15:06.289   792  1243 W AppOpService: Ignored setUidMode call for runtime permission app op: uid = 1001, code = READ_SMS, mode = allow, callingUid = 1001, oldMode = allow
02-16 15:15:06.326   305   318 W keystore2: system/security/keystore2/watchdog/src/lib.rs:142 - ### Keystore Watchdog report - BEGIN ###
02-16 15:15:06.326   305   318 W keystore2: system/security/keystore2/watchdog/src/lib.rs:151 - When extracting from a bug report, please include this header
02-16 15:15:06.326   305   318 W keystore2: system/security/keystore2/watchdog/src/lib.rs:152 - and all 1 records below.
02-16 15:15:06.326   305   318 W keystore2: system/security/keystore2/watchdog/src/lib.rs:193 - ThreadId(12) Calling get_rkpd_attestation_key() Started: 02-16 09:45:04.152 UTC Pending: 2.1740676s Overdue 1.1741384s
02-16 15:15:06.326   305   318 W keystore2: system/security/keystore2/watchdog/src/lib.rs:205 - ### Keystore Watchdog report - END ###
02-16 15:15:06.341   792  1222 D ShortcutService: received package broadcast intent: Intent { act=android.intent.action.PACKAGE_CHANGED dat=package: flg=0x45000010 (has extras) }
02-16 15:15:06.345   305   318 W keystore2: system/security/keystore2/watchdog/src/lib.rs:142 - ### Keystore Watchdog report - BEGIN ###
02-16 15:15:06.345   305   318 W keystore2: system/security/keystore2/watchdog/src/lib.rs:151 - When extracting from a bug report, please include this header
02-16 15:15:06.345   305   318 W keystore2: system/security/keystore2/watchdog/src/lib.rs:152 - and all 1 records below.
02-16 15:15:06.346   305   318 W keystore2: system/security/keystore2/watchdog/src/lib.rs:193 - ThreadId(12) Calling get_rkpd_attestation_key() Started: 02-16 09:45:04.152 UTC Pending: 2.1937141s Overdue 1.1937445s
02-16 15:15:06.346   305   318 W keystore2: system/security/keystore2/watchdog/src/lib.rs:205 - ### Keystore Watchdog report - END ###
02-16 15:15:06.346   792  1222 D ShortcutService: changing package: com.google.android.gms userId=0
02-16 15:15:06.348   792   879 W AppOpService: Ignored setUidMode call for runtime permission app op: uid = 1001, code = RECEIVE_SMS, mode = allow, callingUid = 1001, oldMode = allow
02-16 15:15:06.352   792   792 W Looper  : Slow dispatch took 184ms main app=system_server main=true group=FOREGROUND h=android.app.ActivityThread$H c=android.app.LoadedApk$ReceiverDispatcher$Args$$ExternalSyntheticLambda0@39569de m=0
02-16 15:15:06.353   792   792 W Looper  : Slow delivery took 259ms main app=system_server main=true group=FOREGROUND h=android.app.ActivityThread$H c=android.app.LoadedApk$ReceiverDispatcher$Args$$ExternalSyntheticLambda0@20a45ea m=0
02-16 15:15:06.378   792  1690 W AppOpService: Ignored setUidMode call for runtime permission app op: uid = 1001, code = RECEIVE_WAP_PUSH, mode = allow, callingUid = 1001, oldMode = allow
02-16 15:15:06.387   792  1690 W AppOpService: Ignored setUidMode call for runtime permission app op: uid = 1001, code = SEND_SMS, mode = allow, callingUid = 1001, oldMode = allow
02-16 15:15:06.389   792  1222 D ShortcutService: received package broadcast intent: Intent { act=android.intent.action.PACKAGE_CHANGED dat=package: flg=0x45000010 (has extras) }
02-16 15:15:06.389   792  1222 D ShortcutService: changing package: com.google.android.gms userId=0
02-16 15:15:06.399   792  1690 W AppOpService: Ignored setUidMode call for runtime permission app op: uid = 1001, code = READ_CELL_BROADCASTS, mode = allow, callingUid = 1001, oldMode = allow
02-16 15:15:06.407   792  1222 D ShortcutService: received package broadcast intent: Intent { act=android.intent.action.PACKAGE_CHANGED dat=package: flg=0x45000010 (has extras) }
02-16 15:15:06.407   792  1222 D ShortcutService: changing package: com.android.vending userId=0
02-16 15:15:06.496   792  1486 W ContentProviderHelper: Slow operation: 74ms so far, now at getContentProviderImpl: before checkContentProviderPermission
02-16 15:15:06.496   792  1486 W ContentProviderHelper: Slow operation: 74ms so far, now at getContentProviderImpl: after checkContentProviderPermission
02-16 15:15:06.499   792  1486 W ContentProviderHelper: Slow operation: 77ms so far, now at getContentProviderImpl: incProviderCountLocked
02-16 15:15:06.501   792  1486 W ContentProviderHelper: Slow operation: 79ms so far, now at getContentProviderImpl: before updateLruProcess
02-16 15:15:06.502   792  1486 W ContentProviderHelper: Slow operation: 79ms so far, now at getContentProviderImpl: after updateLruProcess
02-16 15:15:06.502   792  1486 W ContentProviderHelper: Slow operation: 80ms so far, now at getContentProviderImpl: before updateOomAdj
02-16 15:15:06.502   792  1486 W ContentProviderHelper: Slow operation: 80ms so far, now at getContentProviderImpl: after updateOomAdj
02-16 15:15:06.509   792  1486 W ContentProviderHelper: Slow operation: 86ms so far, now at getContentProviderImpl: done!
02-16 15:15:06.538   305   318 W keystore2: system/security/keystore2/watchdog/src/lib.rs:142 - ### Keystore Watchdog report - BEGIN ###
02-16 15:15:06.538   305   318 W keystore2: system/security/keystore2/watchdog/src/lib.rs:151 - When extracting from a bug report, please include this header
02-16 15:15:06.538   305   318 W keystore2: system/security/keystore2/watchdog/src/lib.rs:152 - and all 1 records below.
02-16 15:15:06.538   305   318 W keystore2: system/security/keystore2/watchdog/src/lib.rs:193 - ThreadId(12) Calling get_rkpd_attestation_key() Started: 02-16 09:45:04.152 UTC Pending: 2.3864863s Overdue 1.386552s
02-16 15:15:06.538   305   318 W keystore2: system/security/keystore2/watchdog/src/lib.rs:205 - ### Keystore Watchdog report - END ###
02-16 15:15:06.686   792  2185 W AppOpService: Ignored setUidMode call for runtime permission app op: uid = 10154, code = READ_CELL_BROADCASTS, mode = allow, callingUid = 1001, oldMode = allow
02-16 15:15:06.705   792  2167 W AppOpService: Ignored setUidMode call for runtime permission app op: uid = 10154, code = READ_CELL_BROADCASTS, mode = allow, callingUid = 1001, oldMode = allow
02-16 15:15:06.723   792  2180 W AppOpService: Ignored setUidMode call for runtime permission app op: uid = 1001, code = READ_SMS, mode = allow, callingUid = 1001, oldMode = allow
02-16 15:15:06.737   792   850 I AppsFilter: interaction: PackageSetting{105fd70 com.android.microdroid.empty_payload/10217} -> PackageSetting{b0a0d69 com.google.android.apps.messaging/10154} BLOCKED
02-16 15:15:06.739   792   807 W AppOpService: Ignored setUidMode call for runtime permission app op: uid = 1001, code = RECEIVE_SMS, mode = allow, callingUid = 1001, oldMode = allow
02-16 15:15:06.739   792  2184 W AppOpService: Ignored setUidMode call for runtime permission app op: uid = 1001, code = RECEIVE_WAP_PUSH, mode = allow, callingUid = 1001, oldMode = allow
02-16 15:15:06.747   792  2191 W AppOpService: Ignored setUidMode call for runtime permission app op: uid = 1001, code = SEND_SMS, mode = allow, callingUid = 1001, oldMode = allow
02-16 15:15:06.767   792  2191 W AppOpService: Ignored setUidMode call for runtime permission app op: uid = 1001, code = READ_CELL_BROADCASTS, mode = allow, callingUid = 1001, oldMode = allow
02-16 15:15:06.780   792  1243 W AppOpService: Ignored setUidMode call for runtime permission app op: uid = 1001, code = READ_SMS, mode = allow, callingUid = 1001, oldMode = allow
02-16 15:15:06.783   792  1243 W AppOpService: Ignored setUidMode call for runtime permission app op: uid = 1001, code = RECEIVE_SMS, mode = allow, callingUid = 1001, oldMode = allow
02-16 15:15:06.785   792  1165 W AppOpService: Ignored setUidMode call for runtime permission app op: uid = 1001, code = RECEIVE_WAP_PUSH, mode = allow, callingUid = 1001, oldMode = allow
02-16 15:15:06.789   792  1243 W AppOpService: Ignored setUidMode call for runtime permission app op: uid = 1001, code = SEND_SMS, mode = allow, callingUid = 1001, oldMode = allow
02-16 15:15:06.795   792  2175 W AppOpService: Ignored setUidMode call for runtime permission app op: uid = 1001, code = READ_CELL_BROADCASTS, mode = allow, callingUid = 1001, oldMode = allow
02-16 15:15:06.852   792   792 W Looper  : Slow dispatch took 443ms main app=system_server main=true group=FOREGROUND h=android.app.ActivityThread$H c=android.app.LoadedApk$ReceiverDispatcher$Args$$ExternalSyntheticLambda0@80422d9 m=0
02-16 15:15:06.853   305   320 I keystore2: system/security/keystore2/watchdog/src/lib.rs:224 - Watchdog complete for: ThreadId(12) Calling get_rkpd_attestation_key() Started: 02-16 09:45:04.152 UTC Pending: 2.7013207s Overdue 1.7013812s
02-16 15:15:06.902   792  1225 D BackgroundInstallControlService: Package event received: 0
02-16 15:15:06.914   792  1299 E SettingsToPropertiesMapper: key=persist.device_config.storage_native_boot.transcode_compat_manifest value=com.yelp.android,0,com.yy.biu,0,com.groupme.android,0,air.tv.douyu.android,0,com.baidu.mbaby,0,com.vlocker.locker,0,com.znxh.hyhuo,0,com.yixia.xiaokaxiu,0 exceeds system property max length.
02-16 15:15:06.937   792  2180 W ActivityManager: Slow operation: 212ms so far, now at finishAttachApplicationInner: after mServices.attachApplicationLocked
02-16 15:15:06.937   792  2180 W ActivityManager: Slow operation: 212ms so far, now at finishAttachApplicationInner: after dispatching broadcasts
02-16 15:15:06.960   792  1225 D BackgroundInstallControlService: Package event received: 0
02-16 15:15:06.962   792  1225 D BackgroundInstallControlService: Package event received: 0
02-16 15:15:06.978   792  1225 D BackgroundInstallControlService: Package event received: 0
02-16 15:15:07.057   792  1225 D BackgroundInstallControlService: Package event received: 0
02-16 15:15:07.107   792  2167 W AppOpService: Ignored setUidMode call for runtime permission app op: uid = 10154, code = READ_CELL_BROADCASTS, mode = allow, callingUid = 1001, oldMode = allow
02-16 15:15:07.156   792  1225 D BackgroundInstallControlService: Package event received: 0
02-16 15:15:07.160   792  2078 W AppOpService: Ignored setUidMode call for runtime permission app op: uid = 1001, code = READ_SMS, mode = allow, callingUid = 1001, oldMode = allow
02-16 15:15:07.161   792  2173 I ActivityManager: Process com.android.providers.calendar (pid 3501) has died: cch CEM 
02-16 15:15:07.192   792  2078 W AppOpService: Ignored setUidMode call for runtime permission app op: uid = 1001, code = RECEIVE_SMS, mode = allow, callingUid = 1001, oldMode = allow
02-16 15:15:07.199   792  2175 W AppOpService: Ignored setUidMode call for runtime permission app op: uid = 1001, code = RECEIVE_WAP_PUSH, mode = allow, callingUid = 1001, oldMode = allow
02-16 15:15:07.206   792  2175 W AppOpService: Ignored setUidMode call for runtime permission app op: uid = 1001, code = SEND_SMS, mode = allow, callingUid = 1001, oldMode = allow
02-16 15:15:07.262   792  2122 W AppOpService: Ignored setUidMode call for runtime permission app op: uid = 1001, code = READ_CELL_BROADCASTS, mode = allow, callingUid = 1001, oldMode = allow
02-16 15:15:07.262   792  1349 I ActivityManager: Process com.android.imsserviceentitlement (pid 2405) has died: cch CEM 
02-16 15:15:07.280   792  1487 I ActivityManager: Process com.google.android.onetimeinitializer (pid 3368) has died: cch CEM 
02-16 15:15:07.306   792  2180 I ActivityManager: Process com.android.camera2 (pid 3389) has died: cch CEM 
02-16 15:15:07.318   792  1674 I ActivityManager: Process com.android.devicediagnostics (pid 3419) has died: cch CEM 
02-16 15:15:07.362   792  1765 I ActivityManager: Process com.android.managedprovisioning (pid 3461) has died: cch CEM 
02-16 15:15:07.501   792   792 W Looper  : Slow dispatch took 648ms main app=system_server main=true group=FOREGROUND h=android.app.ActivityThread$H c=android.app.LoadedApk$ReceiverDispatcher$Args$$ExternalSyntheticLambda0@5c1b4b1 m=0
02-16 15:15:07.702   792   792 W Looper  : Slow dispatch took 124ms main app=system_server main=true group=FOREGROUND h=android.app.ActivityThread$H c=android.app.LoadedApk$ReceiverDispatcher$Args$$ExternalSyntheticLambda0@aa06ce m=0
02-16 15:15:07.863   792   923 V AccessibilityUserState: updateShortcutTargets: type:accessibility_shortcut_target_service, current:{}, new:{}
02-16 15:15:07.864   792   923 V AccessibilityUserState: updateShortcutTargets: type:accessibility_qs_targets, current:{}, new:{}
02-16 15:15:07.864   792   923 V AccessibilityUserState: updateShortcutTargets: type:accessibility_button_targets, current:{}, new:{}
02-16 15:15:07.864   792   923 V AccessibilityUserState: updateShortcutTargets: type:accessibility_gesture_targets, current:{}, new:{}
02-16 15:15:07.865   792   923 V AccessibilityUserState: updateShortcutTargets: type:accessibility_key_gesture_targets, current:{}, new:{}
02-16 15:15:07.865   792   923 V AccessibilityManagerService: onUserStateChangedLocked for userId: 0, forceUpdate: false
02-16 15:15:07.947   792   923 V AccessibilityUserState: updateShortcutTargets: type:accessibility_shortcut_target_service, current:{}, new:{}
02-16 15:15:07.947   792   923 V AccessibilityUserState: updateShortcutTargets: type:accessibility_button_targets, current:{}, new:{}
02-16 15:15:07.947   792   923 V AccessibilityUserState: updateShortcutTargets: type:accessibility_gesture_targets, current:{}, new:{}
02-16 15:15:07.947   792   923 V AccessibilityUserState: updateShortcutTargets: type:accessibility_qs_targets, current:{}, new:{}
02-16 15:15:07.947   792   923 V AccessibilityUserState: updateShortcutTargets: type:accessibility_key_gesture_targets, current:{}, new:{}
02-16 15:15:07.948   792   923 W MagnificationConnectionManager: requestConnection duplicated request: connect=false, mConnectionState=DISCONNECTED
02-16 15:15:08.077   792   792 W Looper  : Slow dispatch took 110ms main app=system_server main=true group=FOREGROUND h=android.app.ActivityThread$H c=android.app.LoadedApk$ServiceDispatcher$RunConnection@59a7eb7 m=0
02-16 15:15:08.161   792   792 W Looper  : Drained
02-16 15:15:08.562   792  1225 D BackgroundInstallControlService: Package event received: 0
02-16 15:15:08.665   792   792 W Looper  : Slow dispatch took 169ms main app=system_server main=true group=FOREGROUND h=android.app.ActivityThread$H c=android.app.LoadedApk$ServiceDispatcher$RunConnection@60821d4 m=0
02-16 15:15:08.854   792  1243 D BackupTransportManager: [UserID:0] Transport com.google.android.gms/.backup.BackupTransportService updated its attributes
02-16 15:15:08.882   792  1222 D ShortcutService: received package broadcast intent: Intent { act=android.intent.action.PACKAGE_CHANGED dat=package: flg=0x45000010 (has extras) }
02-16 15:15:08.882   792  1222 D ShortcutService: changing package: com.google.android.apps.messaging userId=0
02-16 15:15:08.995   792  1486 W AppOpService: Ignored setUidMode call for runtime permission app op: uid = 10154, code = READ_CELL_BROADCASTS, mode = allow, callingUid = 1001, oldMode = allow
02-16 15:15:09.038   792  2186 W AppOpService: Ignored setUidMode call for runtime permission app op: uid = 1001, code = READ_SMS, mode = allow, callingUid = 1001, oldMode = allow
02-16 15:15:09.041   792  1243 W AppOpService: Ignored setUidMode call for runtime permission app op: uid = 1001, code = RECEIVE_SMS, mode = allow, callingUid = 1001, oldMode = allow
02-16 15:15:09.041   792  1243 W AppOpService: Ignored setUidMode call for runtime permission app op: uid = 1001, code = RECEIVE_WAP_PUSH, mode = allow, callingUid = 1001, oldMode = allow
02-16 15:15:09.042   792  1486 W AppOpService: Ignored setUidMode call for runtime permission app op: uid = 1001, code = SEND_SMS, mode = allow, callingUid = 1001, oldMode = allow
02-16 15:15:09.044   792   879 W AppOpService: Ignored setUidMode call for runtime permission app op: uid = 1001, code = READ_CELL_BROADCASTS, mode = allow, callingUid = 1001, oldMode = allow
02-16 15:15:09.045   792   923 V AccessibilityUserState: updateShortcutTargets: type:accessibility_shortcut_target_service, current:{}, new:{}
02-16 15:15:09.045   792   923 V AccessibilityUserState: updateShortcutTargets: type:accessibility_qs_targets, current:{}, new:{}
02-16 15:15:09.046   792   923 V AccessibilityUserState: updateShortcutTargets: type:accessibility_button_targets, current:{}, new:{}
02-16 15:15:09.046   792   923 V AccessibilityUserState: updateShortcutTargets: type:accessibility_gesture_targets, current:{}, new:{}
02-16 15:15:09.046   792   923 V AccessibilityUserState: updateShortcutTargets: type:accessibility_key_gesture_targets, current:{}, new:{}
02-16 15:15:09.046   792   923 V AccessibilityManagerService: onUserStateChangedLocked for userId: 0, forceUpdate: false
02-16 15:15:09.046   792   923 V AccessibilityUserState: updateShortcutTargets: type:accessibility_shortcut_target_service, current:{}, new:{}
02-16 15:15:09.046   792   923 V AccessibilityUserState: updateShortcutTargets: type:accessibility_button_targets, current:{}, new:{}
02-16 15:15:09.046   792   923 V AccessibilityUserState: updateShortcutTargets: type:accessibility_gesture_targets, current:{}, new:{}
02-16 15:15:09.046   792   923 V AccessibilityUserState: updateShortcutTargets: type:accessibility_qs_targets, current:{}, new:{}
02-16 15:15:09.046   792   923 V AccessibilityUserState: updateShortcutTargets: type:accessibility_key_gesture_targets, current:{}, new:{}
02-16 15:15:09.048   792   923 W MagnificationConnectionManager: requestConnection duplicated request: connect=false, mConnectionState=DISCONNECTED
02-16 15:15:09.163   792  1225 D BackgroundInstallControlService: Package event received: 0
02-16 15:15:09.163   792  1225 D BackgroundInstallControlService: Package event received: 0
02-16 15:15:09.180   792  2186 W AppOpService: Ignored setUidMode call for runtime permission app op: uid = 10154, code = READ_CELL_BROADCASTS, mode = allow, callingUid = 1001, oldMode = allow
02-16 15:15:09.196   792  2186 W AppOpService: Ignored setUidMode call for runtime permission app op: uid = 1001, code = READ_SMS, mode = allow, callingUid = 1001, oldMode = allow
02-16 15:15:09.201   792  2180 W AppOpService: Ignored setUidMode call for runtime permission app op: uid = 1001, code = RECEIVE_SMS, mode = allow, callingUid = 1001, oldMode = allow
02-16 15:15:09.203   792  2186 W AppOpService: Ignored setUidMode call for runtime permission app op: uid = 1001, code = RECEIVE_WAP_PUSH, mode = allow, callingUid = 1001, oldMode = allow
02-16 15:15:09.235   792  2186 W AppOpService: Ignored setUidMode call for runtime permission app op: uid = 1001, code = SEND_SMS, mode = allow, callingUid = 1001, oldMode = allow
02-16 15:15:09.244   792  2175 W AppOpService: Ignored setUidMode call for runtime permission app op: uid = 1001, code = READ_CELL_BROADCASTS, mode = allow, callingUid = 1001, oldMode = allow
02-16 15:15:09.263   792  1222 D ShortcutService: received package broadcast intent: Intent { act=android.intent.action.PACKAGE_CHANGED dat=package: flg=0x45000010 (has extras) }
02-16 15:15:09.263   792  1222 D ShortcutService: changing package: com.google.android.gms userId=0
02-16 15:15:09.344   792   879 W AppOpService: Ignored setUidMode call for runtime permission app op: uid = 10154, code = READ_CELL_BROADCASTS, mode = allow, callingUid = 1001, oldMode = allow
02-16 15:15:09.408   792  1765 W AppOpService: Ignored setUidMode call for runtime permission app op: uid = 1001, code = READ_SMS, mode = allow, callingUid = 1001, oldMode = allow
02-16 15:15:09.419   792  2104 W AppOpService: Ignored setUidMode call for runtime permission app op: uid = 1001, code = RECEIVE_SMS, mode = allow, callingUid = 1001, oldMode = allow
02-16 15:15:09.429   792  2104 W AppOpService: Ignored setUidMode call for runtime permission app op: uid = 1001, code = RECEIVE_WAP_PUSH, mode = allow, callingUid = 1001, oldMode = allow
02-16 15:15:09.434   792  2190 W AppOpService: Ignored setUidMode call for runtime permission app op: uid = 1001, code = SEND_SMS, mode = allow, callingUid = 1001, oldMode = allow
02-16 15:15:09.436   792  2186 W AppOpService: Ignored setUidMode call for runtime permission app op: uid = 1001, code = READ_CELL_BROADCASTS, mode = allow, callingUid = 1001, oldMode = allow
02-16 15:15:09.446   792   808 D OomAdjuster: Not killing cached processes
02-16 15:15:09.486   792  1225 D BackgroundInstallControlService: Package event received: 0
02-16 15:15:09.488   792  1225 D BackgroundInstallControlService: Package event received: 0
02-16 15:15:09.611   792  1243 W AppOpService: Ignored setUidMode call for runtime permission app op: uid = 10154, code = READ_CELL_BROADCASTS, mode = allow, callingUid = 1001, oldMode = allow
02-16 15:15:09.640   792  1486 W AppOpService: Ignored setUidMode call for runtime permission app op: uid = 1001, code = READ_SMS, mode = allow, callingUid = 1001, oldMode = allow
02-16 15:15:09.661   792  2175 W AppOpService: Ignored setUidMode call for runtime permission app op: uid = 1001, code = RECEIVE_SMS, mode = allow, callingUid = 1001, oldMode = allow
02-16 15:15:09.666   792  1675 W AppOpService: Ignored setUidMode call for runtime permission app op: uid = 1001, code = RECEIVE_WAP_PUSH, mode = allow, callingUid = 1001, oldMode = allow
02-16 15:15:09.686   792  2167 W AppOpService: Ignored setUidMode call for runtime permission app op: uid = 1001, code = SEND_SMS, mode = allow, callingUid = 1001, oldMode = allow
02-16 15:15:09.697   792  1243 W AppOpService: Ignored setUidMode call for runtime permission app op: uid = 1001, code = READ_CELL_BROADCASTS, mode = allow, callingUid = 1001, oldMode = allow
02-16 15:15:09.711   305   320 E keystore2: system/security/keystore2/src/error.rs:184 - system/security/keystore2/src/security_level.rs:680
02-16 15:15:09.711   305   320 E keystore2: 
02-16 15:15:09.711   305   320 E keystore2: Caused by:
02-16 15:15:09.711   305   320 E keystore2:     0: system/security/keystore2/src/security_level.rs:630: While generating Key Some("keystoreAlias") with remote provisioned attestation key and params: [KeyParameter { tag: r#KEY_SIZE, value: Integer(256) }, KeyParameter { tag: r#ALGORITHM, value: Algorithm(r#EC) }, KeyParameter { tag: r#EC_CURVE, value: EcCurve(r#P_256) }, KeyParameter { tag: r#PURPOSE, value: KeyPurpose(r#SIGN) }, KeyParameter { tag: r#PURPOSE, value: KeyPurpose(r#VERIFY) }, KeyParameter { tag: r#DIGEST, value: Digest(r#SHA_2_256) }, KeyParameter { tag: r#NO_AUTH_REQUIRED, value: BoolValue(true) }, KeyParameter { tag: r#CERTIFICATE_NOT_AFTER, value: DateTime(2461449600000) }, KeyParameter { tag: r#CERTIFICATE_NOT_BEFORE, value: DateTime(0) }, KeyParameter { tag: r#CERTIFICATE_SERIAL, value: Blob([1]) }, KeyParameter { tag: r#CERTIFICATE_SUBJECT, value: Blob([48, 31, 49, 29, 48, 27, 6, 3, 85, 4, 3, 19, 20, 65, 110, 100, 114, 111, 105, 100, 32, 75, 101, 121, 115, 116, 111, 114, 101, 32, 75, 101, 121]) }, KeyParameter { tag: r#ATTESTATION_CHALLENGE, value: Blob([99, 104, 97, 108, 108, 101, 110, 103, 101]) }, KeyParameter { tag: r#ATTESTATION_ID_BRAND, value: Blob([103, 111, 111, 103, 108, 101]) }, KeyParameter { tag: r#ATTESTATION_ID_DEVICE, value: Blob([101, 109, 117, 54, 52, 120, 97]) }, KeyParameter { tag: r#ATTESTATION_ID_PRODUCT, value: Blob([115, 100, 107, 95, 103, 112, 104, 111, 110, 101, 54, 52, 95, 120, 56, 54, 95, 54, 52]) }, KeyParameter { tag: r#ATTESTATION_ID_MANUFACTURER, value: Blob([71, 111, 111, 103, 108, 101]) }, KeyParameter { tag: r#ATTESTATION_ID_MODEL, value: Blob([115, 100, 107, 95, 103, 112, 104, 111, 110, 101, 54, 52, 95, 120, 56, 54, 95, 54, 52]) }, KeyParameter { tag: r#CREATION_DATETIME, value: DateTime(1771235109698) }, KeyParameter { tag: r#ATTESTATION_APPLICATION_ID, value: Blob([48, 67, 49, 29, 48, 27, 4, 19, 99, 111, 109, 46, 97, 110, 100, 114, 111, 105, 100, 46, 118, 101, 110, 100, 105, 110, 103, 2, 4, 5, 13, 214, 198, 49, 34, 4, 32, 240, 253, 108, 91, 65, 15, 37, 203, 37, 195, 181, 51, 70, 200, 151, 47, 174, 48, 248, 238, 116, 17, 223, 145, 4, 128, 173, 107, 45, 96, 219, 131]) }].
02-16 15:15:09.711   305   320 E keystore2:     1: system/security/keystore2/src/security_level.rs:964: upgrade_rkpd_keyblob_if_required_with(params=[])
02-16 15:15:09.711   305   320 E keystore2:     2: system/security/keystore2/src/utils.rs:492: Calling km_op.
02-16 15:15:09.711   305   320 E keystore2:     3: Error::Km(r#CANNOT_ATTEST_IDS)
02-16 15:15:09.777   792  1225 D BackgroundInstallControlService: Package event received: 0
02-16 15:15:09.777   792  1225 D BackgroundInstallControlService: Package event received: 0
02-16 15:15:09.889   305   320 E keystore2: system/security/keystore2/src/error.rs:184 - system/security/keystore2/src/security_level.rs:680
02-16 15:15:09.889   305   320 E keystore2: 
02-16 15:15:09.889   305   320 E keystore2: Caused by:
02-16 15:15:09.889   305   320 E keystore2:     0: system/security/keystore2/src/security_level.rs:630: While generating Key Some("keystoreAlias") with remote provisioned attestation key and params: [KeyParameter { tag: r#KEY_SIZE, value: Integer(256) }, KeyParameter { tag: r#ALGORITHM, value: Algorithm(r#EC) }, KeyParameter { tag: r#EC_CURVE, value: EcCurve(r#P_256) }, KeyParameter { tag: r#PURPOSE, value: KeyPurpose(r#SIGN) }, KeyParameter { tag: r#PURPOSE, value: KeyPurpose(r#VERIFY) }, KeyParameter { tag: r#DIGEST, value: Digest(r#SHA_2_256) }, KeyParameter { tag: r#NO_AUTH_REQUIRED, value: BoolValue(true) }, KeyParameter { tag: r#CERTIFICATE_NOT_AFTER, value: DateTime(2461449600000) }, KeyParameter { tag: r#CERTIFICATE_NOT_BEFORE, value: DateTime(0) }, KeyParameter { tag: r#CERTIFICATE_SERIAL, value: Blob([1]) }, KeyParameter { tag: r#CERTIFICATE_SUBJECT, value: Blob([48, 31, 49, 29, 48, 27, 6, 3, 85, 4, 3, 19, 20, 65, 110, 100, 114, 111, 105, 100, 32, 75, 101, 121, 115, 116, 111, 114, 101, 32, 75, 101, 121]) }, KeyParameter { tag: r#ATTESTATION_CHALLENGE, value: Blob([99, 104, 97, 108, 108, 101, 110, 103, 101]) }, KeyParameter { tag: r#ATTESTATION_ID_BRAND, value: Blob([103, 111, 111, 103, 108, 101]) }, KeyParameter { tag: r#ATTESTATION_ID_DEVICE, value: Blob([101, 109, 117, 54, 52, 120, 97]) }, KeyParameter { tag: r#ATTESTATION_ID_PRODUCT, value: Blob([115, 100, 107, 95, 103, 112, 104, 111, 110, 101, 54, 52, 95, 120, 56, 54, 95, 54, 52]) }, KeyParameter { tag: r#ATTESTATION_ID_MANUFACTURER, value: Blob([71, 111, 111, 103, 108, 101]) }, KeyParameter { tag: r#ATTESTATION_ID_MODEL, value: Blob([115, 100, 107, 95, 103, 112, 104, 111, 110, 101, 54, 52, 95, 120, 56, 54, 95, 54, 52]) }, KeyParameter { tag: r#CREATION_DATETIME, value: DateTime(1771235109874) }, KeyParameter { tag: r#ATTESTATION_APPLICATION_ID, value: Blob([48, 67, 49, 29, 48, 27, 4, 19, 99, 111, 109, 46, 97, 110, 100, 114, 111, 105, 100, 46, 118, 101, 110, 100, 105, 110, 103, 2, 4, 5, 13, 214, 198, 49, 34, 4, 32, 240, 253, 108, 91, 65, 15, 37, 203, 37, 195, 181, 51, 70, 200, 151, 47, 174, 48, 248, 238, 116, 17, 223, 145, 4, 128, 173, 107, 45, 96, 219, 131]) }].
02-16 15:15:09.889   305   320 E keystore2:     1: system/security/keystore2/src/security_level.rs:964: upgrade_rkpd_keyblob_if_required_with(params=[])
02-16 15:15:09.889   305   320 E keystore2:     2: system/security/keystore2/src/utils.rs:492: Calling km_op.
02-16 15:15:09.889   305   320 E keystore2:     3: Error::Km(r#CANNOT_ATTEST_IDS)
02-16 15:15:10.045   792  1225 D BackgroundInstallControlService: Package event received: 0
02-16 15:15:10.046   792  1225 D BackgroundInstallControlService: Package event received: 0
02-16 15:15:10.093   792   879 D BiometricService: canAuthenticate: User=0, Caller=0, Authenticators=32768
02-16 15:15:10.100   792   879 D BiometricService/PreAuthInfo: getCanAuthenticateInternal Modality: 1 AuthenticatorStatus: 9
02-16 15:15:10.100   792   879 D AuthService: canAuthenticate, userId: 0, callingUserId: 0, authenticators: 32768, result: 11
02-16 15:15:10.210   305   320 E keystore2: system/security/keystore2/src/error.rs:184 - system/security/keystore2/src/security_level.rs:680
02-16 15:15:10.210   305   320 E keystore2: 
02-16 15:15:10.210   305   320 E keystore2: Caused by:
02-16 15:15:10.210   305   320 E keystore2:     0: system/security/keystore2/src/security_level.rs:630: While generating Key Some("keystoreAlias") with remote provisioned attestation key and params: [KeyParameter { tag: r#KEY_SIZE, value: Integer(256) }, KeyParameter { tag: r#ALGORITHM, value: Algorithm(r#EC) }, KeyParameter { tag: r#EC_CURVE, value: EcCurve(r#P_256) }, KeyParameter { tag: r#PURPOSE, value: KeyPurpose(r#SIGN) }, KeyParameter { tag: r#PURPOSE, value: KeyPurpose(r#VERIFY) }, KeyParameter { tag: r#DIGEST, value: Digest(r#SHA_2_256) }, KeyParameter { tag: r#NO_AUTH_REQUIRED, value: BoolValue(true) }, KeyParameter { tag: r#CERTIFICATE_NOT_AFTER, value: DateTime(2461449600000) }, KeyParameter { tag: r#CERTIFICATE_NOT_BEFORE, value: DateTime(0) }, KeyParameter { tag: r#CERTIFICATE_SERIAL, value: Blob([1]) }, KeyParameter { tag: r#CERTIFICATE_SUBJECT, value: Blob([48, 31, 49, 29, 48, 27, 6, 3, 85, 4, 3, 19, 20, 65, 110, 100, 114, 111, 105, 100, 32, 75, 101, 121, 115, 116, 111, 114, 101, 32, 75, 101, 121]) }, KeyParameter { tag: r#ATTESTATION_CHALLENGE, value: Blob([99, 104, 97, 108, 108, 101, 110, 103, 101]) }, KeyParameter { tag: r#ATTESTATION_ID_BRAND, value: Blob([103, 111, 111, 103, 108, 101]) }, KeyParameter { tag: r#ATTESTATION_ID_DEVICE, value: Blob([101, 109, 117, 54, 52, 120, 97]) }, KeyParameter { tag: r#ATTESTATION_ID_PRODUCT, value: Blob([115, 100, 107, 95, 103, 112, 104, 111, 110, 101, 54, 52, 95, 120, 56, 54, 95, 54, 52]) }, KeyParameter { tag: r#ATTESTATION_ID_MANUFACTURER, value: Blob([71, 111, 111, 103, 108, 101]) }, KeyParameter { tag: r#ATTESTATION_ID_MODEL, value: Blob([115, 100, 107, 95, 103, 112, 104, 111, 110, 101, 54, 52, 95, 120, 56, 54, 95, 54, 52]) }, KeyParameter { tag: r#CREATION_DATETIME, value: DateTime(1771235110187) }, KeyParameter { tag: r#ATTESTATION_APPLICATION_ID, value: Blob([48, 67, 49, 29, 48, 27, 4, 19, 99, 111, 109, 46, 97, 110, 100, 114, 111, 105, 100, 46, 118, 101, 110, 100, 105, 110, 103, 2, 4, 5, 13, 214, 198, 49, 34, 4, 32, 240, 253, 108, 91, 65, 15, 37, 203, 37, 195, 181, 51, 70, 200, 151, 47, 174, 48, 248, 238, 116, 17, 223, 145, 4, 128, 173, 107, 45, 96, 219, 131]) }].
02-16 15:15:10.210   305   320 E keystore2:     1: system/security/keystore2/src/security_level.rs:964: upgrade_rkpd_keyblob_if_required_with(params=[])
02-16 15:15:10.210   305   320 E keystore2:     2: system/security/keystore2/src/utils.rs:492: Calling km_op.
02-16 15:15:10.210   305   320 E keystore2:     3: Error::Km(r#CANNOT_ATTEST_IDS)
02-16 15:15:10.345   792  2186 W ActivityManager: pid 1787 com.google.android.gms sent binder code 1 with flags 2 and got error -2147483646
02-16 15:15:10.345   792  2186 D ActivityManager: Too many transaction errors, throttling freezer binder callback.
02-16 15:15:10.387   792   923 V AccessibilityUserState: updateShortcutTargets: type:accessibility_shortcut_target_service, current:{}, new:{}
02-16 15:15:10.387   792   923 V AccessibilityUserState: updateShortcutTargets: type:accessibility_qs_targets, current:{}, new:{}
02-16 15:15:10.387   792   923 V AccessibilityUserState: updateShortcutTargets: type:accessibility_button_targets, current:{}, new:{}
02-16 15:15:10.387   792   923 V AccessibilityUserState: updateShortcutTargets: type:accessibility_gesture_targets, current:{}, new:{}
02-16 15:15:10.388   792   923 V AccessibilityUserState: updateShortcutTargets: type:accessibility_key_gesture_targets, current:{}, new:{}
02-16 15:15:10.473   792   923 V AccessibilityManagerService: onUserStateChangedLocked for userId: 0, forceUpdate: false
02-16 15:15:10.474   792   923 V AccessibilityUserState: updateShortcutTargets: type:accessibility_shortcut_target_service, current:{}, new:{}
02-16 15:15:10.474   792   923 V AccessibilityUserState: updateShortcutTargets: type:accessibility_button_targets, current:{}, new:{}
02-16 15:15:10.474   792   923 V AccessibilityUserState: updateShortcutTargets: type:accessibility_gesture_targets, current:{}, new:{}
02-16 15:15:10.474   792   923 V AccessibilityUserState: updateShortcutTargets: type:accessibility_qs_targets, current:{}, new:{}
02-16 15:15:10.474   792   923 V AccessibilityUserState: updateShortcutTargets: type:accessibility_key_gesture_targets, current:{}, new:{}
02-16 15:15:10.475   792   923 W MagnificationConnectionManager: requestConnection duplicated request: connect=false, mConnectionState=DISCONNECTED
02-16 15:15:10.569   792  1225 D BackgroundInstallControlService: Package event received: 0
02-16 15:15:10.780   792   808 W ActivityManager: Unable to start service Intent { act=grpc.io.action.BIND xflg=0x4 cmp=com.google.android.apps.stargate/.endpointservice.GrpcEndpointService } U=0: not found
02-16 15:15:10.817   792  1225 D BackgroundInstallControlService: Package event received: 0
02-16 15:15:10.825   792  2186 W ActivityManager: Unbind failed: could not find connection for android.os.BinderProxy@b39012a
02-16 15:15:10.997   792  1225 D BackgroundInstallControlService: Package event received: 0
02-16 15:15:11.011   792  1225 D BackgroundInstallControlService: Package event received: 0
02-16 15:15:11.011   792  1225 D BackgroundInstallControlService: Package event received: 0
02-16 15:15:11.011   792  1225 D BackgroundInstallControlService: Package event received: 0
02-16 15:15:11.011   792  1225 D BackgroundInstallControlService: Package event received: 0
02-16 15:15:11.012   792  1225 D BackgroundInstallControlService: Package event received: 0
02-16 15:15:11.012   792  1225 D BackgroundInstallControlService: Package event received: 0
02-16 15:15:11.012   792  1225 D BackgroundInstallControlService: Package event received: 0
02-16 15:15:11.012   792  1225 D BackgroundInstallControlService: Package event received: 0
02-16 15:15:11.015   792  1225 D BackgroundInstallControlService: Package event received: 0
02-16 15:15:11.044   792  1222 D ShortcutService: received package broadcast intent: Intent { act=android.intent.action.PACKAGE_CHANGED dat=package: flg=0x45000010 (has extras) }
02-16 15:15:11.044   792  1222 D ShortcutService: changing package: com.google.android.gms userId=0
02-16 15:15:11.080   792  1225 D BackgroundInstallControlService: Package event received: 0
02-16 15:15:11.257   792  1225 D BackgroundInstallControlService: Package event received: 0
02-16 15:15:11.258   792  1225 D BackgroundInstallControlService: Package event received: 0
02-16 15:15:11.617   792   923 V AccessibilityUserState: updateShortcutTargets: type:accessibility_shortcut_target_service, current:{}, new:{}
02-16 15:15:11.617   792   923 V AccessibilityUserState: updateShortcutTargets: type:accessibility_qs_targets, current:{}, new:{}
02-16 15:15:11.617   792   923 V AccessibilityUserState: updateShortcutTargets: type:accessibility_button_targets, current:{}, new:{}
02-16 15:15:11.617   792   923 V AccessibilityUserState: updateShortcutTargets: type:accessibility_gesture_targets, current:{}, new:{}
02-16 15:15:11.617   792   923 V AccessibilityUserState: updateShortcutTargets: type:accessibility_key_gesture_targets, current:{}, new:{}
02-16 15:15:11.618   792   923 V AccessibilityManagerService: onUserStateChangedLocked for userId: 0, forceUpdate: false
02-16 15:15:11.623   792   923 V AccessibilityUserState: updateShortcutTargets: type:accessibility_shortcut_target_service, current:{}, new:{}
02-16 15:15:11.623   792   923 V AccessibilityUserState: updateShortcutTargets: type:accessibility_button_targets, current:{}, new:{}
02-16 15:15:11.623   792   923 V AccessibilityUserState: updateShortcutTargets: type:accessibility_gesture_targets, current:{}, new:{}
02-16 15:15:11.625   792   923 V AccessibilityUserState: updateShortcutTargets: type:accessibility_qs_targets, current:{}, new:{}
02-16 15:15:11.625   792   923 V AccessibilityUserState: updateShortcutTargets: type:accessibility_key_gesture_targets, current:{}, new:{}
02-16 15:15:11.625   792   923 W MagnificationConnectionManager: requestConnection duplicated request: connect=false, mConnectionState=DISCONNECTED
02-16 15:15:11.901   792  1225 D BackgroundInstallControlService: Package event received: 0
02-16 15:15:11.908   792  1225 D BackgroundInstallControlService: Package event received: 0
02-16 15:15:11.910   792  1225 D BackgroundInstallControlService: Package event received: 0
02-16 15:15:11.911   792  1225 D BackgroundInstallControlService: Package event received: 0
02-16 15:15:12.199   792  1225 D BackgroundInstallControlService: Package event received: 0
02-16 15:15:12.208  1787  4704 D ActivityThread: Loading provider com.google.android.gms.reminders: com.google.android.gms.reminders.provider.RemindersProvider
02-16 15:15:12.241  1787  4544 V Configuration: Updating configuration, locales updated from [] to [en_US]
02-16 15:15:12.252  1787  4544 V Configuration: Updating configuration, locales updated from [] to [en_US]
02-16 15:15:12.265  1787  4544 V Configuration: Updating configuration, locales updated from [] to [en_US]
02-16 15:15:12.270  1787  4544 V Configuration: Updating configuration, locales updated from [] to [en_US]
02-16 15:15:12.276  1787  4544 V Configuration: Updating configuration, locales updated from [] to [en_US]
02-16 15:15:12.285  1787  4544 V Configuration: Updating configuration, locales updated from [] to [en_US]
02-16 15:15:12.292  1787  4544 V Configuration: Updating configuration, locales updated from [] to [en_US]
02-16 15:15:12.303  1787  4544 V Configuration: Updating configuration, locales updated from [] to [en_US]
02-16 15:15:12.321   792  1225 D BackgroundInstallControlService: Package event received: 0
02-16 15:15:12.337   792   850 I AppsFilter: interaction: PackageSetting{105fd70 com.android.microdroid.empty_payload/10217} -> PackageSetting{2a9d10f com.google.android.googlequicksearchbox/10158} BLOCKED
02-16 15:15:12.416   792   923 V AccessibilityUserState: updateShortcutTargets: type:accessibility_shortcut_target_service, current:{}, new:{}
02-16 15:15:12.432  1787  3031 W FileUtils: Failed to chmod(/data/user/0/com.google.android.gsf/files)
02-16 15:15:12.432  1787  3031 W FileUtils: android.system.ErrnoException: chmod failed: EACCES (Permission denied)
02-16 15:15:12.432  1787  3031 W FileUtils: 	at libcore.io.Linux.chmod(Native Method)
02-16 15:15:12.432  1787  3031 W FileUtils: 	at libcore.io.ForwardingOs.chmod(ForwardingOs.java:166)
02-16 15:15:12.432  1787  3031 W FileUtils: 	at libcore.io.BlockGuardOs.chmod(BlockGuardOs.java:83)
02-16 15:15:12.432  1787  3031 W FileUtils: 	at libcore.io.ForwardingOs.chmod(ForwardingOs.java:166)
02-16 15:15:12.432  1787  3031 W FileUtils: 	at android.system.Os.chmod(Os.java:119)
02-16 15:15:12.432  1787  3031 W FileUtils: 	at android.os.FileUtils.setPermissions(FileUtils.java:189)
02-16 15:15:12.432  1787  3031 W FileUtils: 	at android.app.ContextImpl.openFileOutput(ContextImpl.java:819)
02-16 15:15:12.432  1787  3031 W FileUtils: 	at avoc.a(:com.google.android.gms@253434038@25.34.34 (260800-800653487):1738)
02-16 15:15:12.432  1787  3031 W FileUtils: 	at avpm.a(:com.google.android.gms@253434038@25.34.34 (260800-800653487):834)
