02-16 15:16:23.378   792  1243 W AppOpService: Ignored setUidMode call for runtime permission app op: uid = 1001, code = READ_CELL_BROADCASTS, mode = allow, callingUid = 1001, oldMode = allow
02-16 15:16:23.393   792   850 D PackageInstallerSession: Marking session 405674535 as applied
02-16 15:16:23.454   792   792 I Telecom : CarModeTracker: Package com.android.vending is not tracked.: SSH.oR@AVA
02-16 15:16:23.457   792   792 I Telecom : InCallController: updateCarModeForConnections: car mode apps: : SSH.oR@AVA
02-16 15:16:23.461   792   824 W ActivityManager: Slow operation: 106ms so far, now at startProcess: returned from zygote!
02-16 15:16:23.461   792   792 I Telecom : InCallController: update carmode current:UserHandle{0} parent:null: SSH.oR@AVA
02-16 15:16:23.468   792   877 W BroadcastLoopers: Found previously unknown looper Thread[PackageInstaller,5,main]
02-16 15:16:23.482   792  1225 D BackgroundInstallControlService: Package event received: 0
02-16 15:16:23.487   792   824 W ActivityManager: Slow operation: 132ms so far, now at startProcess: done updating battery stats
02-16 15:16:23.487   792   824 W ActivityManager: Slow operation: 132ms so far, now at startProcess: building log message
02-16 15:16:23.487   792   824 I ActivityManager: Start proc 5268:com.android.keychain/1000 for service {com.android.keychain/com.android.keychain.KeyChainService}
02-16 15:16:23.487   792   824 W ActivityManager: Slow operation: 132ms so far, now at startProcess: starting to update pids map
02-16 15:16:23.491   792   824 W ActivityManager: Slow operation: 136ms so far, now at startProcess: done updating pids map
02-16 15:16:23.575   792  1225 D BackgroundInstallControlService: Package event received: 0
02-16 15:16:23.582   792   792 W Looper  : Slow dispatch took 100ms main app=system_server main=true group=FOREGROUND h=android.app.ActivityThread$H c=android.app.LoadedApk$ReceiverDispatcher$Args$$ExternalSyntheticLambda0@a014941 m=0
02-16 15:16:23.588  1455  1455 D ActivityThread: Package [com.android.vending] reported as REPLACED, but missing application info. Assuming REMOVED.
02-16 15:16:23.591  1455  1455 D ActivityThread: Package [com.android.vending] reported as REPLACED, but missing application info. Assuming REMOVED.
02-16 15:16:23.595   792   824 W ActivityManager: Slow operation: 52ms so far, now at startProcess: done updating battery stats
02-16 15:16:23.598   792   824 W ActivityManager: Slow operation: 55ms so far, now at startProcess: building log message
02-16 15:16:23.600   792   824 I ActivityManager: Start proc 5276:com.android.vending/u0a153 for broadcast {com.android.vending/com.google.android.finsky.packagemonitor.impl.PackageMonitorReceiverImpl$RegisteredReceiver}
02-16 15:16:23.600   792   824 W ActivityManager: Slow operation: 57ms so far, now at startProcess: starting to update pids map
02-16 15:16:23.603   792   824 W ActivityManager: Slow operation: 60ms so far, now at startProcess: done updating pids map
02-16 15:16:23.611   792   792 D AS.AudioService: received android.intent.action.PACKAGE_ADDED replacing: true archival: false for package com.android.vending with uid 10153
02-16 15:16:23.775   792   792 W Looper  : Slow dispatch took 118ms main app=system_server main=true group=FOREGROUND h=android.app.ActivityThread$H c=android.app.LoadedApk$ReceiverDispatcher$Args$$ExternalSyntheticLambda0@a2077fb m=0
02-16 15:16:23.776   792   792 D ActivityThread: Package [com.android.vending] reported as REPLACED, but missing application info. Assuming REMOVED.
02-16 15:16:23.842   792   792 D ActivityThread: Package [com.android.vending] reported as REPLACED, but missing application info. Assuming REMOVED.
02-16 15:16:23.891   792   792 D AS.AudioService: received android.intent.action.PACKAGE_REPLACED replacing: true archival: false for package com.android.vending with uid 10153
02-16 15:16:23.899   792   899 D ActivityManager: freezing 3855 com.google.android.settings.intelligence
02-16 15:16:23.913   792   792 W AlarmManager: Package com.android.vending, uid 10153 lost permission to set exact alarms!
02-16 15:16:23.914   792  2122 E AppOps  : attributionTag VCN not declared in manifest of android
02-16 15:16:23.946   792   792 W Looper  : Drained
02-16 15:16:24.041   792  2169 W ActivityManager: Slow operation: 52ms so far, now at finishAttachApplicationInner: after mServices.attachApplicationLocked
02-16 15:16:24.043   792  2169 W ActivityManager: Slow operation: 52ms so far, now at finishAttachApplicationInner: after dispatching broadcasts
02-16 15:16:24.435   792  1225 D BackgroundInstallControlService: Package event received: 0
02-16 15:16:24.482   792   824 I ActivityManager: Start proc 5322:com.android.vending:background/u0a153 for broadcast {com.android.vending/com.google.android.finsky.packagemonitor.backgroundimpl.BackgroundPackageMonitorReceiverImpl$RegisteredReceiver}
02-16 15:16:24.676   792  2169 D OomAdjuster: Not killing cached processes
02-16 15:16:24.761   792  1225 D BackgroundInstallControlService: Package event received: 0
02-16 15:16:24.931   792   824 I ActivityManager: Start proc 5423:com.android.vending:instant_app_installer/u0a153 for broadcast {com.android.vending/com.google.android.finsky.instantapps.PackageReplacedReceiver}
02-16 15:16:24.932  1787  3296 V Configuration: Updating configuration, locales updated from [] to [en_US]
02-16 15:16:25.579   792  1350 W JobScheduler: Job didn't exist in JobStore: e082c09 #u0a153/9115 com.android.vending/com.google.android.finsky.scheduler.process.mainimpl.PhoneskyJobServiceMain
02-16 15:16:25.781   792   899 D ActivityManager: freezing 3676 com.google.android.rkpdapp
02-16 15:16:26.201  1787  3296 V Configuration: Updating configuration, locales updated from [] to [en_US]
02-16 15:16:26.220  1787  3296 V Configuration: Updating configuration, locales updated from [] to [en_US]
02-16 15:16:26.225  1787  3296 V Configuration: Updating configuration, locales updated from [] to [en_US]
02-16 15:16:26.252  1787  3296 V Configuration: Updating configuration, locales updated from [] to [en_US]
02-16 15:16:26.267  1787  3296 V Configuration: Updating configuration, locales updated from [] to [en_US]
02-16 15:16:26.270  1787  3296 V Configuration: Updating configuration, locales updated from [] to [en_US]
02-16 15:16:26.281  1787  3296 V Configuration: Updating configuration, locales updated from [] to [en_US]
02-16 15:16:26.310  1787  3296 V Configuration: Updating configuration, locales updated from [] to [en_US]
02-16 15:16:26.340  1787  3296 V Configuration: Updating configuration, locales updated from [] to [en_US]
02-16 15:16:26.353  1787  3296 V Configuration: Updating configuration, locales updated from [] to [en_US]
02-16 15:16:26.361  1787  3296 V Configuration: Updating configuration, locales updated from [] to [en_US]
02-16 15:16:26.366  1787  3296 V Configuration: Updating configuration, locales updated from [] to [en_US]
02-16 15:16:26.398  5322  5513 E ActivityThread: Failed to find provider info for androidx.car.app.connection
02-16 15:16:26.411   792  1225 D BackgroundInstallControlService: Package event received: 0
02-16 15:16:26.425   792  1225 D BackgroundInstallControlService: Package event received: 0
02-16 15:16:26.425   792  1225 D BackgroundInstallControlService: Package event received: 0
02-16 15:16:26.505   792   923 V AccessibilityUserState: updateShortcutTargets: type:accessibility_shortcut_target_service, current:{}, new:{}
02-16 15:16:26.505   792   923 V AccessibilityUserState: updateShortcutTargets: type:accessibility_qs_targets, current:{}, new:{}
02-16 15:16:26.505   792   923 V AccessibilityUserState: updateShortcutTargets: type:accessibility_button_targets, current:{}, new:{}
02-16 15:16:26.505   792   923 V AccessibilityUserState: updateShortcutTargets: type:accessibility_gesture_targets, current:{}, new:{}
02-16 15:16:26.505   792   923 V AccessibilityUserState: updateShortcutTargets: type:accessibility_key_gesture_targets, current:{}, new:{}
02-16 15:16:26.506   792   923 V AccessibilityManagerService: onUserStateChangedLocked for userId: 0, forceUpdate: false
02-16 15:16:26.507   792   923 V AccessibilityUserState: updateShortcutTargets: type:accessibility_shortcut_target_service, current:{}, new:{}
02-16 15:16:26.507   792   923 V AccessibilityUserState: updateShortcutTargets: type:accessibility_button_targets, current:{}, new:{}
02-16 15:16:26.507   792   923 V AccessibilityUserState: updateShortcutTargets: type:accessibility_gesture_targets, current:{}, new:{}
02-16 15:16:26.507   792   923 V AccessibilityUserState: updateShortcutTargets: type:accessibility_qs_targets, current:{}, new:{}
02-16 15:16:26.507   792   923 V AccessibilityUserState: updateShortcutTargets: type:accessibility_key_gesture_targets, current:{}, new:{}
02-16 15:16:26.508   792   923 W MagnificationConnectionManager: requestConnection duplicated request: connect=false, mConnectionState=DISCONNECTED
02-16 15:16:26.544   792  1222 D ShortcutService: received package broadcast intent: Intent { act=android.intent.action.PACKAGE_CHANGED dat=package: flg=0x45000010 (has extras) }
02-16 15:16:26.544   792  1222 D ShortcutService: changing package: com.android.vending userId=0
02-16 15:16:26.585   792  1674 W AppOpService: Ignored setUidMode call for runtime permission app op: uid = 10154, code = READ_CELL_BROADCASTS, mode = allow, callingUid = 1001, oldMode = allow
02-16 15:16:26.613   792  1350 W AppOpService: Ignored setUidMode call for runtime permission app op: uid = 1001, code = READ_SMS, mode = allow, callingUid = 1001, oldMode = allow
02-16 15:16:26.641   792  1350 W AppOpService: Ignored setUidMode call for runtime permission app op: uid = 1001, code = RECEIVE_SMS, mode = allow, callingUid = 1001, oldMode = allow
02-16 15:16:26.652   792  2190 W AppOpService: Ignored setUidMode call for runtime permission app op: uid = 1001, code = RECEIVE_WAP_PUSH, mode = allow, callingUid = 1001, oldMode = allow
02-16 15:16:26.653   792  1243 W AppOpService: Ignored setUidMode call for runtime permission app op: uid = 1001, code = SEND_SMS, mode = allow, callingUid = 1001, oldMode = allow
02-16 15:16:26.654   792  1243 W AppOpService: Ignored setUidMode call for runtime permission app op: uid = 1001, code = READ_CELL_BROADCASTS, mode = allow, callingUid = 1001, oldMode = allow
02-16 15:16:26.694   792  1225 D BackgroundInstallControlService: Package event received: 0
02-16 15:16:26.718   792  2190 W AppOpService: Ignored setUidMode call for runtime permission app op: uid = 10154, code = READ_CELL_BROADCASTS, mode = allow, callingUid = 1001, oldMode = allow
02-16 15:16:26.746   792  2190 W AppOpService: Ignored setUidMode call for runtime permission app op: uid = 1001, code = READ_SMS, mode = allow, callingUid = 1001, oldMode = allow
02-16 15:16:26.757   792  2190 W AppOpService: Ignored setUidMode call for runtime permission app op: uid = 1001, code = RECEIVE_SMS, mode = allow, callingUid = 1001, oldMode = allow
02-16 15:16:26.759   792  2190 W AppOpService: Ignored setUidMode call for runtime permission app op: uid = 1001, code = RECEIVE_WAP_PUSH, mode = allow, callingUid = 1001, oldMode = allow
02-16 15:16:26.760   792  2190 W AppOpService: Ignored setUidMode call for runtime permission app op: uid = 1001, code = SEND_SMS, mode = allow, callingUid = 1001, oldMode = allow
02-16 15:16:26.768   792  2190 W AppOpService: Ignored setUidMode call for runtime permission app op: uid = 1001, code = READ_CELL_BROADCASTS, mode = allow, callingUid = 1001, oldMode = allow
02-16 15:16:26.881   792  1225 D BackgroundInstallControlService: Package event received: 0
02-16 15:16:26.892   792  1225 D BackgroundInstallControlService: Package event received: 0
02-16 15:16:26.894   792  1225 D BackgroundInstallControlService: Package event received: 0
02-16 15:16:26.977   792  1225 D BackgroundInstallControlService: Package event received: 0
02-16 15:16:26.985   792  1225 D BackgroundInstallControlService: Package event received: 0
02-16 15:16:26.985   792  1225 D BackgroundInstallControlService: Package event received: 0
02-16 15:16:26.986   792  1225 D BackgroundInstallControlService: Package event received: 0
02-16 15:16:27.127  1787  5161 V Configuration: Updating configuration, locales updated from [] to [en_US]
02-16 15:16:27.136  1787  5161 V Configuration: Updating configuration, locales updated from [] to [en_US]
02-16 15:16:27.140  1787  5161 V Configuration: Updating configuration, locales updated from [] to [en_US]
02-16 15:16:27.158  1787  5161 V Configuration: Updating configuration, locales updated from [] to [en_US]
02-16 15:16:27.168  1787  5161 V Configuration: Updating configuration, locales updated from [] to [en_US]
02-16 15:16:27.173  1787  5161 V Configuration: Updating configuration, locales updated from [] to [en_US]
02-16 15:16:27.183  1787  5161 V Configuration: Updating configuration, locales updated from [] to [en_US]
02-16 15:16:27.198  1787  5161 V Configuration: Updating configuration, locales updated from [] to [en_US]
02-16 15:16:27.202   792  1225 D BackgroundInstallControlService: Package event received: 0
02-16 15:16:27.207  1787  5161 V Configuration: Updating configuration, locales updated from [] to [en_US]
02-16 15:16:27.210  1787  5161 V Configuration: Updating configuration, locales updated from [] to [en_US]
02-16 15:16:27.215  1787  5161 V Configuration: Updating configuration, locales updated from [] to [en_US]
02-16 15:16:27.217  1787  5161 V Configuration: Updating configuration, locales updated from [] to [en_US]
02-16 15:16:27.639   792  1225 D BackgroundInstallControlService: Package event received: 0
02-16 15:16:27.860   792  1225 D BackgroundInstallControlService: Package event received: 0
02-16 15:16:27.864   792  1225 D BackgroundInstallControlService: Package event received: 0
02-16 15:16:27.864   792  1225 D BackgroundInstallControlService: Package event received: 0
02-16 15:16:27.949  1787  4656 V Configuration: Updating configuration, locales updated from [] to [en_US]
02-16 15:16:28.108  1787  4656 V Configuration: Updating configuration, locales updated from [] to [en_US]
02-16 15:16:28.215  1787  4656 V Configuration: Updating configuration, locales updated from [] to [en_US]
02-16 15:16:28.222  1787  4656 V Configuration: Updating configuration, locales updated from [] to [en_US]
02-16 15:16:28.229  1787  4656 V Configuration: Updating configuration, locales updated from [] to [en_US]
02-16 15:16:28.281  1787  4656 V Configuration: Updating configuration, locales updated from [] to [en_US]
02-16 15:16:28.288   792   891 D ActivityManager: sync unfroze 3837 com.google.android.partnersetup for 6
02-16 15:16:28.430  3837  3837 D ActivityThread: Package [com.android.vending] reported as REPLACED, but missing application info. Assuming REMOVED.
02-16 15:16:28.437  3837  3837 D ActivityThread: Package [com.android.vending] reported as REPLACED, but missing application info. Assuming REMOVED.
02-16 15:16:28.459  1787  4656 V Configuration: Updating configuration, locales updated from [] to [en_US]
02-16 15:16:28.461   792  1674 W ProcessStats: Tracking association SourceState{acb8ddd system/1000 ImpBg #7606} whose proc state 6 is better than process ProcessState{c093aa0 com.google.android.partnersetup/10152 pkg=com.google.android.partnersetup} proc state 14 (303 skipped)
02-16 15:16:28.477  1787  4656 V Configuration: Updating configuration, locales updated from [] to [en_US]
02-16 15:16:28.491  1787  4656 V Configuration: Updating configuration, locales updated from [] to [en_US]
02-16 15:16:28.526  1787  4656 V Configuration: Updating configuration, locales updated from [] to [en_US]
02-16 15:16:28.552  1787  4656 V Configuration: Updating configuration, locales updated from [] to [en_US]
02-16 15:16:28.563  1787  4656 V Configuration: Updating configuration, locales updated from [] to [en_US]
02-16 15:16:28.580  1787  4656 V Configuration: Updating configuration, locales updated from [] to [en_US]
02-16 15:16:28.593  1787  4656 V Configuration: Updating configuration, locales updated from [] to [en_US]
02-16 15:16:28.693  1787  4656 V Configuration: Updating configuration, locales updated from [] to [en_US]
02-16 15:16:28.770   792  1225 D BackgroundInstallControlService: Package event received: 0
02-16 15:16:29.142   792  1225 D BackgroundInstallControlService: Package event received: 0
02-16 15:16:29.398   792   822 W ActivityManager: pid 792 system sent binder code 2 with flags 1 and got error -32
02-16 15:16:29.463   792   822 W ActivityManager: pid 792 system sent binder code 2 with flags 1 and got error -32
02-16 15:16:29.463   792   822 D ActivityManager: Too many transaction errors, throttling freezer binder callback.
02-16 15:16:29.681   792   823 D OomAdjuster: Not killing cached processes
02-16 15:16:29.748   792   822 W ActivityManager: pid 792 system sent binder code 2 with flags 1 and got error -32
02-16 15:16:29.749   792   822 D ActivityManager: Too many transaction errors, throttling freezer binder callback.
02-16 15:16:29.754   792   823 D ActivityManager: sync unfroze 3808 com.android.chrome for 3
02-16 15:16:29.757  3808  3808 D ActivityThread: Package [com.android.vending] reported as REPLACED, but missing application info. Assuming REMOVED.
02-16 15:16:29.759  3808  3808 D ActivityThread: Package [com.android.vending] reported as REPLACED, but missing application info. Assuming REMOVED.
02-16 15:16:29.976   792   824 I ActivityManager: Start proc 5552:com.android.vending:quick_launch/u0a153 for service {com.android.vending/com.google.frameworks.client.data.android.server.play.QuickLaunchProcessEndpointService}
02-16 15:16:30.344   792   878 W ActivityManager: Unable to start service Intent { xflg=0x4 pkg=com.google.android.play.games cmp=com.google.android.play.games/com.google.android.apps.play.games.lib.dekuloguploadservice.DekuLogUploadService } U=0: not found
02-16 15:16:30.354   792  2173 W ActivityManager: Unbind failed: could not find connection for android.os.BinderProxy@1661230
02-16 15:16:30.957   792  1225 D BackgroundInstallControlService: Package event received: 0
02-16 15:16:31.005   792  1225 D BackgroundInstallControlService: Package event received: 0
02-16 15:16:31.360  5276  5592 E ActivityThread: Failed to find provider info for androidx.car.app.connection
02-16 15:16:32.849  1787  5314 V Configuration: Updating configuration, locales updated from [] to [en_US]
02-16 15:16:32.860  1787  5314 V Configuration: Updating configuration, locales updated from [] to [en_US]
02-16 15:16:32.863  1787  5314 V Configuration: Updating configuration, locales updated from [] to [en_US]
02-16 15:16:32.865  1787  5314 V Configuration: Updating configuration, locales updated from [] to [en_US]
02-16 15:16:32.869  1787  5314 V Configuration: Updating configuration, locales updated from [] to [en_US]
02-16 15:16:32.871  1787  5314 V Configuration: Updating configuration, locales updated from [] to [en_US]
02-16 15:16:32.873  1787  5314 V Configuration: Updating configuration, locales updated from [] to [en_US]
02-16 15:16:32.876  1787  5314 V Configuration: Updating configuration, locales updated from [] to [en_US]
02-16 15:16:32.879  1787  5314 V Configuration: Updating configuration, locales updated from [] to [en_US]
02-16 15:16:32.883  1787  5314 V Configuration: Updating configuration, locales updated from [] to [en_US]
02-16 15:16:32.900  1787  5314 V Configuration: Updating configuration, locales updated from [] to [en_US]
02-16 15:16:32.907  1787  5314 V Configuration: Updating configuration, locales updated from [] to [en_US]
02-16 15:16:32.916  1787  5314 V Configuration: Updating configuration, locales updated from [] to [en_US]
02-16 15:16:32.920  1787  5314 V Configuration: Updating configuration, locales updated from [] to [en_US]
02-16 15:16:33.132  1787  1825 V Configuration: Updating configuration, locales updated from [] to [en_US]
02-16 15:16:33.136  1787  1825 V Configuration: Updating configuration, locales updated from [] to [en_US]
02-16 15:16:33.141  1787  1825 V Configuration: Updating configuration, locales updated from [] to [en_US]
02-16 15:16:33.185  1787  1825 V Configuration: Updating configuration, locales updated from [] to [en_US]
02-16 15:16:33.199  1787  1825 V Configuration: Updating configuration, locales updated from [] to [en_US]
02-16 15:16:33.213  1787  1825 V Configuration: Updating configuration, locales updated from [] to [en_US]
02-16 15:16:33.259  1787  1825 V Configuration: Updating configuration, locales updated from [] to [en_US]
02-16 15:16:33.264  1787  1825 V Configuration: Updating configuration, locales updated from [] to [en_US]
02-16 15:16:33.273  1787  1825 V Configuration: Updating configuration, locales updated from [] to [en_US]
02-16 15:16:33.288  1787  1825 V Configuration: Updating configuration, locales updated from [] to [en_US]
02-16 15:16:33.326  1787  1825 V Configuration: Updating configuration, locales updated from [] to [en_US]
02-16 15:16:33.330  1787  1825 V Configuration: Updating configuration, locales updated from [] to [en_US]
02-16 15:16:33.331  1787  1825 V Configuration: Updating configuration, locales updated from [] to [en_US]
02-16 15:16:33.339  1787  1825 V Configuration: Updating configuration, locales updated from [] to [en_US]
02-16 15:16:33.759   792  1225 D BackgroundInstallControlService: Package event received: 0
02-16 15:16:34.221   792  1225 D BackgroundInstallControlService: Package event received: 0
02-16 15:16:34.302   305  5227 I keystore2: system/security/keystore2/watchdog/src/lib.rs:371 - Watchdog thread idle -> terminating. Have a great day.
02-16 15:16:34.451   792  1222 D ShortcutService: received package broadcast intent: Intent { act=android.intent.action.PACKAGE_CHANGED dat=package: flg=0x5000010 (has extras) }
02-16 15:16:34.451   792  1222 D ShortcutService: changing package: com.android.vending userId=0
02-16 15:16:34.645   792   891 D ActivityManager: sync unfroze 2137 android.process.media for 6
02-16 15:16:34.658   792  1243 W AppOpService: Ignored setUidMode call for runtime permission app op: uid = 10154, code = READ_CELL_BROADCASTS, mode = allow, callingUid = 1001, oldMode = allow
02-16 15:16:34.659   792  1225 D BackgroundInstallControlService: Package event received: 0
02-16 15:16:34.659  2137  2137 D ActivityThread: Package [com.android.vending] reported as REPLACED, but missing application info. Assuming REMOVED.
02-16 15:16:34.662  2137  2137 D ActivityThread: Package [com.android.vending] reported as REPLACED, but missing application info. Assuming REMOVED.
02-16 15:16:34.728   792  1765 D OomAdjuster: Not killing cached processes
02-16 15:16:34.796   792  2122 W AppOpService: Ignored setUidMode call for runtime permission app op: uid = 1001, code = READ_SMS, mode = allow, callingUid = 1001, oldMode = allow
02-16 15:16:34.811   792  2186 W AppOpService: Ignored setUidMode call for runtime permission app op: uid = 1001, code = RECEIVE_SMS, mode = allow, callingUid = 1001, oldMode = allow
02-16 15:16:34.815   792  2186 W AppOpService: Ignored setUidMode call for runtime permission app op: uid = 1001, code = RECEIVE_WAP_PUSH, mode = allow, callingUid = 1001, oldMode = allow
02-16 15:16:34.820   792  2175 W AppOpService: Ignored setUidMode call for runtime permission app op: uid = 1001, code = SEND_SMS, mode = allow, callingUid = 1001, oldMode = allow
02-16 15:16:34.824   792  2175 W AppOpService: Ignored setUidMode call for runtime permission app op: uid = 1001, code = READ_CELL_BROADCASTS, mode = allow, callingUid = 1001, oldMode = allow
02-16 15:16:35.033   792  1765 W AppOpService: Ignored setUidMode call for runtime permission app op: uid = 10154, code = READ_CELL_BROADCASTS, mode = allow, callingUid = 1001, oldMode = allow
02-16 15:16:35.045   792  2104 W AppOpService: Ignored setUidMode call for runtime permission app op: uid = 1001, code = READ_SMS, mode = allow, callingUid = 1001, oldMode = allow
02-16 15:16:35.050   792  2104 W AppOpService: Ignored setUidMode call for runtime permission app op: uid = 1001, code = RECEIVE_SMS, mode = allow, callingUid = 1001, oldMode = allow
02-16 15:16:35.052   792  2169 W AppOpService: Ignored setUidMode call for runtime permission app op: uid = 1001, code = RECEIVE_WAP_PUSH, mode = allow, callingUid = 1001, oldMode = allow
02-16 15:16:35.052   792  2190 W AppOpService: Ignored setUidMode call for runtime permission app op: uid = 1001, code = SEND_SMS, mode = allow, callingUid = 1001, oldMode = allow
02-16 15:16:35.053   792  2104 W AppOpService: Ignored setUidMode call for runtime permission app op: uid = 1001, code = READ_CELL_BROADCASTS, mode = allow, callingUid = 1001, oldMode = allow
02-16 15:16:35.262   792  1225 D BackgroundInstallControlService: Package event received: 0
02-16 15:16:35.324   792   923 V AccessibilityUserState: updateShortcutTargets: type:accessibility_shortcut_target_service, current:{}, new:{}
02-16 15:16:35.324   792   923 V AccessibilityUserState: updateShortcutTargets: type:accessibility_qs_targets, current:{}, new:{}
02-16 15:16:35.324   792   923 V AccessibilityUserState: updateShortcutTargets: type:accessibility_button_targets, current:{}, new:{}
02-16 15:16:35.324   792   923 V AccessibilityUserState: updateShortcutTargets: type:accessibility_gesture_targets, current:{}, new:{}
02-16 15:16:35.324   792   923 V AccessibilityUserState: updateShortcutTargets: type:accessibility_key_gesture_targets, current:{}, new:{}
02-16 15:16:35.324   792   923 V AccessibilityManagerService: onUserStateChangedLocked for userId: 0, forceUpdate: false
02-16 15:16:35.325   792   923 V AccessibilityUserState: updateShortcutTargets: type:accessibility_shortcut_target_service, current:{}, new:{}
02-16 15:16:35.325   792   923 V AccessibilityUserState: updateShortcutTargets: type:accessibility_button_targets, current:{}, new:{}
02-16 15:16:35.325   792   923 V AccessibilityUserState: updateShortcutTargets: type:accessibility_gesture_targets, current:{}, new:{}
02-16 15:16:35.325   792   923 V AccessibilityUserState: updateShortcutTargets: type:accessibility_qs_targets, current:{}, new:{}
02-16 15:16:35.325   792   923 V AccessibilityUserState: updateShortcutTargets: type:accessibility_key_gesture_targets, current:{}, new:{}
02-16 15:16:35.326   792   923 W MagnificationConnectionManager: requestConnection duplicated request: connect=false, mConnectionState=DISCONNECTED
02-16 15:16:35.550   792  1225 D BackgroundInstallControlService: Package event received: 0
02-16 15:16:35.550   792  1225 D BackgroundInstallControlService: Package event received: 0
02-16 15:16:35.550   792  1225 D BackgroundInstallControlService: Package event received: 0
02-16 15:16:35.550   792  1225 D BackgroundInstallControlService: Package event received: 0
02-16 15:16:35.625  1787  5247 V Configuration: Updating configuration, locales updated from [] to [en_US]
02-16 15:16:36.032   792   823 D ActivityManager: sync unfroze 3556 com.google.android.configupdater for 3
02-16 15:16:36.037  3556  3556 D ActivityThread: Package [com.android.vending] reported as REPLACED, but missing application info. Assuming REMOVED.
02-16 15:16:36.040  3556  3556 D ActivityThread: Package [com.android.vending] reported as REPLACED, but missing application info. Assuming REMOVED.
02-16 15:16:36.484  1787  5247 V Configuration: Updating configuration, locales updated from [] to [en_US]
02-16 15:16:36.497   792  1225 D BackgroundInstallControlService: Package event received: 0
02-16 15:16:36.519  1787  5247 V Configuration: Updating configuration, locales updated from [] to [en_US]
02-16 15:16:36.528  1787  5247 V Configuration: Updating configuration, locales updated from [] to [en_US]
02-16 15:16:36.531  1787  5247 V Configuration: Updating configuration, locales updated from [] to [en_US]
02-16 15:16:36.533  1787  5247 V Configuration: Updating configuration, locales updated from [] to [en_US]
02-16 15:16:36.536  1787  5247 V Configuration: Updating configuration, locales updated from [] to [en_US]
02-16 15:16:36.538  1787  5247 V Configuration: Updating configuration, locales updated from [] to [en_US]
02-16 15:16:36.547  1787  5247 V Configuration: Updating configuration, locales updated from [] to [en_US]
02-16 15:16:36.567  1787  5247 V Configuration: Updating configuration, locales updated from [] to [en_US]
02-16 15:16:36.584  1787  5247 V Configuration: Updating configuration, locales updated from [] to [en_US]
02-16 15:16:36.590  1787  5247 V Configuration: Updating configuration, locales updated from [] to [en_US]
02-16 15:16:36.592  1787  5247 V Configuration: Updating configuration, locales updated from [] to [en_US]
02-16 15:16:36.613  1787  5247 V Configuration: Updating configuration, locales updated from [] to [en_US]
02-16 15:16:36.616  1787  5247 V Configuration: Updating configuration, locales updated from [] to [en_US]
02-16 15:16:36.620  1787  5247 V Configuration: Updating configuration, locales updated from [] to [en_US]
02-16 15:16:37.532   792  1225 D BackgroundInstallControlService: Package event received: 0
02-16 15:16:37.548   792  2122 D ActivityManager: sync unfroze 3676 com.google.android.rkpdapp for 6
02-16 15:16:37.553   792  1225 D BackgroundInstallControlService: Package event received: 0
02-16 15:16:38.321   792  1225 D BackgroundInstallControlService: Package event received: 0
02-16 15:16:38.387   792  1222 D ShortcutService: received package broadcast intent: Intent { act=android.intent.action.PACKAGE_CHANGED dat=package: flg=0x45000010 (has extras) }
02-16 15:16:38.387   792  1222 D ShortcutService: changing package: com.google.android.gms userId=0
02-16 15:16:38.571   792  2190 W AppOpService: Ignored setUidMode call for runtime permission app op: uid = 10154, code = READ_CELL_BROADCASTS, mode = allow, callingUid = 1001, oldMode = allow
02-16 15:16:38.616   792  2104 W AppOpService: Ignored setUidMode call for runtime permission app op: uid = 1001, code = READ_SMS, mode = allow, callingUid = 1001, oldMode = allow
02-16 15:16:38.621   792  2190 W AppOpService: Ignored setUidMode call for runtime permission app op: uid = 1001, code = RECEIVE_SMS, mode = allow, callingUid = 1001, oldMode = allow
02-16 15:16:38.623   792  2104 W AppOpService: Ignored setUidMode call for runtime permission app op: uid = 1001, code = RECEIVE_WAP_PUSH, mode = allow, callingUid = 1001, oldMode = allow
02-16 15:16:38.624   792  2104 W AppOpService: Ignored setUidMode call for runtime permission app op: uid = 1001, code = SEND_SMS, mode = allow, callingUid = 1001, oldMode = allow
02-16 15:16:38.624   792  2104 W AppOpService: Ignored setUidMode call for runtime permission app op: uid = 1001, code = READ_CELL_BROADCASTS, mode = allow, callingUid = 1001, oldMode = allow
02-16 15:16:38.787   792   923 V AccessibilityUserState: updateShortcutTargets: type:accessibility_shortcut_target_service, current:{}, new:{}
02-16 15:16:38.787   792   923 V AccessibilityUserState: updateShortcutTargets: type:accessibility_qs_targets, current:{}, new:{}
02-16 15:16:38.787   792   923 V AccessibilityUserState: updateShortcutTargets: type:accessibility_button_targets, current:{}, new:{}
02-16 15:16:38.787   792   923 V AccessibilityUserState: updateShortcutTargets: type:accessibility_gesture_targets, current:{}, new:{}
02-16 15:16:38.787   792   923 V AccessibilityUserState: updateShortcutTargets: type:accessibility_key_gesture_targets, current:{}, new:{}
02-16 15:16:38.787   792   923 V AccessibilityManagerService: onUserStateChangedLocked for userId: 0, forceUpdate: false
02-16 15:16:38.800   792   923 V AccessibilityUserState: updateShortcutTargets: type:accessibility_shortcut_target_service, current:{}, new:{}
02-16 15:16:38.802   792   923 V AccessibilityUserState: updateShortcutTargets: type:accessibility_button_targets, current:{}, new:{}
02-16 15:16:38.802   792   923 V AccessibilityUserState: updateShortcutTargets: type:accessibility_gesture_targets, current:{}, new:{}
02-16 15:16:38.802   792   923 V AccessibilityUserState: updateShortcutTargets: type:accessibility_qs_targets, current:{}, new:{}
02-16 15:16:38.802   792   923 V AccessibilityUserState: updateShortcutTargets: type:accessibility_key_gesture_targets, current:{}, new:{}
02-16 15:16:38.803   792   923 W MagnificationConnectionManager: requestConnection duplicated request: connect=false, mConnectionState=DISCONNECTED
02-16 15:16:38.867   792  2172 W AppOpService: Ignored setUidMode call for runtime permission app op: uid = 10154, code = READ_CELL_BROADCASTS, mode = allow, callingUid = 1001, oldMode = allow
02-16 15:16:38.887   792  2104 W AppOpService: Ignored setUidMode call for runtime permission app op: uid = 1001, code = READ_SMS, mode = allow, callingUid = 1001, oldMode = allow
02-16 15:16:38.893   792  2172 W AppOpService: Ignored setUidMode call for runtime permission app op: uid = 1001, code = RECEIVE_SMS, mode = allow, callingUid = 1001, oldMode = allow
02-16 15:16:38.912   792  2167 W AppOpService: Ignored setUidMode call for runtime permission app op: uid = 1001, code = RECEIVE_WAP_PUSH, mode = allow, callingUid = 1001, oldMode = allow
02-16 15:16:38.918   792  2172 W AppOpService: Ignored setUidMode call for runtime permission app op: uid = 1001, code = SEND_SMS, mode = allow, callingUid = 1001, oldMode = allow
02-16 15:16:38.921   792  2172 W AppOpService: Ignored setUidMode call for runtime permission app op: uid = 1001, code = READ_CELL_BROADCASTS, mode = allow, callingUid = 1001, oldMode = allow
02-16 15:16:39.280   792  1225 D BackgroundInstallControlService: Package event received: 0
02-16 15:16:39.298   792  1225 D BackgroundInstallControlService: Package event received: 0
02-16 15:16:39.299   792  1225 D BackgroundInstallControlService: Package event received: 0
02-16 15:16:39.306   792  1225 D BackgroundInstallControlService: Package event received: 0
02-16 15:16:39.725   792  1675 D OomAdjuster: Not killing cached processes
02-16 15:16:40.037   792   923 V AccessibilityUserState: updateShortcutTargets: type:accessibility_shortcut_target_service, current:{}, new:{}
02-16 15:16:40.037   792   923 V AccessibilityUserState: updateShortcutTargets: type:accessibility_qs_targets, current:{}, new:{}
02-16 15:16:40.038   792   923 V AccessibilityUserState: updateShortcutTargets: type:accessibility_button_targets, current:{}, new:{}
02-16 15:16:40.038   792   923 V AccessibilityUserState: updateShortcutTargets: type:accessibility_gesture_targets, current:{}, new:{}
02-16 15:16:40.039   792   923 V AccessibilityUserState: updateShortcutTargets: type:accessibility_key_gesture_targets, current:{}, new:{}
02-16 15:16:40.039   792   923 V AccessibilityManagerService: onUserStateChangedLocked for userId: 0, forceUpdate: false
02-16 15:16:40.040   792   923 V AccessibilityUserState: updateShortcutTargets: type:accessibility_shortcut_target_service, current:{}, new:{}
02-16 15:16:40.040   792   923 V AccessibilityUserState: updateShortcutTargets: type:accessibility_button_targets, current:{}, new:{}
02-16 15:16:40.040   792   923 V AccessibilityUserState: updateShortcutTargets: type:accessibility_gesture_targets, current:{}, new:{}
02-16 15:16:40.040   792   923 V AccessibilityUserState: updateShortcutTargets: type:accessibility_qs_targets, current:{}, new:{}
02-16 15:16:40.040   792   923 V AccessibilityUserState: updateShortcutTargets: type:accessibility_key_gesture_targets, current:{}, new:{}
02-16 15:16:40.040   792   923 W MagnificationConnectionManager: requestConnection duplicated request: connect=false, mConnectionState=DISCONNECTED
02-16 15:16:40.099   792  1222 D ShortcutService: received package broadcast intent: Intent { act=android.intent.action.PACKAGE_CHANGED dat=package: flg=0x45000010 (has extras) }
02-16 15:16:40.099   792  1222 D ShortcutService: changing package: com.google.android.gms userId=0
02-16 15:16:40.117   792  2175 W AppOpService: Ignored setUidMode call for runtime permission app op: uid = 10154, code = READ_CELL_BROADCASTS, mode = allow, callingUid = 1001, oldMode = allow
02-16 15:16:40.145   792  2104 W AppOpService: Ignored setUidMode call for runtime permission app op: uid = 1001, code = READ_SMS, mode = allow, callingUid = 1001, oldMode = allow
02-16 15:16:40.147   792  2104 W AppOpService: Ignored setUidMode call for runtime permission app op: uid = 1001, code = RECEIVE_SMS, mode = allow, callingUid = 1001, oldMode = allow
02-16 15:16:40.159   792  2172 W AppOpService: Ignored setUidMode call for runtime permission app op: uid = 1001, code = RECEIVE_WAP_PUSH, mode = allow, callingUid = 1001, oldMode = allow
02-16 15:16:40.160   792  2104 W AppOpService: Ignored setUidMode call for runtime permission app op: uid = 1001, code = SEND_SMS, mode = allow, callingUid = 1001, oldMode = allow
02-16 15:16:40.160   792  2104 W AppOpService: Ignored setUidMode call for runtime permission app op: uid = 1001, code = READ_CELL_BROADCASTS, mode = allow, callingUid = 1001, oldMode = allow
02-16 15:16:40.314   792  2175 W AppOpService: Ignored setUidMode call for runtime permission app op: uid = 10154, code = READ_CELL_BROADCASTS, mode = allow, callingUid = 1001, oldMode = allow
02-16 15:16:40.340   792  2122 W AppOpService: Ignored setUidMode call for runtime permission app op: uid = 1001, code = READ_SMS, mode = allow, callingUid = 1001, oldMode = allow
02-16 15:16:40.351   792  2186 W AppOpService: Ignored setUidMode call for runtime permission app op: uid = 1001, code = RECEIVE_SMS, mode = allow, callingUid = 1001, oldMode = allow
02-16 15:16:40.352   792  2169 W AppOpService: Ignored setUidMode call for runtime permission app op: uid = 1001, code = RECEIVE_WAP_PUSH, mode = allow, callingUid = 1001, oldMode = allow
02-16 15:16:40.354   792  2169 W AppOpService: Ignored setUidMode call for runtime permission app op: uid = 1001, code = SEND_SMS, mode = allow, callingUid = 1001, oldMode = allow
02-16 15:16:40.358   792  2186 W AppOpService: Ignored setUidMode call for runtime permission app op: uid = 1001, code = READ_CELL_BROADCASTS, mode = allow, callingUid = 1001, oldMode = allow
02-16 15:16:42.131   792  1225 D BackgroundInstallControlService: Package event received: 0
02-16 15:16:42.557   792  1225 D BackgroundInstallControlService: Package event received: 0
02-16 15:16:42.801   792  2122 W JobScheduler: Job didn't exist in JobStore: f212608 #u0a143/1 com.google.android.configupdater/.MainJobService
02-16 15:16:42.883  1787  5247 V Configuration: Updating configuration, locales updated from [] to [en_US]
02-16 15:16:43.092  1787  5247 V Configuration: Updating configuration, locales updated from [] to [en_US]
02-16 15:16:43.099  1787  5247 V Configuration: Updating configuration, locales updated from [] to [en_US]
02-16 15:16:43.111  1787  5247 V Configuration: Updating configuration, locales updated from [] to [en_US]
02-16 15:16:43.121  1787  5247 V Configuration: Updating configuration, locales updated from [] to [en_US]
02-16 15:16:43.133  1787  5247 V Configuration: Updating configuration, locales updated from [] to [en_US]
02-16 15:16:43.145  1787  5247 V Configuration: Updating configuration, locales updated from [] to [en_US]
02-16 15:16:43.155  1787  5247 V Configuration: Updating configuration, locales updated from [] to [en_US]
02-16 15:16:43.173  1787  5247 V Configuration: Updating configuration, locales updated from [] to [en_US]
02-16 15:16:43.185  1787  5247 V Configuration: Updating configuration, locales updated from [] to [en_US]
02-16 15:16:43.200  1787  5247 V Configuration: Updating configuration, locales updated from [] to [en_US]
02-16 15:16:43.217  1787  5247 V Configuration: Updating configuration, locales updated from [] to [en_US]
02-16 15:16:43.226  1787  5247 V Configuration: Updating configuration, locales updated from [] to [en_US]
02-16 15:16:43.231  1787  5247 V Configuration: Updating configuration, locales updated from [] to [en_US]
02-16 15:16:43.244  1787  5247 V Configuration: Updating configuration, locales updated from [] to [en_US]
02-16 15:16:44.096   792  1225 D BackgroundInstallControlService: Package event received: 0
02-16 15:16:44.181  1787  5206 V Configuration: Updating configuration, locales updated from [] to [en_US]
02-16 15:16:44.339  1787  5206 V Configuration: Updating configuration, locales updated from [] to [en_US]
02-16 15:16:44.347  1787  5206 V Configuration: Updating configuration, locales updated from [] to [en_US]
02-16 15:16:44.352  1787  5206 V Configuration: Updating configuration, locales updated from [] to [en_US]
02-16 15:16:44.364  1787  5206 V Configuration: Updating configuration, locales updated from [] to [en_US]
02-16 15:16:44.367  1787  5206 V Configuration: Updating configuration, locales updated from [] to [en_US]
02-16 15:16:44.376  1787  5206 V Configuration: Updating configuration, locales updated from [] to [en_US]
02-16 15:16:44.387  1787  5206 V Configuration: Updating configuration, locales updated from [] to [en_US]
02-16 15:16:44.391  1787  5206 V Configuration: Updating configuration, locales updated from [] to [en_US]
02-16 15:16:44.405  1787  5206 V Configuration: Updating configuration, locales updated from [] to [en_US]
02-16 15:16:44.419  1787  5206 V Configuration: Updating configuration, locales updated from [] to [en_US]
02-16 15:16:44.420  1787  5206 V Configuration: Updating configuration, locales updated from [] to [en_US]
02-16 15:16:44.421  1787  5206 V Configuration: Updating configuration, locales updated from [] to [en_US]
02-16 15:16:44.427  1787  5206 V Configuration: Updating configuration, locales updated from [] to [en_US]
02-16 15:16:44.431  1787  5206 V Configuration: Updating configuration, locales updated from [] to [en_US]
02-16 15:16:44.434  1787  5206 V Configuration: Updating configuration, locales updated from [] to [en_US]
02-16 15:16:44.439  1787  5206 V Configuration: Updating configuration, locales updated from [] to [en_US]
02-16 15:16:44.747   792   823 D OomAdjuster: Not killing cached processes
02-16 15:16:45.416   792   899 D ActivityManager: freezing 3808 com.android.chrome
02-16 15:16:46.333   792   899 D ActivityManager: freezing 3837 com.google.android.partnersetup
02-16 15:16:47.666   792   899 D ActivityManager: freezing 3676 com.google.android.rkpdapp
02-16 15:16:49.009   792   891 D ActivityManager: sync unfroze 3855 com.google.android.settings.intelligence for 6
02-16 15:16:49.080   792  2172 W SliceManagerService: Slice content://0@android.settings.slices/action/airplane_mode not pinned
02-16 15:16:49.101   792  2172 W ProcessStats: Tracking association SourceState{5feb471 system/1000 ImpBg #8607} whose proc state 6 is better than process ProcessState{4ebc230 com.google.android.settings.intelligence/10157 pkg=com.google.android.settings.intelligence} proc state 14 (4 skipped)
02-16 15:16:49.410   792  1225 D BackgroundInstallControlService: Package event received: 0
02-16 15:16:49.487   792  2187 I AppsFilter: interaction: PackageSetting{105fd70 com.android.microdroid.empty_payload/10217} -> PackageSetting{a787542 com.google.android.settings.intelligence/10157} BLOCKED
02-16 15:16:49.497   792   850 E ActivityManager: Unable to freeze binder for 3855: -11
02-16 15:16:49.507   792   850 I ActivityManager: Killing 3855:com.google.android.settings.intelligence/u0a157 (adj 250): change com.google.android.settings.intelligence
02-16 15:16:49.533   792   850 W ActivityManager: Scheduling restart of crashed service com.google.android.settings.intelligence/androidx.work.impl.background.systemjob.SystemJobService in 1000ms for connection
02-16 15:16:49.533   792   850 W ActivityManager: Scheduling restart of crashed service com.google.android.settings.intelligence/.modules.routines.impl.RoutinesJobIntentService in 10995ms for connection
02-16 15:16:49.575   792   822 W ActivityManager: Rescheduling restart of crashed service com.google.android.settings.intelligence/androidx.work.impl.background.systemjob.SystemJobService in 29956ms for mem-pressure-event
02-16 15:16:49.575   792   822 W ActivityManager: Rescheduling restart of crashed service com.google.android.settings.intelligence/.modules.routines.impl.RoutinesJobIntentService in 69956ms for mem-pressure-event
02-16 15:16:49.606   792   923 V AccessibilityUserState: updateShortcutTargets: type:accessibility_shortcut_target_service, current:{}, new:{}
02-16 15:16:49.607   792   923 V AccessibilityUserState: updateShortcutTargets: type:accessibility_qs_targets, current:{}, new:{}
02-16 15:16:49.607   792   923 V AccessibilityUserState: updateShortcutTargets: type:accessibility_button_targets, current:{}, new:{}
02-16 15:16:49.607   792   923 V AccessibilityUserState: updateShortcutTargets: type:accessibility_gesture_targets, current:{}, new:{}
02-16 15:16:49.607   792   923 V AccessibilityUserState: updateShortcutTargets: type:accessibility_key_gesture_targets, current:{}, new:{}
02-16 15:16:49.609   792  1206 D AppWidgetServiceImpl: Trying to notify widget providers changed
02-16 15:16:49.610   792   923 V AccessibilityManagerService: onUserStateChangedLocked for userId: 0, forceUpdate: false
02-16 15:16:49.612   792   923 V AccessibilityUserState: updateShortcutTargets: type:accessibility_shortcut_target_service, current:{}, new:{}
02-16 15:16:49.612   792   923 V AccessibilityUserState: updateShortcutTargets: type:accessibility_button_targets, current:{}, new:{}
02-16 15:16:49.612   792   923 V AccessibilityUserState: updateShortcutTargets: type:accessibility_gesture_targets, current:{}, new:{}
02-16 15:16:49.612   792   923 V AccessibilityUserState: updateShortcutTargets: type:accessibility_qs_targets, current:{}, new:{}
02-16 15:16:49.612   792   923 V AccessibilityUserState: updateShortcutTargets: type:accessibility_key_gesture_targets, current:{}, new:{}
02-16 15:16:49.612   792   923 W MagnificationConnectionManager: requestConnection duplicated request: connect=false, mConnectionState=DISCONNECTED
02-16 15:16:49.691   792  1222 D ShortcutService: received package broadcast intent: Intent { act=android.intent.action.PACKAGE_CHANGED dat=package: flg=0x45000010 (has extras) }
02-16 15:16:49.691   792  1222 D ShortcutService: changing package: com.google.android.settings.intelligence userId=0
02-16 15:16:49.747   792   878 W AppOpService: Ignored setUidMode call for runtime permission app op: uid = 10154, code = READ_CELL_BROADCASTS, mode = allow, callingUid = 1001, oldMode = allow
02-16 15:16:49.796   792  2187 I MR2ServiceImpl: getDeviceSuggestionsWithManagerLocked | manager: 1
02-16 15:16:49.796   792  2187 W MR2ServiceImpl: Router record not found for the target package: com.android.settings
02-16 15:16:49.805   792  2187 W AppOpService: Ignored setUidMode call for runtime permission app op: uid = 1001, code = READ_SMS, mode = allow, callingUid = 1001, oldMode = allow
02-16 15:16:49.808   792  1675 W AppOpService: Ignored setUidMode call for runtime permission app op: uid = 1001, code = RECEIVE_SMS, mode = allow, callingUid = 1001, oldMode = allow
02-16 15:16:49.809   792  1675 W AppOpService: Ignored setUidMode call for runtime permission app op: uid = 1001, code = RECEIVE_WAP_PUSH, mode = allow, callingUid = 1001, oldMode = allow
02-16 15:16:49.814   792  2190 W AppOpService: Ignored setUidMode call for runtime permission app op: uid = 1001, code = SEND_SMS, mode = allow, callingUid = 1001, oldMode = allow
02-16 15:16:49.827   792  2190 W AppOpService: Ignored setUidMode call for runtime permission app op: uid = 1001, code = READ_CELL_BROADCASTS, mode = allow, callingUid = 1001, oldMode = allow
02-16 15:16:49.831   792  2187 D OomAdjuster: Not killing cached processes
02-16 15:16:49.902   792   822 W ActivityManager: Rescheduling restart of crashed service com.google.android.settings.intelligence/androidx.work.impl.background.systemjob.SystemJobService in 627ms for mem-pressure-event
02-16 15:16:49.902   792   822 W ActivityManager: Rescheduling restart of crashed service com.google.android.settings.intelligence/.modules.routines.impl.RoutinesJobIntentService in 10627ms for mem-pressure-event
02-16 15:16:49.903   792  2078 V ActivityManager: Got obituary of 3855:com.google.android.settings.intelligence
02-16 15:16:49.913   792  1675 I MR2ServiceImpl: getDeviceSuggestionsWithManagerLocked | manager: 1
02-16 15:16:49.913   792  1675 W MR2ServiceImpl: Router record not found for the target package: com.android.settings
02-16 15:16:49.980   792  2167 W AppOpService: Ignored setUidMode call for runtime permission app op: uid = 10154, code = READ_CELL_BROADCASTS, mode = allow, callingUid = 1001, oldMode = allow
02-16 15:16:49.998   792  2167 W AppOpService: Ignored setUidMode call for runtime permission app op: uid = 1001, code = READ_SMS, mode = allow, callingUid = 1001, oldMode = allow
02-16 15:16:50.001   792  2167 W AppOpService: Ignored setUidMode call for runtime permission app op: uid = 1001, code = RECEIVE_SMS, mode = allow, callingUid = 1001, oldMode = allow
02-16 15:16:50.005   792  2167 W AppOpService: Ignored setUidMode call for runtime permission app op: uid = 1001, code = RECEIVE_WAP_PUSH, mode = allow, callingUid = 1001, oldMode = allow
02-16 15:16:50.010   792  2187 W AppOpService: Ignored setUidMode call for runtime permission app op: uid = 1001, code = SEND_SMS, mode = allow, callingUid = 1001, oldMode = allow
02-16 15:16:50.013   792  2167 W AppOpService: Ignored setUidMode call for runtime permission app op: uid = 1001, code = READ_CELL_BROADCASTS, mode = allow, callingUid = 1001, oldMode = allow
02-16 15:16:50.116   792  1225 D BackgroundInstallControlService: Package event received: 0
02-16 15:16:50.126   792  2187 D CompatChangeReporter: Compat change id reported: 151861875; UID 10157; state: ENABLED
